Autosar/Mcal/Mcu/src/Clock_Ip_IntOsc.c:181:13:Clock_Ip_InternalOscillatorEmpty	8	static
Autosar/Mcal/Mcu/src/Clock_Ip_IntOsc.c:186:13:Clock_Ip_InternalOscillatorEmpty_Disable	8	static
Autosar/Mcal/Mcu/src/Clock_Ip_IntOsc.c:276:13:Clock_Ip_SetSirc	16	static
Autosar/Mcal/Mcu/src/Clock_Ip_IntOsc.c:289:13:Clock_Ip_EnableSirc	16	static
Autosar/Mcal/Mcu/src/Clock_Ip_IntOsc.c:302:13:Clock_Ip_DisableSirc	16	static
Autosar/Mcal/Mcu/src/Clock_Ip_IntOsc.c:315:13:Clock_Ip_SetSircVlp	16	static
Autosar/Mcal/Mcu/src/Clock_Ip_IntOsc.c:328:13:Clock_Ip_EnableSircVlp	16	static
Autosar/Mcal/Mcu/src/Clock_Ip_IntOsc.c:341:13:Clock_Ip_DisableSircVlp	16	static
Autosar/Mcal/Mcu/src/Clock_Ip_IntOsc.c:354:13:Clock_Ip_SetSircStop	16	static
Autosar/Mcal/Mcu/src/Clock_Ip_IntOsc.c:367:13:Clock_Ip_EnableSircStop	16	static
Autosar/Mcal/Mcu/src/Clock_Ip_IntOsc.c:380:13:Clock_Ip_DisableSircStop	16	static
Autosar/Mcal/Mcu/src/Clock_Ip_IntOsc.c:395:13:SetInputSouceSytemClock	40	static
Autosar/Mcal/Mcu/src/Clock_Ip_IntOsc.c:423:13:Clock_Ip_SetFirc	16	static
Autosar/Mcal/Mcu/src/Clock_Ip_IntOsc.c:436:13:Clock_Ip_EnableFirc	16	static
Autosar/Mcal/Mcu/src/Clock_Ip_IntOsc.c:449:13:Clock_Ip_DisableFirc	16	static
Autosar/Mcal/Mcu/src/Clock_Ip_IntOsc.c:467:6:Clock_Ip_SetSirc_TrustedCall	48	static
Autosar/Mcal/Mcu/src/Clock_Ip_IntOsc.c:528:6:Clock_Ip_EnableSirc_TrustedCall	40	static
Autosar/Mcal/Mcu/src/Clock_Ip_IntOsc.c:557:6:Clock_Ip_DisableSirc_TrustedCall	8	static
Autosar/Mcal/Mcu/src/Clock_Ip_IntOsc.c:570:6:Clock_Ip_SetSircVlp_TrustedCall	8	static
Autosar/Mcal/Mcu/src/Clock_Ip_IntOsc.c:580:6:Clock_Ip_EnableSircVlp_TrustedCall	8	static
Autosar/Mcal/Mcu/src/Clock_Ip_IntOsc.c:588:6:Clock_Ip_DisableSircVlp_TrustedCall	8	static
Autosar/Mcal/Mcu/src/Clock_Ip_IntOsc.c:598:6:Clock_Ip_SetSircStop_TrustedCall	8	static
Autosar/Mcal/Mcu/src/Clock_Ip_IntOsc.c:610:6:Clock_Ip_EnableSircStop_TrustedCall	8	static
Autosar/Mcal/Mcu/src/Clock_Ip_IntOsc.c:618:6:Clock_Ip_DisableSircStop_TrustedCall	8	static
Autosar/Mcal/Mcu/src/Clock_Ip_IntOsc.c:628:6:Clock_Ip_SetFirc_TrustedCall	48	static
Autosar/Mcal/Mcu/src/Clock_Ip_IntOsc.c:729:6:Clock_Ip_EnableFirc_TrustedCall	40	static
Autosar/Mcal/Mcu/src/Clock_Ip_IntOsc.c:758:6:Clock_Ip_DisableFirc_TrustedCall	8	static
