Autosar/Mcal/Mcu/src/Clock_Ip_Divider.c:244:13:Clock_Ip_Callback_DividerEmpty	8	static
Autosar/Mcal/Mcu/src/Clock_Ip_Divider.c:251:13:Clock_Ip_SetScgAsyncDiv1	16	static
Autosar/Mcal/Mcu/src/Clock_Ip_Divider.c:267:13:Clock_Ip_SetScgAsyncDiv2	16	static
Autosar/Mcal/Mcu/src/Clock_Ip_Divider.c:283:13:Clock_Ip_SetScgRunDivcore	16	static
Autosar/Mcal/Mcu/src/Clock_Ip_Divider.c:299:13:Clock_Ip_SetScgRunDivbus	16	static
Autosar/Mcal/Mcu/src/Clock_Ip_Divider.c:315:13:Clock_Ip_SetScgRunDivslow	16	static
Autosar/Mcal/Mcu/src/Clock_Ip_Divider.c:331:13:Clock_Ip_SetScgVlprDivcore	16	static
Autosar/Mcal/Mcu/src/Clock_Ip_Divider.c:347:13:Clock_Ip_SetScgVlprDivbus	16	static
Autosar/Mcal/Mcu/src/Clock_Ip_Divider.c:363:13:Clock_Ip_SetScgVlprDivslow	16	static
Autosar/Mcal/Mcu/src/Clock_Ip_Divider.c:379:13:Clock_Ip_SetScgHsrunDivcore	16	static
Autosar/Mcal/Mcu/src/Clock_Ip_Divider.c:395:13:Clock_Ip_SetScgHsrunDivbus	16	static
Autosar/Mcal/Mcu/src/Clock_Ip_Divider.c:411:13:Clock_Ip_SetScgHsrunDivslow	16	static
Autosar/Mcal/Mcu/src/Clock_Ip_Divider.c:427:13:Clock_Ip_SetSimClkoutDiv	16	static
Autosar/Mcal/Mcu/src/Clock_Ip_Divider.c:443:13:Clock_Ip_SetPccPcdDivFrac	16	static
Autosar/Mcal/Mcu/src/Clock_Ip_Divider.c:459:13:Clock_Ip_SetSimTraceDivMul	16	static
Autosar/Mcal/Mcu/src/Clock_Ip_Divider.c:480:6:Clock_Ip_SetScgAsyncDiv1_TrustedCall	24	static
Autosar/Mcal/Mcu/src/Clock_Ip_Divider.c:495:6:Clock_Ip_SetScgAsyncDiv2_TrustedCall	24	static
Autosar/Mcal/Mcu/src/Clock_Ip_Divider.c:510:6:Clock_Ip_SetScgRunDivcore_TrustedCall	16	static
Autosar/Mcal/Mcu/src/Clock_Ip_Divider.c:523:6:Clock_Ip_SetScgRunDivbus_TrustedCall	16	static
Autosar/Mcal/Mcu/src/Clock_Ip_Divider.c:536:6:Clock_Ip_SetScgRunDivslow_TrustedCall	16	static
Autosar/Mcal/Mcu/src/Clock_Ip_Divider.c:549:6:Clock_Ip_SetScgVlprDivcore_TrustedCall	16	static
Autosar/Mcal/Mcu/src/Clock_Ip_Divider.c:562:6:Clock_Ip_SetScgVlprDivbus_TrustedCall	16	static
Autosar/Mcal/Mcu/src/Clock_Ip_Divider.c:575:6:Clock_Ip_SetScgVlprDivslow_TrustedCall	16	static
Autosar/Mcal/Mcu/src/Clock_Ip_Divider.c:588:6:Clock_Ip_SetScgHsrunDivcore_TrustedCall	16	static
Autosar/Mcal/Mcu/src/Clock_Ip_Divider.c:601:6:Clock_Ip_SetScgHsrunDivbus_TrustedCall	16	static
Autosar/Mcal/Mcu/src/Clock_Ip_Divider.c:614:6:Clock_Ip_SetScgHsrunDivslow_TrustedCall	16	static
Autosar/Mcal/Mcu/src/Clock_Ip_Divider.c:627:6:Clock_Ip_SetSimClkoutDiv_TrustedCall	16	static
Autosar/Mcal/Mcu/src/Clock_Ip_Divider.c:639:6:Clock_Ip_SetPccPcdDivFrac_TrustedCall	16	static
Autosar/Mcal/Mcu/src/Clock_Ip_Divider.c:652:6:Clock_Ip_SetSimTraceDivMul_TrustedCall	16	static
