Autosar/Mcal/Platform/startup/src/sys_init.c:121:6:sys_enableAllInterrupts	0	static
Autosar/Mcal/Platform/startup/src/sys_init.c:131:6:sys_disableAllInterrupts	0	static
Autosar/Mcal/Platform/startup/src/sys_init.c:141:6:sys_disableIsrSource	16	static
Autosar/Mcal/Platform/startup/src/sys_init.c:151:6:sys_enableIsrSource	16	static
Autosar/Mcal/Platform/startup/src/sys_init.c:162:6:sys_registerIsrHandler	8	static
Autosar/Mcal/Platform/startup/src/sys_init.c:184:16:sys_init	0	static
Autosar/Mcal/Platform/startup/src/sys_init.c:389:6:sys_halt	0	static
Autosar/Mcal/Platform/startup/src/sys_init.c:401:6:sys_stop	0	static
Autosar/Mcal/Platform/startup/src/sys_init.c:406:7:EUnit_GetCoreID	8	static
