Autosar/Mcal/Mcu/src/Mcu.c:625:6:Mcu_Init	24	static
Autosar/Mcal/Mcu/src/Mcu.c:729:16:Mcu_InitRamSection	16	static
Autosar/Mcal/Mcu/src/Mcu.c:787:16:Mcu_InitClock	24	static
Autosar/Mcal/Mcu/src/Mcu.c:840:6:Mcu_SetMode	24	static
Autosar/Mcal/Mcu/src/Mcu.c:951:19:Mcu_GetPllStatus	8	static
Autosar/Mcal/Mcu/src/Mcu.c:991:15:Mcu_GetResetReason	16	static
Autosar/Mcal/Mcu/src/Mcu.c:1028:18:Mcu_GetResetRawValue	16	static
Autosar/Mcal/Mcu/src/Mcu.c:1248:6:Mcu_SleepOnExit	16	static
Autosar/Mcal/Mcu/src/Mcu.c:1312:6:Mcu_ClkSrcFailureNotification	8	static
