Autosar/Mcal/Adc/include/Pdb_Adc_Ip_HwAccess.h:76:20:Pdb_Adc_HwAcc_SetAdcPretriggerMask	16	static
Autosar/Mcal/Adc/include/Pdb_Adc_Ip_HwAccess.h:92:20:Pdb_Adc_HwAcc_DisablePdb	8	static
Autosar/Mcal/Adc/include/Pdb_Adc_Ip_HwAccess.h:98:20:Pdb_Adc_HwAcc_SetContinuousMode	8	static
Autosar/Mcal/Adc/include/Pdb_Adc_Ip_HwAccess.h:112:20:Pdb_Adc_HwAcc_ConfigAdcPretriggers	24	static
Autosar/Mcal/Adc/include/Pdb_Adc_Ip_HwAccess.h:125:20:Pdb_Adc_HwAcc_ClearAdcPretriggerFlags	8	static
Autosar/Mcal/Adc/src/Pdb_Adc_Ip.c:251:6:Pdb_Adc_Ip_Init	32	static
Autosar/Mcal/Adc/src/Pdb_Adc_Ip.c:329:6:Pdb_Adc_Ip_DeInit	96	static
Autosar/Mcal/Adc/src/Pdb_Adc_Ip.c:384:6:Pdb_Adc_Ip_Enable	24	static
Autosar/Mcal/Adc/src/Pdb_Adc_Ip.c:404:6:Pdb_Adc_Ip_Disable	24	static
Autosar/Mcal/Adc/src/Pdb_Adc_Ip.c:424:6:Pdb_Adc_Ip_SetTriggerInput	24	static
Autosar/Mcal/Adc/src/Pdb_Adc_Ip.c:449:6:Pdb_Adc_Ip_SetContinuousMode	24	static
Autosar/Mcal/Adc/src/Pdb_Adc_Ip.c:472:6:Pdb_Adc_Ip_SwTrigger	24	static
Autosar/Mcal/Adc/src/Pdb_Adc_Ip.c:492:8:Pdb_Adc_Ip_GetTimerValue	16	static
Autosar/Mcal/Adc/src/Pdb_Adc_Ip.c:523:6:Pdb_Adc_Ip_LoadRegValues	24	static
Autosar/Mcal/Adc/src/Pdb_Adc_Ip.c:554:6:Pdb_Adc_Ip_SetModulus	24	static
Autosar/Mcal/Adc/src/Pdb_Adc_Ip.c:580:6:Pdb_Adc_Ip_ConfigAdcPretriggers	32	static
Autosar/Mcal/Adc/src/Pdb_Adc_Ip.c:603:8:Pdb_Adc_Ip_GetAdcPretriggerFlags	16	static
Autosar/Mcal/Adc/src/Pdb_Adc_Ip.c:628:6:Pdb_Adc_Ip_ClearAdcPretriggerFlags	24	static
Autosar/Mcal/Adc/src/Pdb_Adc_Ip.c:653:6:Pdb_Adc_Ip_SetAdcPretriggerBackToBack	24	static
Autosar/Mcal/Adc/src/Pdb_Adc_Ip.c:681:6:Pdb_Adc_Ip_SetAdcPretriggerEnable	24	static
Autosar/Mcal/Adc/src/Pdb_Adc_Ip.c:709:6:Pdb_Adc_Ip_SetAdcPretriggerDelayEnable	24	static
Autosar/Mcal/Adc/src/Pdb_Adc_Ip.c:740:6:Pdb_Adc_Ip_SetAdcPretriggerDelayValue	24	static
Autosar/Mcal/Adc/src/Pdb_Adc_Ip.c:764:6:Pdb_Adc_Ip_DisableAndClearPdb	32	static
Autosar/Mcal/Adc/src/Pdb_Adc_Ip.c:792:6:Pdb_Adc_Ip_IRQHandler	32	static
Autosar/Mcal/Adc/src/Pdb_Adc_Ip.c:837:20:PDB_ADC_ResetChannel	24	static
