Autosar/CanIf/src/CanIf.c:107:6:CanIf_Init	8	static
Autosar/CanIf/src/CanIf.c:118:16:CanIf_Transmit	48	static
Autosar/CanIf/src/CanIf.c:176:6:CanIf_TxConfirmation	24	static
Autosar/CanIf/src/CanIf.c:200:6:CanIf_RxIndication	40	static
Autosar/CanIf/src/CanIf.c:243:6:CanIf_ControllerModeIndication	8	static
Autosar/CanIf/src/CanIf.c:252:6:CanIf_ControllerBusOff	8	static
Autosar/CanIf/src/CanIf.c:260:16:CanIf_SetControllerMode	8	static
Autosar/CanIf/src/CanIf.c:265:6:CanIf_DisableControllerInterrupts	8	static
Autosar/CanIf/src/CanIf.c:269:6:CanIf_EnableControllerInterrupts	8	static
Autosar/CanIf/src/CanIf.c:273:16:CanIf_GetControllerErrorState	8	static
Autosar/CanIf/src/CanIf.c:278:16:CanIf_GetControllerMode	8	static
Autosar/CanIf/src/CanIf.c:283:16:CanIf_GetControllerRxErrorCounter	8	static
Autosar/CanIf/src/CanIf.c:288:16:CanIf_GetControllerTxErrorCounter	8	static
