Autosar/Mcal/Mcu/src/Clock_Ip_Pll.c:155:13:Clock_Ip_CallbackPllEmpty	8	static
Autosar/Mcal/Mcu/src/Clock_Ip_Pll.c:160:37:Clock_Ip_CallbackPllEmptyComplete	8	static
Autosar/Mcal/Mcu/src/Clock_Ip_Pll.c:166:13:Clock_Ip_CallbackPllEmptyDisable	8	static
Autosar/Mcal/Mcu/src/Clock_Ip_Pll.c:174:13:Clock_Ip_ResetSpll	16	static
Autosar/Mcal/Mcu/src/Clock_Ip_Pll.c:187:13:Clock_Ip_SetSpll	16	static
Autosar/Mcal/Mcu/src/Clock_Ip_Pll.c:200:37:Clock_Ip_CompleteSpll	40	static
Autosar/Mcal/Mcu/src/Clock_Ip_Pll.c:239:13:Clock_Ip_DisableSpll	16	static
Autosar/Mcal/Mcu/src/Clock_Ip_Pll.c:249:13:Clock_Ip_EnableSpll	16	static
Autosar/Mcal/Mcu/src/Clock_Ip_Pll.c:269:6:Clock_Ip_ResetSpll_TrustedCall	8	static
Autosar/Mcal/Mcu/src/Clock_Ip_Pll.c:294:6:Clock_Ip_SetSpll_TrustedCall	8	static
Autosar/Mcal/Mcu/src/Clock_Ip_Pll.c:349:6:Clock_Ip_DisableSpll_TrustedCall	8	static
Autosar/Mcal/Mcu/src/Clock_Ip_Pll.c:361:6:Clock_Ip_EnableSpll_TrustedCall	8	static
