Autosar/Mcal/Adc/include/Adc_Ip_HwAccess.h:76:20:Adc_HwAcc_SetSC2Reg	24	static
Autosar/Mcal/Adc/include/Adc_Ip_HwAccess.h:87:20:Adc_HwAcc_SetClock	24	static
Autosar/Mcal/Adc/include/Adc_Ip_HwAccess.h:99:35:Adc_HwAcc_GetClockDivide	16	static
Autosar/Mcal/Adc/include/Adc_Ip_HwAccess.h:124:36:Adc_HwAcc_GetInputClock	16	static
Autosar/Mcal/Adc/include/Adc_Ip_HwAccess.h:149:20:Adc_HwAcc_SetSampleTime	16	static
Autosar/Mcal/Adc/include/Adc_Ip_HwAccess.h:161:20:Adc_HwAcc_SetAveraging	24	static
Autosar/Mcal/Adc/include/Adc_Ip_HwAccess.h:173:36:Adc_HwAcc_GetAverageSelect	16	static
Autosar/Mcal/Adc/include/Adc_Ip_HwAccess.h:198:20:Adc_HwAcc_SetTriggerMode	16	static
Autosar/Mcal/Adc/include/Adc_Ip_HwAccess.h:208:31:Adc_HwAcc_GetTriggerMode	16	static
Autosar/Mcal/Adc/include/Adc_Ip_HwAccess.h:219:20:Adc_HwAcc_SetChannel	24	static
Autosar/Mcal/Adc/include/Adc_Ip_HwAccess.h:232:20:Adc_HwAcc_SetUserGainAndOffset	8	static
Autosar/Mcal/Adc/include/Adc_Ip_HwAccess.h:253:23:Adc_HwAcc_GetAIEN	8	static
Autosar/Mcal/Adc/include/Adc_Ip_HwAccess.h:260:23:Adc_HwAcc_GetCOCO	8	static
Autosar/Mcal/Adc/include/Adc_Ip_HwAccess.h:266:22:Adc_HwAcc_GetData	16	static
Autosar/Mcal/Adc/src/Adc_Ip.c:250:20:ADC_DoCalibration_SetParams	24	static
Autosar/Mcal/Adc/src/Adc_Ip.c:283:6:Adc_Ip_Init	32	static
Autosar/Mcal/Adc/src/Adc_Ip.c:372:6:Adc_Ip_DeInit	272	static
Autosar/Mcal/Adc/src/Adc_Ip.c:442:6:Adc_Ip_SetAveraging	32	static
Autosar/Mcal/Adc/src/Adc_Ip.c:464:6:Adc_Ip_SetSampleTime	24	static
Autosar/Mcal/Adc/src/Adc_Ip.c:485:6:Adc_Ip_EnableDma	24	static
Autosar/Mcal/Adc/src/Adc_Ip.c:505:6:Adc_Ip_DisableDma	24	static
Autosar/Mcal/Adc/src/Adc_Ip.c:525:6:Adc_Ip_SetTriggerMode	24	static
Autosar/Mcal/Adc/src/Adc_Ip.c:547:6:Adc_Ip_SetContinuousMode	24	static
Autosar/Mcal/Adc/src/Adc_Ip.c:571:6:Adc_Ip_SetResolution	24	static
Autosar/Mcal/Adc/src/Adc_Ip.c:595:6:Adc_Ip_SetClockMode	24	static
Autosar/Mcal/Adc/src/Adc_Ip.c:633:6:Adc_Ip_ConfigChannel	24	static
Autosar/Mcal/Adc/src/Adc_Ip.c:686:19:Adc_Ip_SetDisabledChannel	40	static
Autosar/Mcal/Adc/src/Adc_Ip.c:733:6:Adc_Ip_StartConversion	32	static
Autosar/Mcal/Adc/src/Adc_Ip.c:761:9:Adc_Ip_GetConvActiveFlag	16	static
Autosar/Mcal/Adc/src/Adc_Ip.c:784:9:Adc_Ip_GetChanInterrupt	24	static
Autosar/Mcal/Adc/src/Adc_Ip.c:806:9:Adc_Ip_GetConvCompleteFlag	24	static
Autosar/Mcal/Adc/src/Adc_Ip.c:829:8:Adc_Ip_GetConvData	24	static
Autosar/Mcal/Adc/src/Adc_Ip.c:851:19:Adc_Ip_DoCalibration	80	static
Autosar/Mcal/Adc/src/Adc_Ip.c:933:19:Adc_Ip_ClearLatchedTriggers	40	static
Autosar/Mcal/Adc/src/Adc_Ip.c:973:6:Adc_Ip_EnableChannelNotification	24	static
Autosar/Mcal/Adc/src/Adc_Ip.c:995:6:Adc_Ip_DisableChannelNotification	24	static
Autosar/Mcal/Adc/src/Adc_Ip.c:1018:6:Adc_Ip_ClearTrigErrReg	24	static
Autosar/Mcal/Adc/src/Adc_Ip.c:1039:8:Adc_Ip_GetTrigErrReg	16	static
Autosar/Mcal/Adc/src/Adc_Ip.c:1058:8:Adc_Ip_GetDataAddress	8	static
Autosar/Mcal/Adc/src/Adc_Ip.c:1082:19:Adc_Ip_GetChanData	32	static
Autosar/Mcal/Adc/src/Adc_Ip.c:1157:6:Adc_Ip_IRQHandler	24	static
