Autosar/Mcal/Mcu/src/Clock_Ip_Specific.c:351:13:DisableSafeClock	24	static
Autosar/Mcal/Mcu/src/Clock_Ip_Specific.c:380:6:SetFircToResetValue_TrustedCall	0	static
Autosar/Mcal/Mcu/src/Clock_Ip_Specific.c:389:6:SetSimLpoclksRegister_TrustedCall	16	static
Autosar/Mcal/Mcu/src/Clock_Ip_Specific.c:480:13:Clock_Ip_SpecificPlatformInitClock	40	static
Autosar/Mcal/Mcu/src/Clock_Ip_Specific.c:546:41:getFircConfig	8	static
Autosar/Mcal/Mcu/src/Clock_Ip_Specific.c:580:39:getSoscConfig	8	static
Autosar/Mcal/Mcu/src/Clock_Ip_Specific.c:614:38:getSpllConfig	8	static
Autosar/Mcal/Mcu/src/Clock_Ip_Specific.c:694:43:getSelectorConfig	24	static
Autosar/Mcal/Mcu/src/Clock_Ip_Specific.c:758:42:getCoreDividerConfig	24	static
Autosar/Mcal/Mcu/src/Clock_Ip_Specific.c:823:42:getBusDividerConfig	24	static
Autosar/Mcal/Mcu/src/Clock_Ip_Specific.c:888:42:getSlowDividerConfig	24	static
Autosar/Mcal/Mcu/src/Clock_Ip_Specific.c:954:13:Clock_Ip_ClockInitializeObjects	16	static
Autosar/Mcal/Mcu/src/Clock_Ip_Specific.c:1036:6:Clock_Ip_ClockPowerModeChangeNotification	16	static
Autosar/Mcal/Mcu/src/Clock_Ip_Specific.c:1179:6:Clock_Ip_Command	16	static
