Rtt/SEGGER/SEGGER_SYSVIEW.c:425:12:_EncodeData	24	static
Rtt/SEGGER/SEGGER_SYSVIEW.c:470:12:_EncodeStr	24	static
Rtt/SEGGER/SEGGER_SYSVIEW.c:524:12:_PreparePacket	8	static
Rtt/SEGGER/SEGGER_SYSVIEW.c:541:13:_HandleIncomingPacket	16	static
Rtt/SEGGER/SEGGER_SYSVIEW.c:608:12:_TrySendOverflowPacket	56	static
Rtt/SEGGER/SEGGER_SYSVIEW.c:712:13:_SendPacket	48	static
Rtt/SEGGER/SEGGER_SYSVIEW.c:917:12:_VPrintHost	144	static
Rtt/SEGGER/SEGGER_SYSVIEW.c:998:13:_StoreChar	48	static
Rtt/SEGGER/SEGGER_SYSVIEW.c:1040:13:_PrintUnsigned	48	static
Rtt/SEGGER/SEGGER_SYSVIEW.c:1131:13:_PrintInt	40	static
Rtt/SEGGER/SEGGER_SYSVIEW.c:1204:13:_VPrintTarget	104	static
Rtt/SEGGER/SEGGER_SYSVIEW.c:1395:6:SEGGER_SYSVIEW_Init	32	static
Rtt/SEGGER/SEGGER_SYSVIEW.c:1446:6:SEGGER_SYSVIEW_SetRAMBase	8	static
Rtt/SEGGER/SEGGER_SYSVIEW.c:1460:6:SEGGER_SYSVIEW_RecordVoid	24	static
Rtt/SEGGER/SEGGER_SYSVIEW.c:1480:6:SEGGER_SYSVIEW_RecordU32	40	static
Rtt/SEGGER/SEGGER_SYSVIEW.c:1503:6:SEGGER_SYSVIEW_RecordU32x2	56	static
Rtt/SEGGER/SEGGER_SYSVIEW.c:1528:6:SEGGER_SYSVIEW_RecordU32x3	64	static
Rtt/SEGGER/SEGGER_SYSVIEW.c:1555:6:SEGGER_SYSVIEW_RecordU32x4	72	static
Rtt/SEGGER/SEGGER_SYSVIEW.c:1584:6:SEGGER_SYSVIEW_RecordU32x5	80	static
Rtt/SEGGER/SEGGER_SYSVIEW.c:1615:6:SEGGER_SYSVIEW_RecordU32x6	88	static
Rtt/SEGGER/SEGGER_SYSVIEW.c:1648:6:SEGGER_SYSVIEW_RecordU32x7	96	static
Rtt/SEGGER/SEGGER_SYSVIEW.c:1683:6:SEGGER_SYSVIEW_RecordU32x8	104	static
Rtt/SEGGER/SEGGER_SYSVIEW.c:1720:6:SEGGER_SYSVIEW_RecordU32x9	112	static
Rtt/SEGGER/SEGGER_SYSVIEW.c:1759:6:SEGGER_SYSVIEW_RecordU32x10	120	static
Rtt/SEGGER/SEGGER_SYSVIEW.c:1794:6:SEGGER_SYSVIEW_RecordString	32	static
Rtt/SEGGER/SEGGER_SYSVIEW.c:1830:6:SEGGER_SYSVIEW_Start	56	static
Rtt/SEGGER/SEGGER_SYSVIEW.c:1885:6:SEGGER_SYSVIEW_Stop	16	static
Rtt/SEGGER/SEGGER_SYSVIEW.c:1903:5:SEGGER_SYSVIEW_GetChannelID	0	static
Rtt/SEGGER/SEGGER_SYSVIEW.c:1915:6:SEGGER_SYSVIEW_GetSysDesc	56	static
Rtt/SEGGER/SEGGER_SYSVIEW.c:1943:6:SEGGER_SYSVIEW_SendTaskInfo	80	static
Rtt/SEGGER/SEGGER_SYSVIEW.c:1970:6:SEGGER_SYSVIEW_SendTaskList	8	static
Rtt/SEGGER/SEGGER_SYSVIEW.c:2000:6:SEGGER_SYSVIEW_SendSysDesc	32	static
Rtt/SEGGER/SEGGER_SYSVIEW.c:2018:6:SEGGER_SYSVIEW_RecordSystime	16	static
Rtt/SEGGER/SEGGER_SYSVIEW.c:2042:6:SEGGER_SYSVIEW_RecordEnterISR	32	static
Rtt/SEGGER/SEGGER_SYSVIEW.c:2069:6:SEGGER_SYSVIEW_RecordExitISR	16	static
Rtt/SEGGER/SEGGER_SYSVIEW.c:2091:6:SEGGER_SYSVIEW_RecordExitISRToScheduler	16	static
Rtt/SEGGER/SEGGER_SYSVIEW.c:2109:6:SEGGER_SYSVIEW_RecordEnterTimer	40	static
Rtt/SEGGER/SEGGER_SYSVIEW.c:2127:6:SEGGER_SYSVIEW_RecordExitTimer	16	static
Rtt/SEGGER/SEGGER_SYSVIEW.c:2145:6:SEGGER_SYSVIEW_RecordEndCall	40	static
Rtt/SEGGER/SEGGER_SYSVIEW.c:2167:6:SEGGER_SYSVIEW_RecordEndCallU32	48	static
Rtt/SEGGER/SEGGER_SYSVIEW.c:2186:6:SEGGER_SYSVIEW_OnIdle	16	static
Rtt/SEGGER/SEGGER_SYSVIEW.c:2205:6:SEGGER_SYSVIEW_OnTaskCreate	40	static
Rtt/SEGGER/SEGGER_SYSVIEW.c:2230:6:SEGGER_SYSVIEW_OnTaskTerminate	40	static
Rtt/SEGGER/SEGGER_SYSVIEW.c:2254:6:SEGGER_SYSVIEW_OnTaskStartExec	40	static
Rtt/SEGGER/SEGGER_SYSVIEW.c:2274:6:SEGGER_SYSVIEW_OnTaskStopExec	16	static
Rtt/SEGGER/SEGGER_SYSVIEW.c:2292:6:SEGGER_SYSVIEW_OnTaskStartReady	40	static
Rtt/SEGGER/SEGGER_SYSVIEW.c:2315:6:SEGGER_SYSVIEW_OnTaskStopReady	48	static
Rtt/SEGGER/SEGGER_SYSVIEW.c:2338:6:SEGGER_SYSVIEW_MarkStart	40	static
Rtt/SEGGER/SEGGER_SYSVIEW.c:2359:6:SEGGER_SYSVIEW_MarkStop	40	static
Rtt/SEGGER/SEGGER_SYSVIEW.c:2380:6:SEGGER_SYSVIEW_Mark	48	static
Rtt/SEGGER/SEGGER_SYSVIEW.c:2407:6:SEGGER_SYSVIEW_NameMarker	48	static
Rtt/SEGGER/SEGGER_SYSVIEW.c:2435:6:SEGGER_SYSVIEW_NameResource	40	static
Rtt/SEGGER/SEGGER_SYSVIEW.c:2476:6:SEGGER_SYSVIEW_HeapDefine	80	static
Rtt/SEGGER/SEGGER_SYSVIEW.c:2525:6:SEGGER_SYSVIEW_HeapAlloc	72	static
Rtt/SEGGER/SEGGER_SYSVIEW.c:2577:6:SEGGER_SYSVIEW_HeapAllocEx	80	static
Rtt/SEGGER/SEGGER_SYSVIEW.c:2607:6:SEGGER_SYSVIEW_HeapFree	56	static
Rtt/SEGGER/SEGGER_SYSVIEW.c:2637:5:SEGGER_SYSVIEW_SendPacket	32	static
Rtt/SEGGER/SEGGER_SYSVIEW.c:2664:5:SEGGER_SYSVIEW_EncodeU32	16	static
Rtt/SEGGER/SEGGER_SYSVIEW.c:2691:5:SEGGER_SYSVIEW_EncodeString	24	static
Rtt/SEGGER/SEGGER_SYSVIEW.c:2717:5:SEGGER_SYSVIEW_EncodeData	24	static
Rtt/SEGGER/SEGGER_SYSVIEW.c:2745:5:SEGGER_SYSVIEW_EncodeId	16	static
Rtt/SEGGER/SEGGER_SYSVIEW.c:2773:5:SEGGER_SYSVIEW_ShrinkId	8	static
Rtt/SEGGER/SEGGER_SYSVIEW.c:2795:6:SEGGER_SYSVIEW_RegisterModule	24	static
Rtt/SEGGER/SEGGER_SYSVIEW.c:2833:6:SEGGER_SYSVIEW_RecordModuleDescription	56	static
Rtt/SEGGER/SEGGER_SYSVIEW.c:2874:6:SEGGER_SYSVIEW_SendModule	56	static
Rtt/SEGGER/SEGGER_SYSVIEW.c:2916:6:SEGGER_SYSVIEW_SendModuleDescription	16	static
Rtt/SEGGER/SEGGER_SYSVIEW.c:2937:6:SEGGER_SYSVIEW_SendNumModules	32	static
Rtt/SEGGER/SEGGER_SYSVIEW.c:2964:6:SEGGER_SYSVIEW_PrintfHostEx	20	static
Rtt/SEGGER/SEGGER_SYSVIEW.c:3001:6:SEGGER_SYSVIEW_VPrintfHostEx	24	static
Rtt/SEGGER/SEGGER_SYSVIEW.c:3031:6:SEGGER_SYSVIEW_PrintfHost	16	static
Rtt/SEGGER/SEGGER_SYSVIEW.c:3066:6:SEGGER_SYSVIEW_VPrintfHost	16	static
Rtt/SEGGER/SEGGER_SYSVIEW.c:3097:6:SEGGER_SYSVIEW_WarnfHost	16	static
Rtt/SEGGER/SEGGER_SYSVIEW.c:3133:6:SEGGER_SYSVIEW_VWarnfHost	16	static
Rtt/SEGGER/SEGGER_SYSVIEW.c:3164:6:SEGGER_SYSVIEW_ErrorfHost	16	static
Rtt/SEGGER/SEGGER_SYSVIEW.c:3200:6:SEGGER_SYSVIEW_VErrorfHost	16	static
Rtt/SEGGER/SEGGER_SYSVIEW.c:3229:6:SEGGER_SYSVIEW_PrintfTargetEx	20	static
Rtt/SEGGER/SEGGER_SYSVIEW.c:3250:6:SEGGER_SYSVIEW_VPrintfTargetEx	24	static
Rtt/SEGGER/SEGGER_SYSVIEW.c:3265:6:SEGGER_SYSVIEW_PrintfTarget	16	static
Rtt/SEGGER/SEGGER_SYSVIEW.c:3285:6:SEGGER_SYSVIEW_VPrintfTarget	16	static
Rtt/SEGGER/SEGGER_SYSVIEW.c:3300:6:SEGGER_SYSVIEW_WarnfTarget	16	static
Rtt/SEGGER/SEGGER_SYSVIEW.c:3320:6:SEGGER_SYSVIEW_VWarnfTarget	16	static
Rtt/SEGGER/SEGGER_SYSVIEW.c:3335:6:SEGGER_SYSVIEW_ErrorfTarget	16	static
Rtt/SEGGER/SEGGER_SYSVIEW.c:3355:6:SEGGER_SYSVIEW_VErrorfTarget	16	static
Rtt/SEGGER/SEGGER_SYSVIEW.c:3370:6:SEGGER_SYSVIEW_Print	48	static
Rtt/SEGGER/SEGGER_SYSVIEW.c:3392:6:SEGGER_SYSVIEW_Warn	48	static
Rtt/SEGGER/SEGGER_SYSVIEW.c:3414:6:SEGGER_SYSVIEW_Error	48	static
Rtt/SEGGER/SEGGER_SYSVIEW.c:3436:6:SEGGER_SYSVIEW_EnableEvents	8	static
Rtt/SEGGER/SEGGER_SYSVIEW.c:3450:6:SEGGER_SYSVIEW_DisableEvents	8	static
Rtt/SEGGER/SEGGER_SYSVIEW.c:3465:5:SEGGER_SYSVIEW_IsStarted	8	static
