Autosar/Mcal/Can/src/FlexCAN_Ip_Irq.c:190:1:CAN0_ORED_IRQHandler	8	static
Autosar/Mcal/Can/src/FlexCAN_Ip_Irq.c:197:1:CAN0_Error_IRQHandler	8	static
Autosar/Mcal/Can/src/FlexCAN_Ip_Irq.c:212:1:CAN0_ORED_0_15_MB_IRQHandler	8	static
Autosar/Mcal/Can/src/FlexCAN_Ip_Irq.c:220:1:CAN0_ORED_16_31_MB_IRQHandler	8	static
Autosar/Mcal/Can/src/FlexCAN_Ip_Irq.c:246:1:CAN1_ORED_IRQHandler	8	static
Autosar/Mcal/Can/src/FlexCAN_Ip_Irq.c:253:1:CAN1_Error_IRQHandler	8	static
Autosar/Mcal/Can/src/FlexCAN_Ip_Irq.c:261:1:CAN1_ORED_0_15_MB_IRQHandler	8	static
Autosar/Mcal/Can/src/FlexCAN_Ip_Irq.c:269:1:CAN1_ORED_16_31_MB_IRQHandler	8	static
Autosar/Mcal/Can/src/FlexCAN_Ip_Irq.c:294:1:CAN2_ORED_IRQHandler	8	static
Autosar/Mcal/Can/src/FlexCAN_Ip_Irq.c:301:1:CAN2_Error_IRQHandler	8	static
Autosar/Mcal/Can/src/FlexCAN_Ip_Irq.c:309:1:CAN2_ORED_0_15_MB_IRQHandler	8	static
