Autosar/Mcal/Mcu/src/Clock_Ip_Gate.c:190:13:Clock_Ip_ClockSetGateEmpty	8	static
Autosar/Mcal/Mcu/src/Clock_Ip_Gate.c:195:13:Clock_Ip_ClockUpdateGateEmpty	8	static
Autosar/Mcal/Mcu/src/Clock_Ip_Gate.c:203:13:Clock_Ip_ClockSetSimLPO1KEnable	16	static
Autosar/Mcal/Mcu/src/Clock_Ip_Gate.c:217:13:Clock_Ip_ClockUpdateSimLPO1KEnable	24	static
Autosar/Mcal/Mcu/src/Clock_Ip_Gate.c:236:13:Clock_Ip_ClockSetSimLPO32KEnable	16	static
Autosar/Mcal/Mcu/src/Clock_Ip_Gate.c:249:13:Clock_Ip_ClockUpdateSimLPO32KEnable	24	static
Autosar/Mcal/Mcu/src/Clock_Ip_Gate.c:268:13:Clock_Ip_ClockSetSimClkoutEnable	16	static
Autosar/Mcal/Mcu/src/Clock_Ip_Gate.c:281:13:Clock_Ip_ClockUpdateSimClkoutEnable	24	static
Autosar/Mcal/Mcu/src/Clock_Ip_Gate.c:300:13:Clock_Ip_ClockSetPccCgcEnable	16	static
Autosar/Mcal/Mcu/src/Clock_Ip_Gate.c:313:13:Clock_Ip_ClockUpdatePccCgcEnable	24	static
Autosar/Mcal/Mcu/src/Clock_Ip_Gate.c:334:13:Clock_Ip_ClockSetSimGate	16	static
Autosar/Mcal/Mcu/src/Clock_Ip_Gate.c:347:13:Clock_Ip_ClockUpdateSimGate	24	static
Autosar/Mcal/Mcu/src/Clock_Ip_Gate.c:366:13:Clock_Ip_ClockSetSimTraceEnable	16	static
Autosar/Mcal/Mcu/src/Clock_Ip_Gate.c:380:13:Clock_Ip_ClockUpdateSimTraceEnable	24	static
Autosar/Mcal/Mcu/src/Clock_Ip_Gate.c:404:6:Clock_Ip_ClockSetSimLPO1KEnable_TrustedCall	16	static
Autosar/Mcal/Mcu/src/Clock_Ip_Gate.c:417:6:Clock_Ip_ClockSetSimLPO32KEnable_TrustedCall	16	static
Autosar/Mcal/Mcu/src/Clock_Ip_Gate.c:430:6:Clock_Ip_ClockSetSimClkoutEnable_TrustedCall	16	static
Autosar/Mcal/Mcu/src/Clock_Ip_Gate.c:443:6:Clock_Ip_ClockSetPccCgcEnable_TrustedCall	16	static
Autosar/Mcal/Mcu/src/Clock_Ip_Gate.c:457:6:Clock_Ip_ClockSetSimGate_TrustedCall	24	static
Autosar/Mcal/Mcu/src/Clock_Ip_Gate.c:471:6:Clock_Ip_ClockSetSimTraceEnable_TrustedCall	16	static
