Archive member included to satisfy reference by file (symbol)

c:/nxp/gcc-10.2-arm32-eabi/bin/../lib/gcc/arm-none-eabi/10.2.0/../../../../arm-none-eabi/lib/thumb/v7e-m+fp/hard\libg_nano.a(lib_a-memcpy-stub.o)
                              out/MemAcc.o (memcpy)
c:/nxp/gcc-10.2-arm32-eabi/bin/../lib/gcc/arm-none-eabi/10.2.0/../../../../arm-none-eabi/lib/thumb/v7e-m+fp/hard\libg_nano.a(lib_a-memset.o)
                              out/Fee.o (memset)

Discarded input sections

 .group         0x00000000        0xc out/Cache_Ip.o
 .group         0x00000000        0xc out/Cache_Ip.o
 .group         0x00000000        0xc out/Cache_Ip.o
 .group         0x00000000        0xc out/Cache_Ip.o
 .group         0x00000000        0xc out/Cache_Ip.o
 .group         0x00000000        0xc out/Cache_Ip.o
 .group         0x00000000        0xc out/Cache_Ip.o
 .group         0x00000000        0xc out/Cache_Ip.o
 .group         0x00000000        0xc out/Cache_Ip.o
 .group         0x00000000        0xc out/Cache_Ip.o
 .group         0x00000000        0xc out/Cache_Ip.o
 .group         0x00000000        0xc out/Cache_Ip.o
 .group         0x00000000        0xc out/Cache_Ip.o
 .group         0x00000000        0xc out/Cache_Ip.o
 .group         0x00000000        0xc out/Cache_Ip.o
 .group         0x00000000        0xc out/Cache_Ip.o
 .group         0x00000000        0xc out/Cache_Ip.o
 .group         0x00000000        0xc out/Cache_Ip.o
 .group         0x00000000        0xc out/Cache_Ip.o
 .group         0x00000000        0xc out/Cache_Ip.o
 .group         0x00000000        0xc out/Cache_Ip.o
 .group         0x00000000        0xc out/Cache_Ip.o
 .group         0x00000000        0xc out/Cache_Ip.o
 .group         0x00000000        0xc out/Cache_Ip.o
 .group         0x00000000        0xc out/Cache_Ip.o
 .group         0x00000000        0xc out/Cache_Ip.o
 .group         0x00000000        0xc out/Cache_Ip.o
 .group         0x00000000        0xc out/Cache_Ip.o
 .group         0x00000000        0xc out/Cache_Ip.o
 .group         0x00000000        0xc out/Cache_Ip.o
 .group         0x00000000        0xc out/Cache_Ip.o
 .group         0x00000000        0xc out/Cache_Ip.o
 .group         0x00000000        0xc out/Cache_Ip.o
 .group         0x00000000        0xc out/Cache_Ip.o
 .group         0x00000000        0xc out/Cache_Ip.o
 .group         0x00000000        0xc out/Cache_Ip.o
 .group         0x00000000        0xc out/Cache_Ip.o
 .group         0x00000000        0xc out/Cache_Ip.o
 .group         0x00000000        0xc out/Cache_Ip.o
 .group         0x00000000        0xc out/Cache_Ip.o
 .group         0x00000000        0xc out/Cache_Ip_HwAcc_Lmem.o
 .group         0x00000000        0xc out/Cache_Ip_HwAcc_Lmem.o
 .group         0x00000000        0xc out/Cache_Ip_HwAcc_Lmem.o
 .group         0x00000000        0xc out/Cache_Ip_HwAcc_Lmem.o
 .group         0x00000000        0xc out/Cache_Ip_HwAcc_Lmem.o
 .group         0x00000000        0xc out/Cache_Ip_HwAcc_Lmem.o
 .group         0x00000000        0xc out/Cache_Ip_HwAcc_Lmem.o
 .group         0x00000000        0xc out/Cache_Ip_HwAcc_Lmem.o
 .group         0x00000000        0xc out/Cache_Ip_HwAcc_Lmem.o
 .group         0x00000000        0xc out/Cache_Ip_HwAcc_Lmem.o
 .group         0x00000000        0xc out/Cache_Ip_HwAcc_Lmem.o
 .group         0x00000000        0xc out/Cache_Ip_HwAcc_Lmem.o
 .group         0x00000000        0xc out/Cache_Ip_HwAcc_Lmem.o
 .group         0x00000000        0xc out/Cache_Ip_HwAcc_Lmem.o
 .group         0x00000000        0xc out/Cache_Ip_HwAcc_Lmem.o
 .group         0x00000000        0xc out/Cache_Ip_HwAcc_Lmem.o
 .group         0x00000000        0xc out/Cache_Ip_HwAcc_Lmem.o
 .group         0x00000000        0xc out/Cache_Ip_HwAcc_Lmem.o
 .group         0x00000000        0xc out/Cache_Ip_HwAcc_Lmem.o
 .group         0x00000000        0xc out/Cache_Ip_HwAcc_Lmem.o
 .group         0x00000000        0xc out/Cache_Ip_HwAcc_Lmem.o
 .group         0x00000000        0xc out/Cache_Ip_HwAcc_Lmem.o
 .group         0x00000000        0xc out/Cache_Ip_HwAcc_Lmem.o
 .group         0x00000000        0xc out/Cache_Ip_HwAcc_Lmem.o
 .group         0x00000000        0xc out/Cache_Ip_HwAcc_Lmem.o
 .group         0x00000000        0xc out/Cache_Ip_HwAcc_Lmem.o
 .group         0x00000000        0xc out/Cache_Ip_HwAcc_Lmem.o
 .group         0x00000000        0xc out/Cache_Ip_HwAcc_Lmem.o
 .group         0x00000000        0xc out/Cache_Ip_HwAcc_Lmem.o
 .group         0x00000000        0xc out/Cache_Ip_HwAcc_Lmem.o
 .group         0x00000000        0xc out/Cache_Ip_HwAcc_Lmem.o
 .group         0x00000000        0xc out/Cache_Ip_HwAcc_Lmem.o
 .group         0x00000000        0xc out/Cache_Ip_HwAcc_Lmem.o
 .group         0x00000000        0xc out/Cache_Ip_HwAcc_Lmem.o
 .group         0x00000000        0xc out/Cache_Ip_HwAcc_Lmem.o
 .group         0x00000000        0xc out/Cache_Ip_HwAcc_Lmem.o
 .group         0x00000000        0xc out/Cache_Ip_HwAcc_Lmem.o
[...]
Memory Configuration

Name             Origin             Length             Attributes
int_flash_interrupts 0x00000000         0x00000400
int_flash_config 0x00000400         0x00000010
int_flash        0x00000410         0x0007fbf0
int_sram_results 0x1fff8000         0x00000100
int_sram         0x1fff8100         0x0000df00
int_sram_stack_c0 0x20006000         0x00001000
ram_rsvd2        0x20007000         0x00000000
*default*        0x00000000         0xffffffff

Linker script and memory map

LOAD c:/nxp/gcc-10.2-arm32-eabi/bin/../lib/gcc/arm-none-eabi/10.2.0/../../../../arm-none-eabi/lib/thumb/v7e-m+fp/hard\libc_nano.a
LOAD c:/nxp/gcc-10.2-arm32-eabi/bin/../lib/gcc/arm-none-eabi/10.2.0/../../../../arm-none-eabi/lib/thumb/v7e-m+fp/hard\libm.a
LOAD c:/nxp/gcc-10.2-arm32-eabi/bin/../lib/gcc/arm-none-eabi/10.2.0/thumb/v7e-m+fp/hard\libgcc.a
LOAD out/Cache_Ip.o
LOAD out/Cache_Ip_HwAcc_Lmem.o
LOAD out/CDD_Mcl.o
LOAD out/CDD_Mcl_Cfg.o
LOAD out/CDD_Mcl_Ipw.o
LOAD out/CDD_Mcl_PBcfg.o
LOAD out/Det.o
LOAD out/Det_stub.o
LOAD out/Dma_Ip.o
LOAD out/Dma_Ip_Cfg.o
LOAD out/Dma_Ip_Driver_State.o
LOAD out/Dma_Ip_Hw_Access.o
LOAD out/Dma_Ip_Irq.o
LOAD out/Dma_Ip_Multicore.o
LOAD out/Dma_Ip_PBcfg.o
LOAD out/exceptions.o
LOAD out/Fee.o
LOAD out/Fee_Cfg.o
LOAD out/Flexio_Mcl_Ip.o
LOAD out/Flexio_Mcl_Ip_HwAccess.o
LOAD out/Flexio_Mcl_Ip_Irq.o
LOAD out/Flexio_Mcl_Ip_PBcfg.o
LOAD out/Ftfc_Mem_InFls_Ip.o
LOAD out/Ftfc_Mem_InFls_Ip_Ac.o
LOAD out/Ftfc_Mem_InFls_Ip_Cfg.o
LOAD out/Ftm_Mcl_Ip.o
LOAD out/main.o
LOAD out/Mem_43_INFLS.o
LOAD out/Mem_43_INFLS_Cfg.o
LOAD out/Mem_43_INFLS_Ipw.o
LOAD out/MemAcc.o
LOAD out/MemAcc_Cfg.o
LOAD out/MemAcc_PBcfg.o
LOAD out/nvic.o
LOAD out/OsIf_Cfg.o
LOAD out/OsIf_Interrupts.o
LOAD out/OsIf_Timer.o
LOAD out/OsIf_Timer_System.o
LOAD out/OsIf_Timer_System_Internal_Systick.o
LOAD out/SchM_Adc.o
LOAD out/SchM_Ae.o
LOAD out/SchM_Can.o
LOAD out/SchM_Can_43_FLEXCAN.o
LOAD out/SchM_CanTrcv_43_AE.o
LOAD out/SchM_Crc.o
LOAD out/SchM_Crypto.o
LOAD out/SchM_Cxpi.o
LOAD out/SchM_Dio.o
LOAD out/SchM_Dpga.o
LOAD out/SchM_Eep.o
LOAD out/SchM_Eth.o
LOAD out/SchM_Eth_43_ENET.o
LOAD out/SchM_Fee.o
LOAD out/SchM_Fls.o
LOAD out/SchM_Gdu.o
LOAD out/SchM_Gpt.o
LOAD out/SchM_I2c.o
LOAD out/SchM_I2s.o
LOAD out/SchM_Icu.o
LOAD out/SchM_Iseled.o
LOAD out/SchM_Lin_43_LPUART_FLEXIO.o
LOAD out/SchM_Mcl.o
LOAD out/SchM_Mcu.o
LOAD out/SchM_Mem_43_EEP.o
LOAD out/SchM_Mem_43_EXFLS.o
LOAD out/SchM_Mem_43_INFLS.o
LOAD out/SchM_MemAcc.o
LOAD out/SchM_Ocotp.o
LOAD out/SchM_Ocu.o
LOAD out/SchM_Platform.o
LOAD out/SchM_Port.o
LOAD out/SchM_Pwm.o
LOAD out/SchM_Qdec.o
LOAD out/SchM_Rm.o
LOAD out/SchM_Sbc_fs26.o
LOAD out/SchM_Sent.o
LOAD out/SchM_Spi.o
LOAD out/SchM_Uart.o
LOAD out/SchM_Wdg.o
LOAD out/SchM_Wdg_43_fs26.o
LOAD out/startup.o
LOAD out/startup_cm4.o
LOAD out/sys_init.o
LOAD out/system.o
LOAD out/Trgmux_Ip.o
LOAD out/Trgmux_Ip_Cfg.o
LOAD out/Trgmux_Ip_HwAcc.o
LOAD out/Trgmux_Ip_PBcfg.o
LOAD out/Vector_Table.o
START GROUP
LOAD c:/nxp/gcc-10.2-arm32-eabi/bin/../lib/gcc/arm-none-eabi/10.2.0/thumb/v7e-m+fp/hard\libgcc.a
LOAD c:/nxp/gcc-10.2-arm32-eabi/bin/../lib/gcc/arm-none-eabi/10.2.0/../../../../arm-none-eabi/lib/thumb/v7e-m+fp/hard\libg_nano.a
LOAD c:/nxp/gcc-10.2-arm32-eabi/bin/../lib/gcc/arm-none-eabi/10.2.0/../../../../arm-none-eabi/lib/thumb/v7e-m+fp/hard\libc_nano.a
END GROUP
START GROUP
LOAD c:/nxp/gcc-10.2-arm32-eabi/bin/../lib/gcc/arm-none-eabi/10.2.0/thumb/v7e-m+fp/hard\libgcc.a
LOAD c:/nxp/gcc-10.2-arm32-eabi/bin/../lib/gcc/arm-none-eabi/10.2.0/../../../../arm-none-eabi/lib/thumb/v7e-m+fp/hard\libc_nano.a
LOAD c:/nxp/gcc-10.2-arm32-eabi/bin/../lib/gcc/arm-none-eabi/10.2.0/../../../../arm-none-eabi/lib/thumb/v7e-m+fp/hard\libnosys.a
END GROUP
START GROUP
LOAD c:/nxp/gcc-10.2-arm32-eabi/bin/../lib/gcc/arm-none-eabi/10.2.0/thumb/v7e-m+fp/hard\libgcc.a
LOAD c:/nxp/gcc-10.2-arm32-eabi/bin/../lib/gcc/arm-none-eabi/10.2.0/../../../../arm-none-eabi/lib/thumb/v7e-m+fp/hard\libc_nano.a
LOAD c:/nxp/gcc-10.2-arm32-eabi/bin/../lib/gcc/arm-none-eabi/10.2.0/../../../../arm-none-eabi/lib/thumb/v7e-m+fp/hard\libnosys.a
END GROUP
                0x00000200                HEAP_SIZE = DEFINED (__heap_size__)?__heap_size__:0x200

.flash_interrupts
                0x00000000      0x310
                0x00000000                . = ALIGN (0x800)
                0x00000000                __interrupts_rom_start = .
 *(.intc_vector)
 .intc_vector   0x00000000      0x310 out/Vector_Table.o
                0x00000000                VTABLE
                0x00000310                . = ALIGN (0x4)
                0x00000310                __interrupts_rom_end = .

.flash_config   0x00000400       0x10
 *(.flash_config)
 .flash_config  0x00000400       0x10 out/startup_cm4.o

.flash          0x00000410    0x11c90
                0x00000410                . = ALIGN (0x4)
 *(.startup)
 .startup       0x00000410       0xb8 out/startup_cm4.o
                0x00000410                Reset_Handler
                0x00000410                _start
                0x00000494                MCAL_LTB_TRACE_OFF
                0x00000496                _end_of_eunit_test
                0x000004c8                . = ALIGN (0x4)
 *(.systeminit)
 .systeminit    0x000004c8        0x2 out/exceptions.o
                0x000004c8                NMI_Handler
 *fill*         0x000004ca        0x2 
 .systeminit    0x000004cc      0x2c8 out/sys_init.o
                0x000004cc                sys_init
 .systeminit    0x00000794       0x88 out/system.o
                0x00000794                SystemInit
                0x0000081c                . = ALIGN (0x4)
 *(.text.startup)
 .text.startup  0x0000081c       0x9c out/main.o
                0x0000081c                main
                0x000008b8                . = ALIGN (0x4)
 *(.text)
 .text          0x000008b8        0x0 out/Cache_Ip.o
 .text          0x000008b8      0x338 out/Cache_Ip_HwAcc_Lmem.o
                0x000008b8                hwAcc_Lmem_ProcessorCodeEnable
                0x00000904                hwAcc_Lmem_ProcessorCodeDisable
                0x00000950                hwAcc_Lmem_ProcessorCodeInvalidate
                0x000009a0                hwAcc_Lmem_ProcessorCodeClean
                0x00000a28                hwAcc_Lmem_ProcessorCodeInvalidateByAddr
                0x00000ab4                hwAcc_Lmem_ProcessorCodeCleanByAddr
                0x00000b68                hwAcc_Lmem_Enable
                0x00000b7c                hwAcc_Lmem_Disable
                0x00000b90                hwAcc_Lmem_Invalidate
                0x00000ba4                hwAcc_Lmem_Clean
                0x00000bba                hwAcc_Lmem_InvalidateByAddr
                0x00000bd4                hwAcc_Lmem_CleanByAddr
 .text          0x00000bf0        0x0 out/CDD_Mcl.o
 .text          0x00000bf0        0x0 out/CDD_Mcl_Cfg.o
 .text          0x00000bf0        0x0 out/CDD_Mcl_Ipw.o
 .text          0x00000bf0        0x0 out/CDD_Mcl_PBcfg.o
 .text          0x00000bf0        0x0 out/Det.o
 .text          0x00000bf0        0x0 out/Det_stub.o
 .text          0x00000bf0        0x0 out/Dma_Ip.o
 .text          0x00000bf0        0x0 out/Dma_Ip_Cfg.o
 .text          0x00000bf0        0x0 out/Dma_Ip_Driver_State.o
 .text          0x00000bf0        0x0 out/Dma_Ip_Hw_Access.o
 .text          0x00000bf0        0x0 out/Dma_Ip_Irq.o
 .text          0x00000bf0        0x0 out/Dma_Ip_Multicore.o
 .text          0x00000bf0        0x0 out/Dma_Ip_PBcfg.o
 .text          0x00000bf0       0x12 out/exceptions.o
                0x00000bf0                HardFault_Handler
                0x00000bf2                MemManage_Handler
                0x00000bf4                BusFault_Handler
                0x00000bf6                UsageFault_Handler
                0x00000bf8                SVC_Handler
                0x00000bfa                DebugMon_Handler
                0x00000bfc                PendSV_Handler
                0x00000bfe                SysTick_Handler
                0x00000c00                undefined_handler
 .text          0x00000c02        0x0 out/Fee.o
 .text          0x00000c02        0x0 out/Fee_Cfg.o
 .text          0x00000c02        0x0 out/Flexio_Mcl_Ip.o
 .text          0x00000c02        0x0 out/Flexio_Mcl_Ip_HwAccess.o
 .text          0x00000c02        0x0 out/Flexio_Mcl_Ip_Irq.o
 .text          0x00000c02        0x0 out/Flexio_Mcl_Ip_PBcfg.o
 .text          0x00000c02        0x0 out/Ftfc_Mem_InFls_Ip.o
 .text          0x00000c02        0x0 out/Ftfc_Mem_InFls_Ip_Ac.o
 .text          0x00000c02        0x0 out/Ftfc_Mem_InFls_Ip_Cfg.o
 .text          0x00000c02        0x0 out/Ftm_Mcl_Ip.o
 .text          0x00000c02        0x6 out/main.o
                0x00000c02                Fee_ExampleAssert
 .text          0x00000c08      0x370 out/Mem_43_INFLS.o
                0x00000c08                Mem_43_INFLS_Init
                0x00000c30                Mem_43_INFLS_DeInit
                0x00000c5c                Mem_43_INFLS_GetVersionInfo
                0x00000c70                Mem_43_INFLS_GetJobResult
                0x00000c90                Mem_43_INFLS_Suspend
                0x00000cd4                Mem_43_INFLS_Resume
                0x00000d1c                Mem_43_INFLS_Read
                0x00000d68                Mem_43_INFLS_Write
                0x00000db4                Mem_43_INFLS_Erase
                0x00000dfe                Mem_43_INFLS_BlankCheck
                0x00000e4a                Mem_43_INFLS_HwSpecificService
                0x00000ea2                Mem_43_INFLS_PropagateError
                0x00000ec4                Mem_43_INFLS_MainFunction
 .text          0x00000f78        0x0 out/Mem_43_INFLS_Cfg.o
 .text          0x00000f78        0x0 out/Mem_43_INFLS_Ipw.o
 .text          0x00000f78      0x4ac out/MemAcc.o
                0x00000f78                MemAcc_Init
                0x00000fe8                MemAcc_DeInit
                0x00001024                MemAcc_GetVersionInfo
                0x00001036                MemAcc_GetJobResult
                0x00001050                MemAcc_GetJobStatus
                0x00001068                MemAcc_GetMemoryInfo
                0x000010dc                MemAcc_GetProcessedLength
                0x000010f8                MemAcc_GetJobInfo
                0x0000113c                MemAcc_ActivateMem
                0x00001194                MemAcc_DeactivateMem
                0x000011e4                MemAcc_Cancel
                0x00001220                MemAcc_Read
                0x0000125e                MemAcc_Write
                0x0000129c                MemAcc_Erase
                0x000012da                MemAcc_BlankCheck
                0x00001318                MemAcc_HwSpecificService
                0x00001394                MemAcc_RequestLock
                0x000013f8                MemAcc_ReleaseLock
 .text          0x00001424        0x0 out/MemAcc_Cfg.o
 .text          0x00001424        0x0 out/MemAcc_PBcfg.o
 .text          0x00001424       0x5c out/nvic.o
                0x00001424                NVIC_SetPriorityGrouping
                0x00001438                NVIC_EnableIRQ
                0x00001450                NVIC_DisableIRQ
                0x0000146c                NVIC_SetPriority
 .text          0x00001480        0x0 out/OsIf_Cfg.o
 .text          0x00001480        0x0 out/OsIf_Interrupts.o
 .text          0x00001480        0x0 out/OsIf_Timer.o
 .text          0x00001480        0x0 out/OsIf_Timer_System.o
 .text          0x00001480        0x0 out/OsIf_Timer_System_Internal_Systick.o
 .text          0x00001480        0x6 out/SchM_Adc.o
                0x00001480                Adc_schm_read_msr
 .text          0x00001486        0x6 out/SchM_Ae.o
                0x00001486                Ae_schm_read_msr
 .text          0x0000148c        0x6 out/SchM_Can.o
                0x0000148c                Can_schm_read_msr
 .text          0x00001492        0x6 out/SchM_Can_43_FLEXCAN.o
                0x00001492                Can_43_FLEXCAN_schm_read_msr
 .text          0x00001498        0x6 out/SchM_CanTrcv_43_AE.o
                0x00001498                CanTrcv_43_AE_schm_read_msr
 .text          0x0000149e        0x6 out/SchM_Crc.o
                0x0000149e                Crc_schm_read_msr
 .text          0x000014a4        0x6 out/SchM_Crypto.o
                0x000014a4                Crypto_schm_read_msr
 .text          0x000014aa        0x6 out/SchM_Cxpi.o
                0x000014aa                Cxpi_schm_read_msr
 .text          0x000014b0        0x6 out/SchM_Dio.o
                0x000014b0                Dio_schm_read_msr
 .text          0x000014b6        0x6 out/SchM_Dpga.o
                0x000014b6                Dpga_schm_read_msr
 .text          0x000014bc        0x6 out/SchM_Eep.o
                0x000014bc                Eep_schm_read_msr
 .text          0x000014c2        0x6 out/SchM_Eth.o
                0x000014c2                Eth_schm_read_msr
 .text          0x000014c8        0x6 out/SchM_Eth_43_ENET.o
                0x000014c8                Eth_43_ENET_schm_read_msr
 .text          0x000014ce        0x6 out/SchM_Fee.o
                0x000014ce                Fee_schm_read_msr
 .text          0x000014d4        0x6 out/SchM_Fls.o
                0x000014d4                Fls_schm_read_msr
 .text          0x000014da        0x6 out/SchM_Gdu.o
                0x000014da                Gdu_schm_read_msr
 .text          0x000014e0        0x6 out/SchM_Gpt.o
                0x000014e0                Gpt_schm_read_msr
 .text          0x000014e6        0x6 out/SchM_I2c.o
                0x000014e6                I2c_schm_read_msr
 .text          0x000014ec        0x6 out/SchM_I2s.o
                0x000014ec                I2s_schm_read_msr
 .text          0x000014f2        0x6 out/SchM_Icu.o
                0x000014f2                Icu_schm_read_msr
 .text          0x000014f8        0x6 out/SchM_Iseled.o
                0x000014f8                Iseled_schm_read_msr
 .text          0x000014fe        0x6 out/SchM_Lin_43_LPUART_FLEXIO.o
                0x000014fe                Lin_schm_read_msr
 .text          0x00001504        0x6 out/SchM_Mcl.o
                0x00001504                Mcl_schm_read_msr
 .text          0x0000150a        0x6 out/SchM_Mcu.o
                0x0000150a                Mcu_schm_read_msr
 .text          0x00001510        0x6 out/SchM_Mem_43_EEP.o
                0x00001510                Mem_43_Eep_schm_read_msr
 .text          0x00001516        0x6 out/SchM_Mem_43_EXFLS.o
                0x00001516                Mem_43_EXFLS_schm_read_msr
 .text          0x0000151c        0x6 out/SchM_Mem_43_INFLS.o
                0x0000151c                Mem_43_INFLS_schm_read_msr
 .text          0x00001522        0x6 out/SchM_MemAcc.o
                0x00001522                MemAcc_schm_read_msr
 .text          0x00001528        0x6 out/SchM_Ocotp.o
                0x00001528                Ocotp_schm_read_msr
 .text          0x0000152e        0x6 out/SchM_Ocu.o
                0x0000152e                Ocu_schm_read_msr
 .text          0x00001534        0x6 out/SchM_Platform.o
                0x00001534                Platform_schm_read_msr
 .text          0x0000153a        0x6 out/SchM_Port.o
                0x0000153a                Port_schm_read_msr
 .text          0x00001540        0x6 out/SchM_Pwm.o
                0x00001540                Pwm_schm_read_msr
 .text          0x00001546        0x6 out/SchM_Qdec.o
                0x00001546                Qdec_schm_read_msr
 .text          0x0000154c        0x6 out/SchM_Rm.o
                0x0000154c                Rm_schm_read_msr
 .text          0x00001552        0x6 out/SchM_Sbc_fs26.o
                0x00001552                Sbc_fs26_schm_read_msr
 .text          0x00001558        0x6 out/SchM_Sent.o
                0x00001558                Sent_schm_read_msr
 .text          0x0000155e        0x6 out/SchM_Spi.o
                0x0000155e                Spi_schm_read_msr
 .text          0x00001564        0x6 out/SchM_Uart.o
                0x00001564                Uart_schm_read_msr
 .text          0x0000156a        0x6 out/SchM_Wdg.o
                0x0000156a                Wdg_schm_read_msr
 .text          0x00001570        0x6 out/SchM_Wdg_43_fs26.o
                0x00001570                Wdg_43_fs26_schm_read_msr
 *fill*         0x00001576        0x2 
 .text          0x00001578       0x50 out/startup.o
                0x00001578                init_data_bss
 .text          0x000015c8        0x0 out/startup_cm4.o
 .text          0x000015c8       0x3e out/sys_init.o
                0x000015c8                sys_enableAllInterrupts
                0x000015cc                sys_disableAllInterrupts
                0x000015d0                sys_disableIsrSource
                0x000015d4                sys_enableIsrSource
                0x000015e6                sys_registerIsrHandler
                0x000015fa                sys_halt
                0x000015fe                sys_stop
                0x00001602                EUnit_GetCoreID
 .text          0x00001606        0x8 out/system.o
                0x00001606                startup_go_to_user_mode
                0x00001608                default_interrupt_routine
                0x0000160a                Sys_GetCoreID
 .text          0x0000160e        0x0 out/Trgmux_Ip.o
 .text          0x0000160e        0x0 out/Trgmux_Ip_Cfg.o
 .text          0x0000160e        0x0 out/Trgmux_Ip_HwAcc.o
 .text          0x0000160e        0x0 out/Trgmux_Ip_PBcfg.o
 .text          0x0000160e        0x0 out/Vector_Table.o
 .text          0x0000160e        0x0 c:/nxp/gcc-10.2-arm32-eabi/bin/../lib/gcc/arm-none-eabi/10.2.0/../../../../arm-none-eabi/lib/thumb/v7e-m+fp/hard\libg_nano.a(lib_a-memcpy-stub.o)
 .text          0x0000160e        0x0 c:/nxp/gcc-10.2-arm32-eabi/bin/../lib/gcc/arm-none-eabi/10.2.0/../../../../arm-none-eabi/lib/thumb/v7e-m+fp/hard\libg_nano.a(lib_a-memset.o)
 *(.text*)
 .text.memcpy   0x0000160e       0x1c c:/nxp/gcc-10.2-arm32-eabi/bin/../lib/gcc/arm-none-eabi/10.2.0/../../../../arm-none-eabi/lib/thumb/v7e-m+fp/hard\libg_nano.a(lib_a-memcpy-stub.o)
                0x0000160e                memcpy
 .text.memset   0x0000162a       0x10 c:/nxp/gcc-10.2-arm32-eabi/bin/../lib/gcc/arm-none-eabi/10.2.0/../../../../arm-none-eabi/lib/thumb/v7e-m+fp/hard\libg_nano.a(lib_a-memset.o)
                0x0000162a                memset
                0x0000163c                . = ALIGN (0x4)
 *fill*         0x0000163a        0x2 
 *(.mcal_text)
 .mcal_text     0x0000163c       0xdc out/Cache_Ip.o
                0x0000163c                Cache_Ip_Enable
                0x0000165c                Cache_Ip_Disable
                0x0000167c                Cache_Ip_Invalidate
                0x0000169c                Cache_Ip_Clean
                0x000016c2                Cache_Ip_InvalidateByAddr
                0x000016ec                Cache_Ip_CleanByAddr
 .mcal_text     0x00001718       0x84 out/CDD_Mcl.o
                0x00001718                Mcl_Init
                0x00001728                Mcl_DeInit
                0x00001738                Mcl_CacheEnable
                0x00001746                Mcl_CacheDisable
                0x00001754                Mcl_CacheInvalidate
                0x00001762                Mcl_CacheClean
                0x00001770                Mcl_CacheInvalidateByAddr
                0x00001788                Mcl_CacheCleanByAddr
 .mcal_text     0x0000179c       0xa4 out/Det.o
                0x0000179c                Det_Init
                0x0000179e                Det_ReportError
                0x000017d4                Det_ReportRuntimeError
                0x00001808                Det_ReportTransientFault
                0x0000183c                Det_Start
 .mcal_text     0x00001840      0x21c out/Det_stub.o
                0x00001840                Det_TestLastReportError
                0x000018a8                Det_TestLastReportRuntimeError
                0x00001910                Det_TestLastReportTransientFault
                0x00001978                Det_TestNoError
                0x000019c4                Det_TestNoRuntimeError
                0x00001a10                Det_TestNoTransientFault
 .mcal_text     0x00001a5c     0x1278 out/Fee.o
                0x0000279c                Fee_Init
                0x000027f4                Fee_Read
                0x000028a8                Fee_Write
                0x0000292c                Fee_Cancel
                0x00002980                Fee_GetStatus
                0x0000298c                Fee_GetJobResult
                0x000029b0                Fee_InvalidateBlock
                0x00002a20                Fee_GetVersionInfo
                0x00002a40                Fee_EraseImmediateBlock
                0x00002ac0                Fee_JobEndNotification
                0x00002bd0                Fee_MainFunction
                0x00002c18                Fee_GetRunTimeInfo
                0x00002c90                Fee_ForceSwapOnNextWrite
 .mcal_text     0x00002cd4       0x4c out/Flexio_Mcl_Ip.o
                0x00002cd4                Flexio_Mcl_Ip_InitDevice
                0x00002d04                Flexio_Mcl_Ip_DeinitDevice
 .mcal_text     0x00002d20      0x15c out/Flexio_Mcl_Ip_HwAccess.o
                0x00002d20                Flexio_Mcl_Ip_SetSoftwareReset
                0x00002d44                Flexio_Mcl_Ip_SetDebugEnable
                0x00002d6a                Flexio_Mcl_Ip_SetEnable
                0x00002d86                Flexio_Mcl_Ip_GetShifterStatus
                0x00002d90                Flexio_Mcl_Ip_GetAllShifterStatus
                0x00002d94                Flexio_Mcl_Ip_ClearShifterStatus
                0x00002d9e                Flexio_Mcl_Ip_GetShifterErrorStatus
                0x00002da8                Flexio_Mcl_Ip_GetAllShifterErrorStatus
                0x00002dac                Flexio_Mcl_Ip_ClearShifterErrorStatus
                0x00002db6                Flexio_Mcl_Ip_GetTimerStatus
                0x00002dc0                Flexio_Mcl_Ip_GetTimerInterruptEnable
                0x00002dca                Flexio_Mcl_Ip_GetAllTimerStatus
                0x00002dce                Flexio_Mcl_Ip_ClearTimerStatus
                0x00002dd8                Flexio_Mcl_Ip_GetAllShifterInterrupt
                0x00002ddc                Flexio_Mcl_Ip_GetAllShifterErrorInterrupt
                0x00002de0                Flexio_Mcl_Ip_SetShifterErrorInterrupt
                0x00002e02                Flexio_Mcl_Ip_SetShifterInterrupt
                0x00002e24                Flexio_Mcl_Ip_SetShifterDMARequest
                0x00002e46                Flexio_Mcl_Ip_GetAllTimerInterrupt
                0x00002e4a                Flexio_Mcl_Ip_SetTimerInterrupt
                0x00002e6c                Flexio_Mcl_Ip_Init
 .mcal_text     0x00002e7c       0x38 out/Flexio_Mcl_Ip_Irq.o
                0x00002e7c                MCL_FLEXIO_ISR
 .mcal_text     0x00002eb4      0x5b0 out/Ftfc_Mem_InFls_Ip.o
                0x00002fd4                Ftfc_Mem_InFls_Ip_Init
                0x0000302c                Ftfc_Mem_InFls_Ip_Abort
                0x00003048                Ftfc_Mem_InFls_Ip_SectorErase
                0x000030e0                Ftfc_Mem_InFls_Ip_EraseSuspend
                0x00003104                Ftfc_Mem_InFls_Ip_EraseResume
                0x0000312c                Ftfc_Mem_InFls_Ip_Write
                0x000031e8                Ftfc_Mem_InFls_Ip_CtrlStatus
                0x00003208                Ftfc_Mem_InFls_Ip_SectorEraseStatus
                0x0000321c                Ftfc_Mem_InFls_Ip_WriteStatus
                0x00003230                Ftfc_Mem_InFls_Ip_GetBlockNumberFromAddress
                0x0000325e                Ftfc_Mem_InFls_Ip_ReportEccUnCorrectedError
                0x0000326c                Ftfc_Mem_InFls_Ip_SetLoadAcStatus
                0x00003278                Ftfc_Mem_InFls_Ip_Read
                0x00003334                Ftfc_Mem_InFls_Ip_Compare
 .mcal_text     0x00003464       0xfc out/Mem_43_INFLS.o
 .mcal_text     0x00003560      0x224 out/Mem_43_INFLS_Ipw.o
                0x00003576                Mem_43_INFLS_IPW_Init
                0x00003594                Mem_43_INFLS_IPW_Read
                0x000035d8                Mem_43_INFLS_IPW_Compare
                0x0000361c                Mem_43_INFLS_IPW_BlankCheck
                0x00003660                Mem_43_INFLS_IPW_Erase
                0x000036bc                Mem_43_INFLS_IPW_EraseSuspend
                0x000036d4                Mem_43_INFLS_IPW_EraseResume
                0x000036ec                Mem_43_INFLS_IPW_Write
                0x00003734                Mem_43_INFLS_IPW_GetJobResult
                0x0000375c                Mem_43_INFLS_IPW_Cancel
                0x00003780                Mem_43_INFLS_IPW_ReportEccValueToLayerUnder
 .mcal_text     0x00003784      0x4ec out/MemAcc.o
                0x00003aa4                MemAcc_MainFunction
 .mcal_text     0x00003c70       0x18 out/OsIf_Timer.o
                0x00003c70                OsIf_Init
                0x00003c72                OsIf_GetCounter
                0x00003c76                OsIf_GetElapsed
                0x00003c7e                OsIf_SetTimerFrequency
                0x00003c80                OsIf_MicrosToTicks
 .mcal_text     0x00003c88       0x44 out/OsIf_Timer_System_Internal_Systick.o
                0x00003c88                OsIf_Timer_System_Internal_Init
                0x00003c9e                OsIf_Timer_System_Internal_GetCounter
                0x00003caa                OsIf_Timer_System_Internal_GetElapsed
 .mcal_text     0x00003ccc     0x2648 out/SchM_Adc.o
                0x00003ccc                SchM_Enter_Adc_ADC_EXCLUSIVE_AREA_00
                0x00003d00                SchM_Exit_Adc_ADC_EXCLUSIVE_AREA_00
                0x00003d30                SchM_Enter_Adc_ADC_EXCLUSIVE_AREA_01
                0x00003d64                SchM_Exit_Adc_ADC_EXCLUSIVE_AREA_01
                0x00003d94                SchM_Enter_Adc_ADC_EXCLUSIVE_AREA_02
                0x00003dc8                SchM_Exit_Adc_ADC_EXCLUSIVE_AREA_02
                0x00003df8                SchM_Enter_Adc_ADC_EXCLUSIVE_AREA_03
                0x00003e2c                SchM_Exit_Adc_ADC_EXCLUSIVE_AREA_03
                0x00003e5c                SchM_Enter_Adc_ADC_EXCLUSIVE_AREA_04
                0x00003e90                SchM_Exit_Adc_ADC_EXCLUSIVE_AREA_04
                0x00003ec0                SchM_Enter_Adc_ADC_EXCLUSIVE_AREA_05
                0x00003ef4                SchM_Exit_Adc_ADC_EXCLUSIVE_AREA_05
                0x00003f24                SchM_Enter_Adc_ADC_EXCLUSIVE_AREA_10
                0x00003f58                SchM_Exit_Adc_ADC_EXCLUSIVE_AREA_10
                0x00003f88                SchM_Enter_Adc_ADC_EXCLUSIVE_AREA_100
                0x00003fbc                SchM_Exit_Adc_ADC_EXCLUSIVE_AREA_100
                0x00003fec                SchM_Enter_Adc_ADC_EXCLUSIVE_AREA_101
                0x00004020                SchM_Exit_Adc_ADC_EXCLUSIVE_AREA_101
                0x00004050                SchM_Enter_Adc_ADC_EXCLUSIVE_AREA_102
                0x00004084                SchM_Exit_Adc_ADC_EXCLUSIVE_AREA_102
                0x000040b4                SchM_Enter_Adc_ADC_EXCLUSIVE_AREA_103
                0x000040e8                SchM_Exit_Adc_ADC_EXCLUSIVE_AREA_103
                0x00004118                SchM_Enter_Adc_ADC_EXCLUSIVE_AREA_11
                0x0000414c                SchM_Exit_Adc_ADC_EXCLUSIVE_AREA_11
                0x0000417c                SchM_Enter_Adc_ADC_EXCLUSIVE_AREA_12
                0x000041b0                SchM_Exit_Adc_ADC_EXCLUSIVE_AREA_12
                0x000041e0                SchM_Enter_Adc_ADC_EXCLUSIVE_AREA_13
                0x00004214                SchM_Exit_Adc_ADC_EXCLUSIVE_AREA_13
                0x00004244                SchM_Enter_Adc_ADC_EXCLUSIVE_AREA_14
                0x00004278                SchM_Exit_Adc_ADC_EXCLUSIVE_AREA_14
                0x000042a8                SchM_Enter_Adc_ADC_EXCLUSIVE_AREA_15
                0x000042dc                SchM_Exit_Adc_ADC_EXCLUSIVE_AREA_15
                0x0000430c                SchM_Enter_Adc_ADC_EXCLUSIVE_AREA_16
                0x00004340                SchM_Exit_Adc_ADC_EXCLUSIVE_AREA_16
                0x00004370                SchM_Enter_Adc_ADC_EXCLUSIVE_AREA_17
                0x000043a4                SchM_Exit_Adc_ADC_EXCLUSIVE_AREA_17
                0x000043d4                SchM_Enter_Adc_ADC_EXCLUSIVE_AREA_18
                0x00004408                SchM_Exit_Adc_ADC_EXCLUSIVE_AREA_18
                0x00004438                SchM_Enter_Adc_ADC_EXCLUSIVE_AREA_19
                0x0000446c                SchM_Exit_Adc_ADC_EXCLUSIVE_AREA_19
                0x0000449c                SchM_Enter_Adc_ADC_EXCLUSIVE_AREA_20
                0x000044d0                SchM_Exit_Adc_ADC_EXCLUSIVE_AREA_20
                0x00004500                SchM_Enter_Adc_ADC_EXCLUSIVE_AREA_21
                0x00004534                SchM_Exit_Adc_ADC_EXCLUSIVE_AREA_21
                0x00004564                SchM_Enter_Adc_ADC_EXCLUSIVE_AREA_22
                0x00004598                SchM_Exit_Adc_ADC_EXCLUSIVE_AREA_22
                0x000045c8                SchM_Enter_Adc_ADC_EXCLUSIVE_AREA_23
                0x000045fc                SchM_Exit_Adc_ADC_EXCLUSIVE_AREA_23
                0x0000462c                SchM_Enter_Adc_ADC_EXCLUSIVE_AREA_24
                0x00004660                SchM_Exit_Adc_ADC_EXCLUSIVE_AREA_24
                0x00004690                SchM_Enter_Adc_ADC_EXCLUSIVE_AREA_25
                0x000046c4                SchM_Exit_Adc_ADC_EXCLUSIVE_AREA_25
                0x000046f4                SchM_Enter_Adc_ADC_EXCLUSIVE_AREA_26
                0x00004728                SchM_Exit_Adc_ADC_EXCLUSIVE_AREA_26
                0x00004758                SchM_Enter_Adc_ADC_EXCLUSIVE_AREA_27
                0x0000478c                SchM_Exit_Adc_ADC_EXCLUSIVE_AREA_27
                0x000047bc                SchM_Enter_Adc_ADC_EXCLUSIVE_AREA_28
                0x000047f0                SchM_Exit_Adc_ADC_EXCLUSIVE_AREA_28
                0x00004820                SchM_Enter_Adc_ADC_EXCLUSIVE_AREA_29
                0x00004854                SchM_Exit_Adc_ADC_EXCLUSIVE_AREA_29
                0x00004884                SchM_Enter_Adc_ADC_EXCLUSIVE_AREA_30
                0x000048b8                SchM_Exit_Adc_ADC_EXCLUSIVE_AREA_30
                0x000048e8                SchM_Enter_Adc_ADC_EXCLUSIVE_AREA_31
                0x0000491c                SchM_Exit_Adc_ADC_EXCLUSIVE_AREA_31
                0x0000494c                SchM_Enter_Adc_ADC_EXCLUSIVE_AREA_32
                0x00004980                SchM_Exit_Adc_ADC_EXCLUSIVE_AREA_32
                0x000049b0                SchM_Enter_Adc_ADC_EXCLUSIVE_AREA_33
                0x000049e4                SchM_Exit_Adc_ADC_EXCLUSIVE_AREA_33
                0x00004a14                SchM_Enter_Adc_ADC_EXCLUSIVE_AREA_34
                0x00004a48                SchM_Exit_Adc_ADC_EXCLUSIVE_AREA_34
                0x00004a78                SchM_Enter_Adc_ADC_EXCLUSIVE_AREA_35
                0x00004aac                SchM_Exit_Adc_ADC_EXCLUSIVE_AREA_35
                0x00004adc                SchM_Enter_Adc_ADC_EXCLUSIVE_AREA_36
                0x00004b10                SchM_Exit_Adc_ADC_EXCLUSIVE_AREA_36
                0x00004b40                SchM_Enter_Adc_ADC_EXCLUSIVE_AREA_37
                0x00004b74                SchM_Exit_Adc_ADC_EXCLUSIVE_AREA_37
                0x00004ba4                SchM_Enter_Adc_ADC_EXCLUSIVE_AREA_38
                0x00004bd8                SchM_Exit_Adc_ADC_EXCLUSIVE_AREA_38
                0x00004c08                SchM_Enter_Adc_ADC_EXCLUSIVE_AREA_39
                0x00004c3c                SchM_Exit_Adc_ADC_EXCLUSIVE_AREA_39
                0x00004c6c                SchM_Enter_Adc_ADC_EXCLUSIVE_AREA_40
                0x00004ca0                SchM_Exit_Adc_ADC_EXCLUSIVE_AREA_40
                0x00004cd0                SchM_Enter_Adc_ADC_EXCLUSIVE_AREA_41
                0x00004d04                SchM_Exit_Adc_ADC_EXCLUSIVE_AREA_41
                0x00004d34                SchM_Enter_Adc_ADC_EXCLUSIVE_AREA_42
                0x00004d68                SchM_Exit_Adc_ADC_EXCLUSIVE_AREA_42
                0x00004d98                SchM_Enter_Adc_ADC_EXCLUSIVE_AREA_43
                0x00004dcc                SchM_Exit_Adc_ADC_EXCLUSIVE_AREA_43
                0x00004dfc                SchM_Enter_Adc_ADC_EXCLUSIVE_AREA_44
                0x00004e30                SchM_Exit_Adc_ADC_EXCLUSIVE_AREA_44
                0x00004e60                SchM_Enter_Adc_ADC_EXCLUSIVE_AREA_45
                0x00004e94                SchM_Exit_Adc_ADC_EXCLUSIVE_AREA_45
                0x00004ec4                SchM_Enter_Adc_ADC_EXCLUSIVE_AREA_46
                0x00004ef8                SchM_Exit_Adc_ADC_EXCLUSIVE_AREA_46
                0x00004f28                SchM_Enter_Adc_ADC_EXCLUSIVE_AREA_47
                0x00004f5c                SchM_Exit_Adc_ADC_EXCLUSIVE_AREA_47
                0x00004f8c                SchM_Enter_Adc_ADC_EXCLUSIVE_AREA_48
                0x00004fc0                SchM_Exit_Adc_ADC_EXCLUSIVE_AREA_48
                0x00004ff0                SchM_Enter_Adc_ADC_EXCLUSIVE_AREA_49
                0x00005024                SchM_Exit_Adc_ADC_EXCLUSIVE_AREA_49
                0x00005054                SchM_Enter_Adc_ADC_EXCLUSIVE_AREA_50
                0x00005088                SchM_Exit_Adc_ADC_EXCLUSIVE_AREA_50
                0x000050b8                SchM_Enter_Adc_ADC_EXCLUSIVE_AREA_51
                0x000050ec                SchM_Exit_Adc_ADC_EXCLUSIVE_AREA_51
                0x0000511c                SchM_Enter_Adc_ADC_EXCLUSIVE_AREA_54
                0x00005150                SchM_Exit_Adc_ADC_EXCLUSIVE_AREA_54
                0x00005180                SchM_Enter_Adc_ADC_EXCLUSIVE_AREA_55
                0x000051b4                SchM_Exit_Adc_ADC_EXCLUSIVE_AREA_55
                0x000051e4                SchM_Enter_Adc_ADC_EXCLUSIVE_AREA_56
                0x00005218                SchM_Exit_Adc_ADC_EXCLUSIVE_AREA_56
                0x00005248                SchM_Enter_Adc_ADC_EXCLUSIVE_AREA_57
                0x0000527c                SchM_Exit_Adc_ADC_EXCLUSIVE_AREA_57
                0x000052ac                SchM_Enter_Adc_ADC_EXCLUSIVE_AREA_58
                0x000052e0                SchM_Exit_Adc_ADC_EXCLUSIVE_AREA_58
                0x00005310                SchM_Enter_Adc_ADC_EXCLUSIVE_AREA_59
                0x00005344                SchM_Exit_Adc_ADC_EXCLUSIVE_AREA_59
                0x00005374                SchM_Enter_Adc_ADC_EXCLUSIVE_AREA_60
                0x000053a8                SchM_Exit_Adc_ADC_EXCLUSIVE_AREA_60
                0x000053d8                SchM_Enter_Adc_ADC_EXCLUSIVE_AREA_61
                0x0000540c                SchM_Exit_Adc_ADC_EXCLUSIVE_AREA_61
                0x0000543c                SchM_Enter_Adc_ADC_EXCLUSIVE_AREA_62
                0x00005470                SchM_Exit_Adc_ADC_EXCLUSIVE_AREA_62
                0x000054a0                SchM_Enter_Adc_ADC_EXCLUSIVE_AREA_63
                0x000054d4                SchM_Exit_Adc_ADC_EXCLUSIVE_AREA_63
                0x00005504                SchM_Enter_Adc_ADC_EXCLUSIVE_AREA_64
                0x00005538                SchM_Exit_Adc_ADC_EXCLUSIVE_AREA_64
                0x00005568                SchM_Enter_Adc_ADC_EXCLUSIVE_AREA_65
                0x0000559c                SchM_Exit_Adc_ADC_EXCLUSIVE_AREA_65
                0x000055cc                SchM_Enter_Adc_ADC_EXCLUSIVE_AREA_66
                0x00005600                SchM_Exit_Adc_ADC_EXCLUSIVE_AREA_66
                0x00005630                SchM_Enter_Adc_ADC_EXCLUSIVE_AREA_67
                0x00005664                SchM_Exit_Adc_ADC_EXCLUSIVE_AREA_67
                0x00005694                SchM_Enter_Adc_ADC_EXCLUSIVE_AREA_68
                0x000056c8                SchM_Exit_Adc_ADC_EXCLUSIVE_AREA_68
                0x000056f8                SchM_Enter_Adc_ADC_EXCLUSIVE_AREA_69
                0x0000572c                SchM_Exit_Adc_ADC_EXCLUSIVE_AREA_69
                0x0000575c                SchM_Enter_Adc_ADC_EXCLUSIVE_AREA_70
                0x00005790                SchM_Exit_Adc_ADC_EXCLUSIVE_AREA_70
                0x000057c0                SchM_Enter_Adc_ADC_EXCLUSIVE_AREA_71
                0x000057f4                SchM_Exit_Adc_ADC_EXCLUSIVE_AREA_71
                0x00005824                SchM_Enter_Adc_ADC_EXCLUSIVE_AREA_72
                0x00005858                SchM_Exit_Adc_ADC_EXCLUSIVE_AREA_72
                0x00005888                SchM_Enter_Adc_ADC_EXCLUSIVE_AREA_73
                0x000058bc                SchM_Exit_Adc_ADC_EXCLUSIVE_AREA_73
                0x000058ec                SchM_Enter_Adc_ADC_EXCLUSIVE_AREA_74
                0x00005920                SchM_Exit_Adc_ADC_EXCLUSIVE_AREA_74
                0x00005950                SchM_Enter_Adc_ADC_EXCLUSIVE_AREA_75
                0x00005984                SchM_Exit_Adc_ADC_EXCLUSIVE_AREA_75
                0x000059b4                SchM_Enter_Adc_ADC_EXCLUSIVE_AREA_76
                0x000059e8                SchM_Exit_Adc_ADC_EXCLUSIVE_AREA_76
                0x00005a18                SchM_Enter_Adc_ADC_EXCLUSIVE_AREA_77
                0x00005a4c                SchM_Exit_Adc_ADC_EXCLUSIVE_AREA_77
                0x00005a7c                SchM_Enter_Adc_ADC_EXCLUSIVE_AREA_78
                0x00005ab0                SchM_Exit_Adc_ADC_EXCLUSIVE_AREA_78
                0x00005ae0                SchM_Enter_Adc_ADC_EXCLUSIVE_AREA_79
                0x00005b14                SchM_Exit_Adc_ADC_EXCLUSIVE_AREA_79
                0x00005b44                SchM_Enter_Adc_ADC_EXCLUSIVE_AREA_80
                0x00005b78                SchM_Exit_Adc_ADC_EXCLUSIVE_AREA_80
                0x00005ba8                SchM_Enter_Adc_ADC_EXCLUSIVE_AREA_81
                0x00005bdc                SchM_Exit_Adc_ADC_EXCLUSIVE_AREA_81
                0x00005c0c                SchM_Enter_Adc_ADC_EXCLUSIVE_AREA_82
                0x00005c40                SchM_Exit_Adc_ADC_EXCLUSIVE_AREA_82
                0x00005c70                SchM_Enter_Adc_ADC_EXCLUSIVE_AREA_83
                0x00005ca4                SchM_Exit_Adc_ADC_EXCLUSIVE_AREA_83
                0x00005cd4                SchM_Enter_Adc_ADC_EXCLUSIVE_AREA_84
                0x00005d08                SchM_Exit_Adc_ADC_EXCLUSIVE_AREA_84
                0x00005d38                SchM_Enter_Adc_ADC_EXCLUSIVE_AREA_85
                0x00005d6c                SchM_Exit_Adc_ADC_EXCLUSIVE_AREA_85
                0x00005d9c                SchM_Enter_Adc_ADC_EXCLUSIVE_AREA_86
                0x00005dd0                SchM_Exit_Adc_ADC_EXCLUSIVE_AREA_86
                0x00005e00                SchM_Enter_Adc_ADC_EXCLUSIVE_AREA_87
                0x00005e34                SchM_Exit_Adc_ADC_EXCLUSIVE_AREA_87
                0x00005e64                SchM_Enter_Adc_ADC_EXCLUSIVE_AREA_88
                0x00005e98                SchM_Exit_Adc_ADC_EXCLUSIVE_AREA_88
                0x00005ec8                SchM_Enter_Adc_ADC_EXCLUSIVE_AREA_89
                0x00005efc                SchM_Exit_Adc_ADC_EXCLUSIVE_AREA_89
                0x00005f2c                SchM_Enter_Adc_ADC_EXCLUSIVE_AREA_90
                0x00005f60                SchM_Exit_Adc_ADC_EXCLUSIVE_AREA_90
                0x00005f90                SchM_Enter_Adc_ADC_EXCLUSIVE_AREA_91
                0x00005fc4                SchM_Exit_Adc_ADC_EXCLUSIVE_AREA_91
                0x00005ff4                SchM_Enter_Adc_ADC_EXCLUSIVE_AREA_92
                0x00006028                SchM_Exit_Adc_ADC_EXCLUSIVE_AREA_92
                0x00006058                SchM_Enter_Adc_ADC_EXCLUSIVE_AREA_93
                0x0000608c                SchM_Exit_Adc_ADC_EXCLUSIVE_AREA_93
                0x000060bc                SchM_Enter_Adc_ADC_EXCLUSIVE_AREA_94
                0x000060f0                SchM_Exit_Adc_ADC_EXCLUSIVE_AREA_94
                0x00006120                SchM_Enter_Adc_ADC_EXCLUSIVE_AREA_95
                0x00006154                SchM_Exit_Adc_ADC_EXCLUSIVE_AREA_95
                0x00006184                SchM_Enter_Adc_ADC_EXCLUSIVE_AREA_96
                0x000061b8                SchM_Exit_Adc_ADC_EXCLUSIVE_AREA_96
                0x000061e8                SchM_Enter_Adc_ADC_EXCLUSIVE_AREA_97
                0x0000621c                SchM_Exit_Adc_ADC_EXCLUSIVE_AREA_97
                0x0000624c                SchM_Enter_Adc_ADC_EXCLUSIVE_AREA_98
                0x00006280                SchM_Exit_Adc_ADC_EXCLUSIVE_AREA_98
                0x000062b0                SchM_Enter_Adc_ADC_EXCLUSIVE_AREA_99
                0x000062e4                SchM_Exit_Adc_ADC_EXCLUSIVE_AREA_99
 .mcal_text     0x00006314       0x64 out/SchM_Ae.o
                0x00006314                SchM_Enter_Ae_AE_EXCLUSIVE_AREA_00
                0x00006348                SchM_Exit_Ae_AE_EXCLUSIVE_AREA_00
 .mcal_text     0x00006378      0x834 out/SchM_Can.o
                0x00006378                SchM_Enter_Can_CAN_EXCLUSIVE_AREA_00
                0x000063ac                SchM_Exit_Can_CAN_EXCLUSIVE_AREA_00
                0x000063dc                SchM_Enter_Can_CAN_EXCLUSIVE_AREA_01
                0x00006410                SchM_Exit_Can_CAN_EXCLUSIVE_AREA_01
                0x00006440                SchM_Enter_Can_CAN_EXCLUSIVE_AREA_02
                0x00006474                SchM_Exit_Can_CAN_EXCLUSIVE_AREA_02
                0x000064a4                SchM_Enter_Can_CAN_EXCLUSIVE_AREA_03
                0x000064d8                SchM_Exit_Can_CAN_EXCLUSIVE_AREA_03
                0x00006508                SchM_Enter_Can_CAN_EXCLUSIVE_AREA_04
                0x0000653c                SchM_Exit_Can_CAN_EXCLUSIVE_AREA_04
                0x0000656c                SchM_Enter_Can_CAN_EXCLUSIVE_AREA_05
                0x000065a0                SchM_Exit_Can_CAN_EXCLUSIVE_AREA_05
                0x000065d0                SchM_Enter_Can_CAN_EXCLUSIVE_AREA_06
                0x00006604                SchM_Exit_Can_CAN_EXCLUSIVE_AREA_06
                0x00006634                SchM_Enter_Can_CAN_EXCLUSIVE_AREA_07
                0x00006668                SchM_Exit_Can_CAN_EXCLUSIVE_AREA_07
                0x00006698                SchM_Enter_Can_CAN_EXCLUSIVE_AREA_08
                0x000066cc                SchM_Exit_Can_CAN_EXCLUSIVE_AREA_08
                0x000066fc                SchM_Enter_Can_CAN_EXCLUSIVE_AREA_09
                0x00006730                SchM_Exit_Can_CAN_EXCLUSIVE_AREA_09
                0x00006760                SchM_Enter_Can_CAN_EXCLUSIVE_AREA_10
                0x00006794                SchM_Exit_Can_CAN_EXCLUSIVE_AREA_10
                0x000067c4                SchM_Enter_Can_CAN_EXCLUSIVE_AREA_11
                0x000067f8                SchM_Exit_Can_CAN_EXCLUSIVE_AREA_11
                0x00006828                SchM_Enter_Can_CAN_EXCLUSIVE_AREA_12
                0x0000685c                SchM_Exit_Can_CAN_EXCLUSIVE_AREA_12
                0x0000688c                SchM_Enter_Can_CAN_EXCLUSIVE_AREA_13
                0x000068c0                SchM_Exit_Can_CAN_EXCLUSIVE_AREA_13
                0x000068f0                SchM_Enter_Can_CAN_EXCLUSIVE_AREA_14
                0x00006924                SchM_Exit_Can_CAN_EXCLUSIVE_AREA_14
                0x00006954                SchM_Enter_Can_CAN_EXCLUSIVE_AREA_15
                0x00006988                SchM_Exit_Can_CAN_EXCLUSIVE_AREA_15
                0x000069b8                SchM_Enter_Can_CAN_EXCLUSIVE_AREA_16
                0x000069ec                SchM_Exit_Can_CAN_EXCLUSIVE_AREA_16
                0x00006a1c                SchM_Enter_Can_CAN_EXCLUSIVE_AREA_17
                0x00006a50                SchM_Exit_Can_CAN_EXCLUSIVE_AREA_17
                0x00006a80                SchM_Enter_Can_CAN_EXCLUSIVE_AREA_18
                0x00006ab4                SchM_Exit_Can_CAN_EXCLUSIVE_AREA_18
                0x00006ae4                SchM_Enter_Can_CAN_EXCLUSIVE_AREA_19
                0x00006b18                SchM_Exit_Can_CAN_EXCLUSIVE_AREA_19
                0x00006b48                SchM_Enter_Can_CAN_EXCLUSIVE_AREA_20
                0x00006b7c                SchM_Exit_Can_CAN_EXCLUSIVE_AREA_20
 .mcal_text     0x00006bac      0x834 out/SchM_Can_43_FLEXCAN.o
                0x00006bac                SchM_Enter_Can_43_FLEXCAN_CAN_EXCLUSIVE_AREA_00
                0x00006be0                SchM_Exit_Can_43_FLEXCAN_CAN_EXCLUSIVE_AREA_00
                0x00006c10                SchM_Enter_Can_43_FLEXCAN_CAN_EXCLUSIVE_AREA_01
                0x00006c44                SchM_Exit_Can_43_FLEXCAN_CAN_EXCLUSIVE_AREA_01
                0x00006c74                SchM_Enter_Can_43_FLEXCAN_CAN_EXCLUSIVE_AREA_02
                0x00006ca8                SchM_Exit_Can_43_FLEXCAN_CAN_EXCLUSIVE_AREA_02
                0x00006cd8                SchM_Enter_Can_43_FLEXCAN_CAN_EXCLUSIVE_AREA_03
                0x00006d0c                SchM_Exit_Can_43_FLEXCAN_CAN_EXCLUSIVE_AREA_03
                0x00006d3c                SchM_Enter_Can_43_FLEXCAN_CAN_EXCLUSIVE_AREA_04
                0x00006d70                SchM_Exit_Can_43_FLEXCAN_CAN_EXCLUSIVE_AREA_04
                0x00006da0                SchM_Enter_Can_43_FLEXCAN_CAN_EXCLUSIVE_AREA_05
                0x00006dd4                SchM_Exit_Can_43_FLEXCAN_CAN_EXCLUSIVE_AREA_05
                0x00006e04                SchM_Enter_Can_43_FLEXCAN_CAN_EXCLUSIVE_AREA_06
                0x00006e38                SchM_Exit_Can_43_FLEXCAN_CAN_EXCLUSIVE_AREA_06
                0x00006e68                SchM_Enter_Can_43_FLEXCAN_CAN_EXCLUSIVE_AREA_07
                0x00006e9c                SchM_Exit_Can_43_FLEXCAN_CAN_EXCLUSIVE_AREA_07
                0x00006ecc                SchM_Enter_Can_43_FLEXCAN_CAN_EXCLUSIVE_AREA_08
                0x00006f00                SchM_Exit_Can_43_FLEXCAN_CAN_EXCLUSIVE_AREA_08
                0x00006f30                SchM_Enter_Can_43_FLEXCAN_CAN_EXCLUSIVE_AREA_09
                0x00006f64                SchM_Exit_Can_43_FLEXCAN_CAN_EXCLUSIVE_AREA_09
                0x00006f94                SchM_Enter_Can_43_FLEXCAN_CAN_EXCLUSIVE_AREA_10
                0x00006fc8                SchM_Exit_Can_43_FLEXCAN_CAN_EXCLUSIVE_AREA_10
                0x00006ff8                SchM_Enter_Can_43_FLEXCAN_CAN_EXCLUSIVE_AREA_11
                0x0000702c                SchM_Exit_Can_43_FLEXCAN_CAN_EXCLUSIVE_AREA_11
                0x0000705c                SchM_Enter_Can_43_FLEXCAN_CAN_EXCLUSIVE_AREA_12
                0x00007090                SchM_Exit_Can_43_FLEXCAN_CAN_EXCLUSIVE_AREA_12
                0x000070c0                SchM_Enter_Can_43_FLEXCAN_CAN_EXCLUSIVE_AREA_13
                0x000070f4                SchM_Exit_Can_43_FLEXCAN_CAN_EXCLUSIVE_AREA_13
                0x00007124                SchM_Enter_Can_43_FLEXCAN_CAN_EXCLUSIVE_AREA_14
                0x00007158                SchM_Exit_Can_43_FLEXCAN_CAN_EXCLUSIVE_AREA_14
                0x00007188                SchM_Enter_Can_43_FLEXCAN_CAN_EXCLUSIVE_AREA_15
                0x000071bc                SchM_Exit_Can_43_FLEXCAN_CAN_EXCLUSIVE_AREA_15
                0x000071ec                SchM_Enter_Can_43_FLEXCAN_CAN_EXCLUSIVE_AREA_16
                0x00007220                SchM_Exit_Can_43_FLEXCAN_CAN_EXCLUSIVE_AREA_16
                0x00007250                SchM_Enter_Can_43_FLEXCAN_CAN_EXCLUSIVE_AREA_17
                0x00007284                SchM_Exit_Can_43_FLEXCAN_CAN_EXCLUSIVE_AREA_17
                0x000072b4                SchM_Enter_Can_43_FLEXCAN_CAN_EXCLUSIVE_AREA_18
                0x000072e8                SchM_Exit_Can_43_FLEXCAN_CAN_EXCLUSIVE_AREA_18
                0x00007318                SchM_Enter_Can_43_FLEXCAN_CAN_EXCLUSIVE_AREA_19
                0x0000734c                SchM_Exit_Can_43_FLEXCAN_CAN_EXCLUSIVE_AREA_19
                0x0000737c                SchM_Enter_Can_43_FLEXCAN_CAN_EXCLUSIVE_AREA_20
                0x000073b0                SchM_Exit_Can_43_FLEXCAN_CAN_EXCLUSIVE_AREA_20
 .mcal_text     0x000073e0      0x384 out/SchM_Crypto.o
                0x000073e0                SchM_Enter_Crypto_CRYPTO_EXCLUSIVE_AREA_00
                0x00007414                SchM_Exit_Crypto_CRYPTO_EXCLUSIVE_AREA_00
                0x00007444                SchM_Enter_Crypto_CRYPTO_EXCLUSIVE_AREA_01
                0x00007478                SchM_Exit_Crypto_CRYPTO_EXCLUSIVE_AREA_01
                0x000074a8                SchM_Enter_Crypto_CRYPTO_EXCLUSIVE_AREA_02
                0x000074dc                SchM_Exit_Crypto_CRYPTO_EXCLUSIVE_AREA_02
                0x0000750c                SchM_Enter_Crypto_CRYPTO_EXCLUSIVE_AREA_03
                0x00007540                SchM_Exit_Crypto_CRYPTO_EXCLUSIVE_AREA_03
                0x00007570                SchM_Enter_Crypto_CRYPTO_EXCLUSIVE_AREA_04
                0x000075a4                SchM_Exit_Crypto_CRYPTO_EXCLUSIVE_AREA_04
                0x000075d4                SchM_Enter_Crypto_CRYPTO_EXCLUSIVE_AREA_05
                0x00007608                SchM_Exit_Crypto_CRYPTO_EXCLUSIVE_AREA_05
                0x00007638                SchM_Enter_Crypto_CRYPTO_EXCLUSIVE_AREA_10
                0x0000766c                SchM_Exit_Crypto_CRYPTO_EXCLUSIVE_AREA_10
                0x0000769c                SchM_Enter_Crypto_CRYPTO_EXCLUSIVE_AREA_11
                0x000076d0                SchM_Exit_Crypto_CRYPTO_EXCLUSIVE_AREA_11
                0x00007700                SchM_Enter_Crypto_CRYPTO_EXCLUSIVE_AREA_12
                0x00007734                SchM_Exit_Crypto_CRYPTO_EXCLUSIVE_AREA_12
 .mcal_text     0x00007764       0xc8 out/SchM_Dio.o
                0x00007764                SchM_Enter_Dio_DIO_EXCLUSIVE_AREA_00
                0x00007798                SchM_Exit_Dio_DIO_EXCLUSIVE_AREA_00
                0x000077c8                SchM_Enter_Dio_DIO_EXCLUSIVE_AREA_01
                0x000077fc                SchM_Exit_Dio_DIO_EXCLUSIVE_AREA_01
 .mcal_text     0x0000782c      0x578 out/SchM_Eep.o
                0x0000782c                SchM_Enter_Eep_EEP_EXCLUSIVE_AREA_00
                0x00007860                SchM_Exit_Eep_EEP_EXCLUSIVE_AREA_00
                0x00007890                SchM_Enter_Eep_EEP_EXCLUSIVE_AREA_01
                0x000078c4                SchM_Exit_Eep_EEP_EXCLUSIVE_AREA_01
                0x000078f4                SchM_Enter_Eep_EEP_EXCLUSIVE_AREA_02
                0x00007928                SchM_Exit_Eep_EEP_EXCLUSIVE_AREA_02
                0x00007958                SchM_Enter_Eep_EEP_EXCLUSIVE_AREA_03
                0x0000798c                SchM_Exit_Eep_EEP_EXCLUSIVE_AREA_03
                0x000079bc                SchM_Enter_Eep_EEP_EXCLUSIVE_AREA_04
                0x000079f0                SchM_Exit_Eep_EEP_EXCLUSIVE_AREA_04
                0x00007a20                SchM_Enter_Eep_EEP_EXCLUSIVE_AREA_05
                0x00007a54                SchM_Exit_Eep_EEP_EXCLUSIVE_AREA_05
                0x00007a84                SchM_Enter_Eep_EEP_EXCLUSIVE_AREA_06
                0x00007ab8                SchM_Exit_Eep_EEP_EXCLUSIVE_AREA_06
                0x00007ae8                SchM_Enter_Eep_EEP_EXCLUSIVE_AREA_07
                0x00007b1c                SchM_Exit_Eep_EEP_EXCLUSIVE_AREA_07
                0x00007b4c                SchM_Enter_Eep_EEP_EXCLUSIVE_AREA_08
                0x00007b80                SchM_Exit_Eep_EEP_EXCLUSIVE_AREA_08
                0x00007bb0                SchM_Enter_Eep_EEP_EXCLUSIVE_AREA_10
                0x00007be4                SchM_Exit_Eep_EEP_EXCLUSIVE_AREA_10
                0x00007c14                SchM_Enter_Eep_EEP_EXCLUSIVE_AREA_11
                0x00007c48                SchM_Exit_Eep_EEP_EXCLUSIVE_AREA_11
                0x00007c78                SchM_Enter_Eep_EEP_EXCLUSIVE_AREA_12
                0x00007cac                SchM_Exit_Eep_EEP_EXCLUSIVE_AREA_12
                0x00007cdc                SchM_Enter_Eep_EEP_EXCLUSIVE_AREA_13
                0x00007d10                SchM_Exit_Eep_EEP_EXCLUSIVE_AREA_13
                0x00007d40                SchM_Enter_Eep_EEP_EXCLUSIVE_AREA_14
                0x00007d74                SchM_Exit_Eep_EEP_EXCLUSIVE_AREA_14
 .mcal_text     0x00007da4      0x190 out/SchM_Fee.o
                0x00007da4                SchM_Enter_Fee_FEE_EXCLUSIVE_AREA_00
                0x00007dd8                SchM_Exit_Fee_FEE_EXCLUSIVE_AREA_00
                0x00007e08                SchM_Enter_Fee_FEE_EXCLUSIVE_AREA_01
                0x00007e3c                SchM_Exit_Fee_FEE_EXCLUSIVE_AREA_01
                0x00007e6c                SchM_Enter_Fee_FEE_EXCLUSIVE_AREA_02
                0x00007ea0                SchM_Exit_Fee_FEE_EXCLUSIVE_AREA_02
                0x00007ed0                SchM_Enter_Fee_FEE_EXCLUSIVE_AREA_03
                0x00007f04                SchM_Exit_Fee_FEE_EXCLUSIVE_AREA_03
 .mcal_text     0x00007f34      0x1f4 out/SchM_Fls.o
                0x00007f34                SchM_Enter_Fls_FLS_EXCLUSIVE_AREA_10
                0x00007f68                SchM_Exit_Fls_FLS_EXCLUSIVE_AREA_10
                0x00007f98                SchM_Enter_Fls_FLS_EXCLUSIVE_AREA_11
                0x00007fcc                SchM_Exit_Fls_FLS_EXCLUSIVE_AREA_11
                0x00007ffc                SchM_Enter_Fls_FLS_EXCLUSIVE_AREA_12
                0x00008030                SchM_Exit_Fls_FLS_EXCLUSIVE_AREA_12
                0x00008060                SchM_Enter_Fls_FLS_EXCLUSIVE_AREA_13
                0x00008094                SchM_Exit_Fls_FLS_EXCLUSIVE_AREA_13
                0x000080c4                SchM_Enter_Fls_FLS_EXCLUSIVE_AREA_14
                0x000080f8                SchM_Exit_Fls_FLS_EXCLUSIVE_AREA_14
 .mcal_text     0x00008128     0x1450 out/SchM_Gpt.o
                0x00008128                SchM_Enter_Gpt_GPT_EXCLUSIVE_AREA_00
                0x0000815c                SchM_Exit_Gpt_GPT_EXCLUSIVE_AREA_00
                0x0000818c                SchM_Enter_Gpt_GPT_EXCLUSIVE_AREA_01
                0x000081c0                SchM_Exit_Gpt_GPT_EXCLUSIVE_AREA_01
                0x000081f0                SchM_Enter_Gpt_GPT_EXCLUSIVE_AREA_02
                0x00008224                SchM_Exit_Gpt_GPT_EXCLUSIVE_AREA_02
                0x00008254                SchM_Enter_Gpt_GPT_EXCLUSIVE_AREA_03
                0x00008288                SchM_Exit_Gpt_GPT_EXCLUSIVE_AREA_03
                0x000082b8                SchM_Enter_Gpt_GPT_EXCLUSIVE_AREA_04
                0x000082ec                SchM_Exit_Gpt_GPT_EXCLUSIVE_AREA_04
                0x0000831c                SchM_Enter_Gpt_GPT_EXCLUSIVE_AREA_05
                0x00008350                SchM_Exit_Gpt_GPT_EXCLUSIVE_AREA_05
                0x00008380                SchM_Enter_Gpt_GPT_EXCLUSIVE_AREA_06
                0x000083b4                SchM_Exit_Gpt_GPT_EXCLUSIVE_AREA_06
                0x000083e4                SchM_Enter_Gpt_GPT_EXCLUSIVE_AREA_07
                0x00008418                SchM_Exit_Gpt_GPT_EXCLUSIVE_AREA_07
                0x00008448                SchM_Enter_Gpt_GPT_EXCLUSIVE_AREA_10
                0x0000847c                SchM_Exit_Gpt_GPT_EXCLUSIVE_AREA_10
                0x000084ac                SchM_Enter_Gpt_GPT_EXCLUSIVE_AREA_11
                0x000084e0                SchM_Exit_Gpt_GPT_EXCLUSIVE_AREA_11
                0x00008510                SchM_Enter_Gpt_GPT_EXCLUSIVE_AREA_17
                0x00008544                SchM_Exit_Gpt_GPT_EXCLUSIVE_AREA_17
                0x00008574                SchM_Enter_Gpt_GPT_EXCLUSIVE_AREA_21
                0x000085a8                SchM_Exit_Gpt_GPT_EXCLUSIVE_AREA_21
                0x000085d8                SchM_Enter_Gpt_GPT_EXCLUSIVE_AREA_22
                0x0000860c                SchM_Exit_Gpt_GPT_EXCLUSIVE_AREA_22
                0x0000863c                SchM_Enter_Gpt_GPT_EXCLUSIVE_AREA_23
                0x00008670                SchM_Exit_Gpt_GPT_EXCLUSIVE_AREA_23
                0x000086a0                SchM_Enter_Gpt_GPT_EXCLUSIVE_AREA_24
                0x000086d4                SchM_Exit_Gpt_GPT_EXCLUSIVE_AREA_24
                0x00008704                SchM_Enter_Gpt_GPT_EXCLUSIVE_AREA_25
                0x00008738                SchM_Exit_Gpt_GPT_EXCLUSIVE_AREA_25
                0x00008768                SchM_Enter_Gpt_GPT_EXCLUSIVE_AREA_26
                0x0000879c                SchM_Exit_Gpt_GPT_EXCLUSIVE_AREA_26
                0x000087cc                SchM_Enter_Gpt_GPT_EXCLUSIVE_AREA_29
                0x00008800                SchM_Exit_Gpt_GPT_EXCLUSIVE_AREA_29
                0x00008830                SchM_Enter_Gpt_GPT_EXCLUSIVE_AREA_30
                0x00008864                SchM_Exit_Gpt_GPT_EXCLUSIVE_AREA_30
                0x00008894                SchM_Enter_Gpt_GPT_EXCLUSIVE_AREA_31
                0x000088c8                SchM_Exit_Gpt_GPT_EXCLUSIVE_AREA_31
                0x000088f8                SchM_Enter_Gpt_GPT_EXCLUSIVE_AREA_35
                0x0000892c                SchM_Exit_Gpt_GPT_EXCLUSIVE_AREA_35
                0x0000895c                SchM_Enter_Gpt_GPT_EXCLUSIVE_AREA_36
                0x00008990                SchM_Exit_Gpt_GPT_EXCLUSIVE_AREA_36
                0x000089c0                SchM_Enter_Gpt_GPT_EXCLUSIVE_AREA_38
                0x000089f4                SchM_Exit_Gpt_GPT_EXCLUSIVE_AREA_38
                0x00008a24                SchM_Enter_Gpt_GPT_EXCLUSIVE_AREA_39
                0x00008a58                SchM_Exit_Gpt_GPT_EXCLUSIVE_AREA_39
                0x00008a88                SchM_Enter_Gpt_GPT_EXCLUSIVE_AREA_40
                0x00008abc                SchM_Exit_Gpt_GPT_EXCLUSIVE_AREA_40
                0x00008aec                SchM_Enter_Gpt_GPT_EXCLUSIVE_AREA_41
                0x00008b20                SchM_Exit_Gpt_GPT_EXCLUSIVE_AREA_41
                0x00008b50                SchM_Enter_Gpt_GPT_EXCLUSIVE_AREA_42
                0x00008b84                SchM_Exit_Gpt_GPT_EXCLUSIVE_AREA_42
                0x00008bb4                SchM_Enter_Gpt_GPT_EXCLUSIVE_AREA_43
                0x00008be8                SchM_Exit_Gpt_GPT_EXCLUSIVE_AREA_43
                0x00008c18                SchM_Enter_Gpt_GPT_EXCLUSIVE_AREA_44
                0x00008c4c                SchM_Exit_Gpt_GPT_EXCLUSIVE_AREA_44
                0x00008c7c                SchM_Enter_Gpt_GPT_EXCLUSIVE_AREA_45
                0x00008cb0                SchM_Exit_Gpt_GPT_EXCLUSIVE_AREA_45
                0x00008ce0                SchM_Enter_Gpt_GPT_EXCLUSIVE_AREA_46
                0x00008d14                SchM_Exit_Gpt_GPT_EXCLUSIVE_AREA_46
                0x00008d44                SchM_Enter_Gpt_GPT_EXCLUSIVE_AREA_50
                0x00008d78                SchM_Exit_Gpt_GPT_EXCLUSIVE_AREA_50
                0x00008da8                SchM_Enter_Gpt_GPT_EXCLUSIVE_AREA_51
                0x00008ddc                SchM_Exit_Gpt_GPT_EXCLUSIVE_AREA_51
                0x00008e0c                SchM_Enter_Gpt_GPT_EXCLUSIVE_AREA_52
                0x00008e40                SchM_Exit_Gpt_GPT_EXCLUSIVE_AREA_52
                0x00008e70                SchM_Enter_Gpt_GPT_EXCLUSIVE_AREA_53
                0x00008ea4                SchM_Exit_Gpt_GPT_EXCLUSIVE_AREA_53
                0x00008ed4                SchM_Enter_Gpt_GPT_EXCLUSIVE_AREA_54
                0x00008f08                SchM_Exit_Gpt_GPT_EXCLUSIVE_AREA_54
                0x00008f38                SchM_Enter_Gpt_GPT_EXCLUSIVE_AREA_55
                0x00008f6c                SchM_Exit_Gpt_GPT_EXCLUSIVE_AREA_55
                0x00008f9c                SchM_Enter_Gpt_GPT_EXCLUSIVE_AREA_56
                0x00008fd0                SchM_Exit_Gpt_GPT_EXCLUSIVE_AREA_56
                0x00009000                SchM_Enter_Gpt_GPT_EXCLUSIVE_AREA_60
                0x00009034                SchM_Exit_Gpt_GPT_EXCLUSIVE_AREA_60
                0x00009064                SchM_Enter_Gpt_GPT_EXCLUSIVE_AREA_61
                0x00009098                SchM_Exit_Gpt_GPT_EXCLUSIVE_AREA_61
                0x000090c8                SchM_Enter_Gpt_GPT_EXCLUSIVE_AREA_62
                0x000090fc                SchM_Exit_Gpt_GPT_EXCLUSIVE_AREA_62
                0x0000912c                SchM_Enter_Gpt_GPT_EXCLUSIVE_AREA_63
                0x00009160                SchM_Exit_Gpt_GPT_EXCLUSIVE_AREA_63
                0x00009190                SchM_Enter_Gpt_GPT_EXCLUSIVE_AREA_64
                0x000091c4                SchM_Exit_Gpt_GPT_EXCLUSIVE_AREA_64
                0x000091f4                SchM_Enter_Gpt_GPT_EXCLUSIVE_AREA_65
                0x00009228                SchM_Exit_Gpt_GPT_EXCLUSIVE_AREA_65
                0x00009258                SchM_Enter_Gpt_GPT_EXCLUSIVE_AREA_66
                0x0000928c                SchM_Exit_Gpt_GPT_EXCLUSIVE_AREA_66
                0x000092bc                SchM_Enter_Gpt_GPT_EXCLUSIVE_AREA_67
                0x000092f0                SchM_Exit_Gpt_GPT_EXCLUSIVE_AREA_67
                0x00009320                SchM_Enter_Gpt_GPT_EXCLUSIVE_AREA_68
                0x00009354                SchM_Exit_Gpt_GPT_EXCLUSIVE_AREA_68
                0x00009384                SchM_Enter_Gpt_GPT_EXCLUSIVE_AREA_69
                0x000093b8                SchM_Exit_Gpt_GPT_EXCLUSIVE_AREA_69
                0x000093e8                SchM_Enter_Gpt_GPT_EXCLUSIVE_AREA_70
                0x0000941c                SchM_Exit_Gpt_GPT_EXCLUSIVE_AREA_70
                0x0000944c                SchM_Enter_Gpt_GPT_EXCLUSIVE_AREA_71
                0x00009480                SchM_Exit_Gpt_GPT_EXCLUSIVE_AREA_71
                0x000094b0                SchM_Enter_Gpt_GPT_EXCLUSIVE_AREA_72
                0x000094e4                SchM_Exit_Gpt_GPT_EXCLUSIVE_AREA_72
                0x00009514                SchM_Enter_Gpt_GPT_EXCLUSIVE_AREA_73
                0x00009548                SchM_Exit_Gpt_GPT_EXCLUSIVE_AREA_73
 .mcal_text     0x00009578       0xc8 out/SchM_I2c.o
                0x00009578                SchM_Enter_I2c_I2C_EXCLUSIVE_AREA_00
                0x000095ac                SchM_Exit_I2c_I2C_EXCLUSIVE_AREA_00
                0x000095dc                SchM_Enter_I2c_I2C_EXCLUSIVE_AREA_01
                0x00009610                SchM_Exit_I2c_I2C_EXCLUSIVE_AREA_01
 .mcal_text     0x00009640      0x76c out/SchM_I2s.o
                0x00009640                SchM_Enter_I2s_I2S_EXCLUSIVE_AREA_00
                0x00009674                SchM_Exit_I2s_I2S_EXCLUSIVE_AREA_00
                0x000096a4                SchM_Enter_I2s_I2S_EXCLUSIVE_AREA_01
                0x000096d8                SchM_Exit_I2s_I2S_EXCLUSIVE_AREA_01
                0x00009708                SchM_Enter_I2s_I2S_EXCLUSIVE_AREA_02
                0x0000973c                SchM_Exit_I2s_I2S_EXCLUSIVE_AREA_02
                0x0000976c                SchM_Enter_I2s_I2S_EXCLUSIVE_AREA_03
                0x000097a0                SchM_Exit_I2s_I2S_EXCLUSIVE_AREA_03
                0x000097d0                SchM_Enter_I2s_I2S_EXCLUSIVE_AREA_04
                0x00009804                SchM_Exit_I2s_I2S_EXCLUSIVE_AREA_04
                0x00009834                SchM_Enter_I2s_I2S_EXCLUSIVE_AREA_05
                0x00009868                SchM_Exit_I2s_I2S_EXCLUSIVE_AREA_05
                0x00009898                SchM_Enter_I2s_I2S_EXCLUSIVE_AREA_06
                0x000098cc                SchM_Exit_I2s_I2S_EXCLUSIVE_AREA_06
                0x000098fc                SchM_Enter_I2s_I2S_EXCLUSIVE_AREA_07
                0x00009930                SchM_Exit_I2s_I2S_EXCLUSIVE_AREA_07
                0x00009960                SchM_Enter_I2s_I2S_EXCLUSIVE_AREA_08
                0x00009994                SchM_Exit_I2s_I2S_EXCLUSIVE_AREA_08
                0x000099c4                SchM_Enter_I2s_I2S_EXCLUSIVE_AREA_09
                0x000099f8                SchM_Exit_I2s_I2S_EXCLUSIVE_AREA_09
                0x00009a28                SchM_Enter_I2s_I2S_EXCLUSIVE_AREA_10
                0x00009a5c                SchM_Exit_I2s_I2S_EXCLUSIVE_AREA_10
                0x00009a8c                SchM_Enter_I2s_I2S_EXCLUSIVE_AREA_11
                0x00009ac0                SchM_Exit_I2s_I2S_EXCLUSIVE_AREA_11
                0x00009af0                SchM_Enter_I2s_I2S_EXCLUSIVE_AREA_12
                0x00009b24                SchM_Exit_I2s_I2S_EXCLUSIVE_AREA_12
                0x00009b54                SchM_Enter_I2s_I2S_EXCLUSIVE_AREA_13
                0x00009b88                SchM_Exit_I2s_I2S_EXCLUSIVE_AREA_13
                0x00009bb8                SchM_Enter_I2s_I2S_EXCLUSIVE_AREA_14
                0x00009bec                SchM_Exit_I2s_I2S_EXCLUSIVE_AREA_14
                0x00009c1c                SchM_Enter_I2s_I2S_EXCLUSIVE_AREA_15
                0x00009c50                SchM_Exit_I2s_I2S_EXCLUSIVE_AREA_15
                0x00009c80                SchM_Enter_I2s_I2S_EXCLUSIVE_AREA_16
                0x00009cb4                SchM_Exit_I2s_I2S_EXCLUSIVE_AREA_16
                0x00009ce4                SchM_Enter_I2s_I2S_EXCLUSIVE_AREA_17
                0x00009d18                SchM_Exit_I2s_I2S_EXCLUSIVE_AREA_17
                0x00009d48                SchM_Enter_I2s_I2S_EXCLUSIVE_AREA_18
                0x00009d7c                SchM_Exit_I2s_I2S_EXCLUSIVE_AREA_18
 .mcal_text     0x00009dac     0x10cc out/SchM_Icu.o
                0x00009dac                SchM_Enter_Icu_ICU_EXCLUSIVE_AREA_00
                0x00009de0                SchM_Exit_Icu_ICU_EXCLUSIVE_AREA_00
                0x00009e10                SchM_Enter_Icu_ICU_EXCLUSIVE_AREA_01
                0x00009e44                SchM_Exit_Icu_ICU_EXCLUSIVE_AREA_01
                0x00009e74                SchM_Enter_Icu_ICU_EXCLUSIVE_AREA_02
                0x00009ea8                SchM_Exit_Icu_ICU_EXCLUSIVE_AREA_02
                0x00009ed8                SchM_Enter_Icu_ICU_EXCLUSIVE_AREA_03
                0x00009f0c                SchM_Exit_Icu_ICU_EXCLUSIVE_AREA_03
                0x00009f3c                SchM_Enter_Icu_ICU_EXCLUSIVE_AREA_04
                0x00009f70                SchM_Exit_Icu_ICU_EXCLUSIVE_AREA_04
                0x00009fa0                SchM_Enter_Icu_ICU_EXCLUSIVE_AREA_05
                0x00009fd4                SchM_Exit_Icu_ICU_EXCLUSIVE_AREA_05
                0x0000a004                SchM_Enter_Icu_ICU_EXCLUSIVE_AREA_06
                0x0000a038                SchM_Exit_Icu_ICU_EXCLUSIVE_AREA_06
                0x0000a068                SchM_Enter_Icu_ICU_EXCLUSIVE_AREA_07
                0x0000a09c                SchM_Exit_Icu_ICU_EXCLUSIVE_AREA_07
                0x0000a0cc                SchM_Enter_Icu_ICU_EXCLUSIVE_AREA_08
                0x0000a100                SchM_Exit_Icu_ICU_EXCLUSIVE_AREA_08
                0x0000a130                SchM_Enter_Icu_ICU_EXCLUSIVE_AREA_09
                0x0000a164                SchM_Exit_Icu_ICU_EXCLUSIVE_AREA_09
                0x0000a194                SchM_Enter_Icu_ICU_EXCLUSIVE_AREA_11
                0x0000a1c8                SchM_Exit_Icu_ICU_EXCLUSIVE_AREA_11
                0x0000a1f8                SchM_Enter_Icu_ICU_EXCLUSIVE_AREA_15
                0x0000a22c                SchM_Exit_Icu_ICU_EXCLUSIVE_AREA_15
                0x0000a25c                SchM_Enter_Icu_ICU_EXCLUSIVE_AREA_16
                0x0000a290                SchM_Exit_Icu_ICU_EXCLUSIVE_AREA_16
                0x0000a2c0                SchM_Enter_Icu_ICU_EXCLUSIVE_AREA_17
                0x0000a2f4                SchM_Exit_Icu_ICU_EXCLUSIVE_AREA_17
                0x0000a324                SchM_Enter_Icu_ICU_EXCLUSIVE_AREA_18
                0x0000a358                SchM_Exit_Icu_ICU_EXCLUSIVE_AREA_18
                0x0000a388                SchM_Enter_Icu_ICU_EXCLUSIVE_AREA_19
                0x0000a3bc                SchM_Exit_Icu_ICU_EXCLUSIVE_AREA_19
                0x0000a3ec                SchM_Enter_Icu_ICU_EXCLUSIVE_AREA_20
                0x0000a420                SchM_Exit_Icu_ICU_EXCLUSIVE_AREA_20
                0x0000a450                SchM_Enter_Icu_ICU_EXCLUSIVE_AREA_21
                0x0000a484                SchM_Exit_Icu_ICU_EXCLUSIVE_AREA_21
                0x0000a4b4                SchM_Enter_Icu_ICU_EXCLUSIVE_AREA_22
                0x0000a4e8                SchM_Exit_Icu_ICU_EXCLUSIVE_AREA_22
                0x0000a518                SchM_Enter_Icu_ICU_EXCLUSIVE_AREA_23
                0x0000a54c                SchM_Exit_Icu_ICU_EXCLUSIVE_AREA_23
                0x0000a57c                SchM_Enter_Icu_ICU_EXCLUSIVE_AREA_24
                0x0000a5b0                SchM_Exit_Icu_ICU_EXCLUSIVE_AREA_24
                0x0000a5e0                SchM_Enter_Icu_ICU_EXCLUSIVE_AREA_25
                0x0000a614                SchM_Exit_Icu_ICU_EXCLUSIVE_AREA_25
                0x0000a644                SchM_Enter_Icu_ICU_EXCLUSIVE_AREA_26
                0x0000a678                SchM_Exit_Icu_ICU_EXCLUSIVE_AREA_26
                0x0000a6a8                SchM_Enter_Icu_ICU_EXCLUSIVE_AREA_27
                0x0000a6dc                SchM_Exit_Icu_ICU_EXCLUSIVE_AREA_27
                0x0000a70c                SchM_Enter_Icu_ICU_EXCLUSIVE_AREA_28
                0x0000a740                SchM_Exit_Icu_ICU_EXCLUSIVE_AREA_28
                0x0000a770                SchM_Enter_Icu_ICU_EXCLUSIVE_AREA_29
                0x0000a7a4                SchM_Exit_Icu_ICU_EXCLUSIVE_AREA_29
                0x0000a7d4                SchM_Enter_Icu_ICU_EXCLUSIVE_AREA_30
                0x0000a808                SchM_Exit_Icu_ICU_EXCLUSIVE_AREA_30
                0x0000a838                SchM_Enter_Icu_ICU_EXCLUSIVE_AREA_31
                0x0000a86c                SchM_Exit_Icu_ICU_EXCLUSIVE_AREA_31
                0x0000a89c                SchM_Enter_Icu_ICU_EXCLUSIVE_AREA_32
                0x0000a8d0                SchM_Exit_Icu_ICU_EXCLUSIVE_AREA_32
                0x0000a900                SchM_Enter_Icu_ICU_EXCLUSIVE_AREA_33
                0x0000a934                SchM_Exit_Icu_ICU_EXCLUSIVE_AREA_33
                0x0000a964                SchM_Enter_Icu_ICU_EXCLUSIVE_AREA_44
                0x0000a998                SchM_Exit_Icu_ICU_EXCLUSIVE_AREA_44
                0x0000a9c8                SchM_Enter_Icu_ICU_EXCLUSIVE_AREA_45
                0x0000a9fc                SchM_Exit_Icu_ICU_EXCLUSIVE_AREA_45
                0x0000aa2c                SchM_Enter_Icu_ICU_EXCLUSIVE_AREA_46
                0x0000aa60                SchM_Exit_Icu_ICU_EXCLUSIVE_AREA_46
                0x0000aa90                SchM_Enter_Icu_ICU_EXCLUSIVE_AREA_47
                0x0000aac4                SchM_Exit_Icu_ICU_EXCLUSIVE_AREA_47
                0x0000aaf4                SchM_Enter_Icu_ICU_EXCLUSIVE_AREA_48
                0x0000ab28                SchM_Exit_Icu_ICU_EXCLUSIVE_AREA_48
                0x0000ab58                SchM_Enter_Icu_ICU_EXCLUSIVE_AREA_49
                0x0000ab8c                SchM_Exit_Icu_ICU_EXCLUSIVE_AREA_49
                0x0000abbc                SchM_Enter_Icu_ICU_EXCLUSIVE_AREA_50
                0x0000abf0                SchM_Exit_Icu_ICU_EXCLUSIVE_AREA_50
                0x0000ac20                SchM_Enter_Icu_ICU_EXCLUSIVE_AREA_51
                0x0000ac54                SchM_Exit_Icu_ICU_EXCLUSIVE_AREA_51
                0x0000ac84                SchM_Enter_Icu_ICU_EXCLUSIVE_AREA_52
                0x0000acb8                SchM_Exit_Icu_ICU_EXCLUSIVE_AREA_52
                0x0000ace8                SchM_Enter_Icu_ICU_EXCLUSIVE_AREA_53
                0x0000ad1c                SchM_Exit_Icu_ICU_EXCLUSIVE_AREA_53
                0x0000ad4c                SchM_Enter_Icu_ICU_EXCLUSIVE_AREA_57
                0x0000ad80                SchM_Exit_Icu_ICU_EXCLUSIVE_AREA_57
                0x0000adb0                SchM_Enter_Icu_ICU_EXCLUSIVE_AREA_58
                0x0000ade4                SchM_Exit_Icu_ICU_EXCLUSIVE_AREA_58
                0x0000ae14                SchM_Enter_Icu_ICU_EXCLUSIVE_AREA_59
                0x0000ae48                SchM_Exit_Icu_ICU_EXCLUSIVE_AREA_59
 .mcal_text     0x0000ae78      0x1f4 out/SchM_Iseled.o
                0x0000ae78                SchM_Enter_Iseled_ISELED_EXCLUSIVE_AREA_00
                0x0000aeac                SchM_Exit_Iseled_ISELED_EXCLUSIVE_AREA_00
                0x0000aedc                SchM_Enter_Iseled_ISELED_EXCLUSIVE_AREA_01
                0x0000af10                SchM_Exit_Iseled_ISELED_EXCLUSIVE_AREA_01
                0x0000af40                SchM_Enter_Iseled_ISELED_EXCLUSIVE_AREA_02
                0x0000af74                SchM_Exit_Iseled_ISELED_EXCLUSIVE_AREA_02
                0x0000afa4                SchM_Enter_Iseled_ISELED_EXCLUSIVE_AREA_03
                0x0000afd8                SchM_Exit_Iseled_ISELED_EXCLUSIVE_AREA_03
                0x0000b008                SchM_Enter_Iseled_ISELED_EXCLUSIVE_AREA_04
                0x0000b03c                SchM_Exit_Iseled_ISELED_EXCLUSIVE_AREA_04
 .mcal_text     0x0000b06c      0x708 out/SchM_Lin_43_LPUART_FLEXIO.o
                0x0000b06c                SchM_Enter_Lin_43_LPUART_FLEXIO_LIN_EXCLUSIVE_AREA_08
                0x0000b0a0                SchM_Exit_Lin_43_LPUART_FLEXIO_LIN_EXCLUSIVE_AREA_08
                0x0000b0d0                SchM_Enter_Lin_43_LPUART_FLEXIO_LIN_EXCLUSIVE_AREA_09
                0x0000b104                SchM_Exit_Lin_43_LPUART_FLEXIO_LIN_EXCLUSIVE_AREA_09
                0x0000b134                SchM_Enter_Lin_43_LPUART_FLEXIO_LIN_EXCLUSIVE_AREA_10
                0x0000b168                SchM_Exit_Lin_43_LPUART_FLEXIO_LIN_EXCLUSIVE_AREA_10
                0x0000b198                SchM_Enter_Lin_43_LPUART_FLEXIO_LIN_EXCLUSIVE_AREA_11
                0x0000b1cc                SchM_Exit_Lin_43_LPUART_FLEXIO_LIN_EXCLUSIVE_AREA_11
                0x0000b1fc                SchM_Enter_Lin_43_LPUART_FLEXIO_LIN_EXCLUSIVE_AREA_13
                0x0000b230                SchM_Exit_Lin_43_LPUART_FLEXIO_LIN_EXCLUSIVE_AREA_13
                0x0000b260                SchM_Enter_Lin_43_LPUART_FLEXIO_LIN_EXCLUSIVE_AREA_15
                0x0000b294                SchM_Exit_Lin_43_LPUART_FLEXIO_LIN_EXCLUSIVE_AREA_15
                0x0000b2c4                SchM_Enter_Lin_43_LPUART_FLEXIO_LIN_EXCLUSIVE_AREA_16
                0x0000b2f8                SchM_Exit_Lin_43_LPUART_FLEXIO_LIN_EXCLUSIVE_AREA_16
                0x0000b328                SchM_Enter_Lin_43_LPUART_FLEXIO_LIN_EXCLUSIVE_AREA_17
                0x0000b35c                SchM_Exit_Lin_43_LPUART_FLEXIO_LIN_EXCLUSIVE_AREA_17
                0x0000b38c                SchM_Enter_Lin_43_LPUART_FLEXIO_LIN_EXCLUSIVE_AREA_18
                0x0000b3c0                SchM_Exit_Lin_43_LPUART_FLEXIO_LIN_EXCLUSIVE_AREA_18
                0x0000b3f0                SchM_Enter_Lin_43_LPUART_FLEXIO_LIN_EXCLUSIVE_AREA_19
                0x0000b424                SchM_Exit_Lin_43_LPUART_FLEXIO_LIN_EXCLUSIVE_AREA_19
                0x0000b454                SchM_Enter_Lin_43_LPUART_FLEXIO_LIN_EXCLUSIVE_AREA_20
                0x0000b488                SchM_Exit_Lin_43_LPUART_FLEXIO_LIN_EXCLUSIVE_AREA_20
                0x0000b4b8                SchM_Enter_Lin_43_LPUART_FLEXIO_LIN_EXCLUSIVE_AREA_21
                0x0000b4ec                SchM_Exit_Lin_43_LPUART_FLEXIO_LIN_EXCLUSIVE_AREA_21
                0x0000b51c                SchM_Enter_Lin_43_LPUART_FLEXIO_LIN_EXCLUSIVE_AREA_22
                0x0000b550                SchM_Exit_Lin_43_LPUART_FLEXIO_LIN_EXCLUSIVE_AREA_22
                0x0000b580                SchM_Enter_Lin_43_LPUART_FLEXIO_LIN_EXCLUSIVE_AREA_23
                0x0000b5b4                SchM_Exit_Lin_43_LPUART_FLEXIO_LIN_EXCLUSIVE_AREA_23
                0x0000b5e4                SchM_Enter_Lin_43_LPUART_FLEXIO_LIN_EXCLUSIVE_AREA_24
                0x0000b618                SchM_Exit_Lin_43_LPUART_FLEXIO_LIN_EXCLUSIVE_AREA_24
                0x0000b648                SchM_Enter_Lin_43_LPUART_FLEXIO_LIN_EXCLUSIVE_AREA_25
                0x0000b67c                SchM_Exit_Lin_43_LPUART_FLEXIO_LIN_EXCLUSIVE_AREA_25
                0x0000b6ac                SchM_Enter_Lin_43_LPUART_FLEXIO_LIN_EXCLUSIVE_AREA_26
                0x0000b6e0                SchM_Exit_Lin_43_LPUART_FLEXIO_LIN_EXCLUSIVE_AREA_26
                0x0000b710                SchM_Enter_Lin_43_LPUART_FLEXIO_LIN_EXCLUSIVE_AREA_27
                0x0000b744                SchM_Exit_Lin_43_LPUART_FLEXIO_LIN_EXCLUSIVE_AREA_27
 .mcal_text     0x0000b774     0x125c out/SchM_Mcl.o
                0x0000b774                SchM_Enter_Mcl_MCL_EXCLUSIVE_AREA_00
                0x0000b7a8                SchM_Exit_Mcl_MCL_EXCLUSIVE_AREA_00
                0x0000b7d8                SchM_Enter_Mcl_MCL_EXCLUSIVE_AREA_01
                0x0000b80c                SchM_Exit_Mcl_MCL_EXCLUSIVE_AREA_01
                0x0000b83c                SchM_Enter_Mcl_MCL_EXCLUSIVE_AREA_02
                0x0000b870                SchM_Exit_Mcl_MCL_EXCLUSIVE_AREA_02
                0x0000b8a0                SchM_Enter_Mcl_MCL_EXCLUSIVE_AREA_03
                0x0000b8d4                SchM_Exit_Mcl_MCL_EXCLUSIVE_AREA_03
                0x0000b904                SchM_Enter_Mcl_MCL_EXCLUSIVE_AREA_04
                0x0000b938                SchM_Exit_Mcl_MCL_EXCLUSIVE_AREA_04
                0x0000b968                SchM_Enter_Mcl_MCL_EXCLUSIVE_AREA_05
                0x0000b99c                SchM_Exit_Mcl_MCL_EXCLUSIVE_AREA_05
                0x0000b9cc                SchM_Enter_Mcl_MCL_EXCLUSIVE_AREA_06
                0x0000ba00                SchM_Exit_Mcl_MCL_EXCLUSIVE_AREA_06
                0x0000ba30                SchM_Enter_Mcl_MCL_EXCLUSIVE_AREA_07
                0x0000ba64                SchM_Exit_Mcl_MCL_EXCLUSIVE_AREA_07
                0x0000ba94                SchM_Enter_Mcl_MCL_EXCLUSIVE_AREA_08
                0x0000bac8                SchM_Exit_Mcl_MCL_EXCLUSIVE_AREA_08
                0x0000baf8                SchM_Enter_Mcl_MCL_EXCLUSIVE_AREA_09
                0x0000bb2c                SchM_Exit_Mcl_MCL_EXCLUSIVE_AREA_09
                0x0000bb5c                SchM_Enter_Mcl_MCL_EXCLUSIVE_AREA_10
                0x0000bb90                SchM_Exit_Mcl_MCL_EXCLUSIVE_AREA_10
                0x0000bbc0                SchM_Enter_Mcl_MCL_EXCLUSIVE_AREA_11
                0x0000bbf4                SchM_Exit_Mcl_MCL_EXCLUSIVE_AREA_11
                0x0000bc24                SchM_Enter_Mcl_MCL_EXCLUSIVE_AREA_12
                0x0000bc58                SchM_Exit_Mcl_MCL_EXCLUSIVE_AREA_12
                0x0000bc88                SchM_Enter_Mcl_MCL_EXCLUSIVE_AREA_13
                0x0000bcbc                SchM_Exit_Mcl_MCL_EXCLUSIVE_AREA_13
                0x0000bcec                SchM_Enter_Mcl_MCL_EXCLUSIVE_AREA_14
                0x0000bd20                SchM_Exit_Mcl_MCL_EXCLUSIVE_AREA_14
                0x0000bd50                SchM_Enter_Mcl_MCL_EXCLUSIVE_AREA_15
                0x0000bd84                SchM_Exit_Mcl_MCL_EXCLUSIVE_AREA_15
                0x0000bdb4                SchM_Enter_Mcl_MCL_EXCLUSIVE_AREA_16
                0x0000bde8                SchM_Exit_Mcl_MCL_EXCLUSIVE_AREA_16
                0x0000be18                SchM_Enter_Mcl_MCL_EXCLUSIVE_AREA_17
                0x0000be4c                SchM_Exit_Mcl_MCL_EXCLUSIVE_AREA_17
                0x0000be7c                SchM_Enter_Mcl_MCL_EXCLUSIVE_AREA_18
                0x0000beb0                SchM_Exit_Mcl_MCL_EXCLUSIVE_AREA_18
                0x0000bee0                SchM_Enter_Mcl_MCL_EXCLUSIVE_AREA_19
                0x0000bf14                SchM_Exit_Mcl_MCL_EXCLUSIVE_AREA_19
                0x0000bf44                SchM_Enter_Mcl_MCL_EXCLUSIVE_AREA_20
                0x0000bf78                SchM_Exit_Mcl_MCL_EXCLUSIVE_AREA_20
                0x0000bfa8                SchM_Enter_Mcl_MCL_EXCLUSIVE_AREA_21
                0x0000bfdc                SchM_Exit_Mcl_MCL_EXCLUSIVE_AREA_21
                0x0000c00c                SchM_Enter_Mcl_MCL_EXCLUSIVE_AREA_22
                0x0000c040                SchM_Exit_Mcl_MCL_EXCLUSIVE_AREA_22
                0x0000c070                SchM_Enter_Mcl_MCL_EXCLUSIVE_AREA_23
                0x0000c0a4                SchM_Exit_Mcl_MCL_EXCLUSIVE_AREA_23
                0x0000c0d4                SchM_Enter_Mcl_MCL_EXCLUSIVE_AREA_24
                0x0000c108                SchM_Exit_Mcl_MCL_EXCLUSIVE_AREA_24
                0x0000c138                SchM_Enter_Mcl_MCL_EXCLUSIVE_AREA_25
                0x0000c16c                SchM_Exit_Mcl_MCL_EXCLUSIVE_AREA_25
                0x0000c19c                SchM_Enter_Mcl_MCL_EXCLUSIVE_AREA_26
                0x0000c1d0                SchM_Exit_Mcl_MCL_EXCLUSIVE_AREA_26
                0x0000c200                SchM_Enter_Mcl_MCL_EXCLUSIVE_AREA_27
                0x0000c234                SchM_Exit_Mcl_MCL_EXCLUSIVE_AREA_27
                0x0000c264                SchM_Enter_Mcl_MCL_EXCLUSIVE_AREA_28
                0x0000c298                SchM_Exit_Mcl_MCL_EXCLUSIVE_AREA_28
                0x0000c2c8                SchM_Enter_Mcl_MCL_EXCLUSIVE_AREA_29
                0x0000c2fc                SchM_Exit_Mcl_MCL_EXCLUSIVE_AREA_29
                0x0000c32c                SchM_Enter_Mcl_MCL_EXCLUSIVE_AREA_30
                0x0000c360                SchM_Exit_Mcl_MCL_EXCLUSIVE_AREA_30
                0x0000c390                SchM_Enter_Mcl_MCL_EXCLUSIVE_AREA_31
                0x0000c3c4                SchM_Exit_Mcl_MCL_EXCLUSIVE_AREA_31
                0x0000c3f4                SchM_Enter_Mcl_MCL_EXCLUSIVE_AREA_32
                0x0000c428                SchM_Exit_Mcl_MCL_EXCLUSIVE_AREA_32
                0x0000c458                SchM_Enter_Mcl_MCL_EXCLUSIVE_AREA_33
                0x0000c48c                SchM_Exit_Mcl_MCL_EXCLUSIVE_AREA_33
                0x0000c4bc                SchM_Enter_Mcl_MCL_EXCLUSIVE_AREA_34
                0x0000c4f0                SchM_Exit_Mcl_MCL_EXCLUSIVE_AREA_34
                0x0000c520                SchM_Enter_Mcl_MCL_EXCLUSIVE_AREA_35
                0x0000c554                SchM_Exit_Mcl_MCL_EXCLUSIVE_AREA_35
                0x0000c584                SchM_Enter_Mcl_MCL_EXCLUSIVE_AREA_36
                0x0000c5b8                SchM_Exit_Mcl_MCL_EXCLUSIVE_AREA_36
                0x0000c5e8                SchM_Enter_Mcl_MCL_EXCLUSIVE_AREA_37
                0x0000c61c                SchM_Exit_Mcl_MCL_EXCLUSIVE_AREA_37
                0x0000c64c                SchM_Enter_Mcl_MCL_EXCLUSIVE_AREA_38
                0x0000c680                SchM_Exit_Mcl_MCL_EXCLUSIVE_AREA_38
                0x0000c6b0                SchM_Enter_Mcl_MCL_EXCLUSIVE_AREA_39
                0x0000c6e4                SchM_Exit_Mcl_MCL_EXCLUSIVE_AREA_39
                0x0000c714                SchM_Enter_Mcl_MCL_EXCLUSIVE_AREA_40
                0x0000c748                SchM_Exit_Mcl_MCL_EXCLUSIVE_AREA_40
                0x0000c778                SchM_Enter_Mcl_MCL_EXCLUSIVE_AREA_41
                0x0000c7ac                SchM_Exit_Mcl_MCL_EXCLUSIVE_AREA_41
                0x0000c7dc                SchM_Enter_Mcl_MCL_EXCLUSIVE_AREA_42
                0x0000c810                SchM_Exit_Mcl_MCL_EXCLUSIVE_AREA_42
                0x0000c840                SchM_Enter_Mcl_MCL_EXCLUSIVE_AREA_43
                0x0000c874                SchM_Exit_Mcl_MCL_EXCLUSIVE_AREA_43
                0x0000c8a4                SchM_Enter_Mcl_MCL_EXCLUSIVE_AREA_44
                0x0000c8d8                SchM_Exit_Mcl_MCL_EXCLUSIVE_AREA_44
                0x0000c908                SchM_Enter_Mcl_MCL_EXCLUSIVE_AREA_45
                0x0000c93c                SchM_Exit_Mcl_MCL_EXCLUSIVE_AREA_45
                0x0000c96c                SchM_Enter_Mcl_MCL_EXCLUSIVE_AREA_46
                0x0000c9a0                SchM_Exit_Mcl_MCL_EXCLUSIVE_AREA_46
 .mcal_text     0x0000c9d0      0x12c out/SchM_Mcu.o
                0x0000c9d0                SchM_Enter_Mcu_MCU_EXCLUSIVE_AREA_00
                0x0000ca04                SchM_Exit_Mcu_MCU_EXCLUSIVE_AREA_00
                0x0000ca34                SchM_Enter_Mcu_MCU_EXCLUSIVE_AREA_01
                0x0000ca68                SchM_Exit_Mcu_MCU_EXCLUSIVE_AREA_01
                0x0000ca98                SchM_Enter_Mcu_MCU_EXCLUSIVE_AREA_02
                0x0000cacc                SchM_Exit_Mcu_MCU_EXCLUSIVE_AREA_02
 .mcal_text     0x0000cafc      0x578 out/SchM_Mem_43_EEP.o
                0x0000cafc                SchM_Enter_Mem_43_EEP_MEM_EXCLUSIVE_AREA_00
                0x0000cb30                SchM_Exit_Mem_43_EEP_MEM_EXCLUSIVE_AREA_00
                0x0000cb60                SchM_Enter_Mem_43_EEP_MEM_EXCLUSIVE_AREA_01
                0x0000cb94                SchM_Exit_Mem_43_EEP_MEM_EXCLUSIVE_AREA_01
                0x0000cbc4                SchM_Enter_Mem_43_EEP_MEM_EXCLUSIVE_AREA_02
                0x0000cbf8                SchM_Exit_Mem_43_EEP_MEM_EXCLUSIVE_AREA_02
                0x0000cc28                SchM_Enter_Mem_43_EEP_MEM_EXCLUSIVE_AREA_03
                0x0000cc5c                SchM_Exit_Mem_43_EEP_MEM_EXCLUSIVE_AREA_03
                0x0000cc8c                SchM_Enter_Mem_43_EEP_MEM_EXCLUSIVE_AREA_04
                0x0000ccc0                SchM_Exit_Mem_43_EEP_MEM_EXCLUSIVE_AREA_04
                0x0000ccf0                SchM_Enter_Mem_43_EEP_MEM_EXCLUSIVE_AREA_05
                0x0000cd24                SchM_Exit_Mem_43_EEP_MEM_EXCLUSIVE_AREA_05
                0x0000cd54                SchM_Enter_Mem_43_EEP_MEM_EXCLUSIVE_AREA_06
                0x0000cd88                SchM_Exit_Mem_43_EEP_MEM_EXCLUSIVE_AREA_06
                0x0000cdb8                SchM_Enter_Mem_43_EEP_MEM_EXCLUSIVE_AREA_07
                0x0000cdec                SchM_Exit_Mem_43_EEP_MEM_EXCLUSIVE_AREA_07
                0x0000ce1c                SchM_Enter_Mem_43_EEP_MEM_EXCLUSIVE_AREA_08
                0x0000ce50                SchM_Exit_Mem_43_EEP_MEM_EXCLUSIVE_AREA_08
                0x0000ce80                SchM_Enter_Mem_43_EEP_MEM_EXCLUSIVE_AREA_10
                0x0000ceb4                SchM_Exit_Mem_43_EEP_MEM_EXCLUSIVE_AREA_10
                0x0000cee4                SchM_Enter_Mem_43_EEP_MEM_EXCLUSIVE_AREA_11
                0x0000cf18                SchM_Exit_Mem_43_EEP_MEM_EXCLUSIVE_AREA_11
                0x0000cf48                SchM_Enter_Mem_43_EEP_MEM_EXCLUSIVE_AREA_12
                0x0000cf7c                SchM_Exit_Mem_43_EEP_MEM_EXCLUSIVE_AREA_12
                0x0000cfac                SchM_Enter_Mem_43_EEP_MEM_EXCLUSIVE_AREA_13
                0x0000cfe0                SchM_Exit_Mem_43_EEP_MEM_EXCLUSIVE_AREA_13
                0x0000d010                SchM_Enter_Mem_43_EEP_MEM_EXCLUSIVE_AREA_14
                0x0000d044                SchM_Exit_Mem_43_EEP_MEM_EXCLUSIVE_AREA_14
 .mcal_text     0x0000d074      0x1f4 out/SchM_Mem_43_EXFLS.o
                0x0000d074                SchM_Enter_Mem_43_EXFLS_MEM_EXCLUSIVE_AREA_10
                0x0000d0a8                SchM_Exit_Mem_43_EXFLS_MEM_EXCLUSIVE_AREA_10
                0x0000d0d8                SchM_Enter_Mem_43_EXFLS_MEM_EXCLUSIVE_AREA_11
                0x0000d10c                SchM_Exit_Mem_43_EXFLS_MEM_EXCLUSIVE_AREA_11
                0x0000d13c                SchM_Enter_Mem_43_EXFLS_MEM_EXCLUSIVE_AREA_12
                0x0000d170                SchM_Exit_Mem_43_EXFLS_MEM_EXCLUSIVE_AREA_12
                0x0000d1a0                SchM_Enter_Mem_43_EXFLS_MEM_EXCLUSIVE_AREA_13
                0x0000d1d4                SchM_Exit_Mem_43_EXFLS_MEM_EXCLUSIVE_AREA_13
                0x0000d204                SchM_Enter_Mem_43_EXFLS_MEM_EXCLUSIVE_AREA_14
                0x0000d238                SchM_Exit_Mem_43_EXFLS_MEM_EXCLUSIVE_AREA_14
 .mcal_text     0x0000d268      0x1f4 out/SchM_Mem_43_INFLS.o
                0x0000d268                SchM_Enter_Mem_43_INFLS_MEM_EXCLUSIVE_AREA_01
                0x0000d29c                SchM_Exit_Mem_43_INFLS_MEM_EXCLUSIVE_AREA_01
                0x0000d2cc                SchM_Enter_Mem_43_INFLS_MEM_EXCLUSIVE_AREA_02
                0x0000d300                SchM_Exit_Mem_43_INFLS_MEM_EXCLUSIVE_AREA_02
                0x0000d330                SchM_Enter_Mem_43_INFLS_MEM_EXCLUSIVE_AREA_03
                0x0000d364                SchM_Exit_Mem_43_INFLS_MEM_EXCLUSIVE_AREA_03
                0x0000d394                SchM_Enter_Mem_43_INFLS_MEM_EXCLUSIVE_AREA_04
                0x0000d3c8                SchM_Exit_Mem_43_INFLS_MEM_EXCLUSIVE_AREA_04
                0x0000d3f8                SchM_Enter_Mem_43_INFLS_MEM_EXCLUSIVE_AREA_05
                0x0000d42c                SchM_Exit_Mem_43_INFLS_MEM_EXCLUSIVE_AREA_05
 .mcal_text     0x0000d45c      0x258 out/SchM_MemAcc.o
                0x0000d45c                SchM_Enter_MemAcc_MEMACC_EXCLUSIVE_AREA_10
                0x0000d490                SchM_Exit_MemAcc_MEMACC_EXCLUSIVE_AREA_10
                0x0000d4c0                SchM_Enter_MemAcc_MEMACC_EXCLUSIVE_AREA_11
                0x0000d4f4                SchM_Exit_MemAcc_MEMACC_EXCLUSIVE_AREA_11
                0x0000d524                SchM_Enter_MemAcc_MEMACC_EXCLUSIVE_AREA_12
                0x0000d558                SchM_Exit_MemAcc_MEMACC_EXCLUSIVE_AREA_12
                0x0000d588                SchM_Enter_MemAcc_MEMACC_EXCLUSIVE_AREA_13
                0x0000d5bc                SchM_Exit_MemAcc_MEMACC_EXCLUSIVE_AREA_13
                0x0000d5ec                SchM_Enter_MemAcc_MEMACC_EXCLUSIVE_AREA_14
                0x0000d620                SchM_Exit_MemAcc_MEMACC_EXCLUSIVE_AREA_14
                0x0000d650                SchM_Enter_MemAcc_MEMACC_EXCLUSIVE_AREA_15
                0x0000d684                SchM_Exit_MemAcc_MEMACC_EXCLUSIVE_AREA_15
 .mcal_text     0x0000d6b4      0x1f4 out/SchM_Ocotp.o
                0x0000d6b4                SchM_Enter_Ocotp_OCOTP_EXCLUSIVE_AREA_00
                0x0000d6e8                SchM_Exit_Ocotp_OCOTP_EXCLUSIVE_AREA_00
                0x0000d718                SchM_Enter_Ocotp_OCOTP_EXCLUSIVE_AREA_01
                0x0000d74c                SchM_Exit_Ocotp_OCOTP_EXCLUSIVE_AREA_01
                0x0000d77c                SchM_Enter_Ocotp_OCOTP_EXCLUSIVE_AREA_02
                0x0000d7b0                SchM_Exit_Ocotp_OCOTP_EXCLUSIVE_AREA_02
                0x0000d7e0                SchM_Enter_Ocotp_OCOTP_EXCLUSIVE_AREA_03
                0x0000d814                SchM_Exit_Ocotp_OCOTP_EXCLUSIVE_AREA_03
                0x0000d844                SchM_Enter_Ocotp_OCOTP_EXCLUSIVE_AREA_04
                0x0000d878                SchM_Exit_Ocotp_OCOTP_EXCLUSIVE_AREA_04
 .mcal_text     0x0000d8a8      0x834 out/SchM_Ocu.o
                0x0000d8a8                SchM_Enter_Ocu_OCU_EXCLUSIVE_AREA_00
                0x0000d8dc                SchM_Exit_Ocu_OCU_EXCLUSIVE_AREA_00
                0x0000d90c                SchM_Enter_Ocu_OCU_EXCLUSIVE_AREA_01
                0x0000d940                SchM_Exit_Ocu_OCU_EXCLUSIVE_AREA_01
                0x0000d970                SchM_Enter_Ocu_OCU_EXCLUSIVE_AREA_02
                0x0000d9a4                SchM_Exit_Ocu_OCU_EXCLUSIVE_AREA_02
                0x0000d9d4                SchM_Enter_Ocu_OCU_EXCLUSIVE_AREA_03
                0x0000da08                SchM_Exit_Ocu_OCU_EXCLUSIVE_AREA_03
                0x0000da38                SchM_Enter_Ocu_OCU_EXCLUSIVE_AREA_04
                0x0000da6c                SchM_Exit_Ocu_OCU_EXCLUSIVE_AREA_04
                0x0000da9c                SchM_Enter_Ocu_OCU_EXCLUSIVE_AREA_05
                0x0000dad0                SchM_Exit_Ocu_OCU_EXCLUSIVE_AREA_05
                0x0000db00                SchM_Enter_Ocu_OCU_EXCLUSIVE_AREA_06
                0x0000db34                SchM_Exit_Ocu_OCU_EXCLUSIVE_AREA_06
                0x0000db64                SchM_Enter_Ocu_OCU_EXCLUSIVE_AREA_07
                0x0000db98                SchM_Exit_Ocu_OCU_EXCLUSIVE_AREA_07
                0x0000dbc8                SchM_Enter_Ocu_OCU_EXCLUSIVE_AREA_10
                0x0000dbfc                SchM_Exit_Ocu_OCU_EXCLUSIVE_AREA_10
                0x0000dc2c                SchM_Enter_Ocu_OCU_EXCLUSIVE_AREA_11
                0x0000dc60                SchM_Exit_Ocu_OCU_EXCLUSIVE_AREA_11
                0x0000dc90                SchM_Enter_Ocu_OCU_EXCLUSIVE_AREA_12
                0x0000dcc4                SchM_Exit_Ocu_OCU_EXCLUSIVE_AREA_12
                0x0000dcf4                SchM_Enter_Ocu_OCU_EXCLUSIVE_AREA_13
                0x0000dd28                SchM_Exit_Ocu_OCU_EXCLUSIVE_AREA_13
                0x0000dd58                SchM_Enter_Ocu_OCU_EXCLUSIVE_AREA_14
                0x0000dd8c                SchM_Exit_Ocu_OCU_EXCLUSIVE_AREA_14
                0x0000ddbc                SchM_Enter_Ocu_OCU_EXCLUSIVE_AREA_15
                0x0000ddf0                SchM_Exit_Ocu_OCU_EXCLUSIVE_AREA_15
                0x0000de20                SchM_Enter_Ocu_OCU_EXCLUSIVE_AREA_16
                0x0000de54                SchM_Exit_Ocu_OCU_EXCLUSIVE_AREA_16
                0x0000de84                SchM_Enter_Ocu_OCU_EXCLUSIVE_AREA_20
                0x0000deb8                SchM_Exit_Ocu_OCU_EXCLUSIVE_AREA_20
                0x0000dee8                SchM_Enter_Ocu_OCU_EXCLUSIVE_AREA_21
                0x0000df1c                SchM_Exit_Ocu_OCU_EXCLUSIVE_AREA_21
                0x0000df4c                SchM_Enter_Ocu_OCU_EXCLUSIVE_AREA_22
                0x0000df80                SchM_Exit_Ocu_OCU_EXCLUSIVE_AREA_22
                0x0000dfb0                SchM_Enter_Ocu_OCU_EXCLUSIVE_AREA_23
                0x0000dfe4                SchM_Exit_Ocu_OCU_EXCLUSIVE_AREA_23
                0x0000e014                SchM_Enter_Ocu_OCU_EXCLUSIVE_AREA_24
                0x0000e048                SchM_Exit_Ocu_OCU_EXCLUSIVE_AREA_24
                0x0000e078                SchM_Enter_Ocu_OCU_EXCLUSIVE_AREA_25
                0x0000e0ac                SchM_Exit_Ocu_OCU_EXCLUSIVE_AREA_25
 .mcal_text     0x0000e0dc      0x514 out/SchM_Platform.o