Autosar/Mcal/Dio/src/Gpio_Dio_Ip.c:157:6:Gpio_Dio_Ip_WritePin	32	static
Autosar/Mcal/Dio/src/Gpio_Dio_Ip.c:181:6:Gpio_Dio_Ip_WritePins	8	static
Autosar/Mcal/Dio/src/Gpio_Dio_Ip.c:198:29:Gpio_Dio_Ip_GetPinsOutput	16	static
Autosar/Mcal/Dio/src/Gpio_Dio_Ip.c:213:6:Gpio_Dio_Ip_SetPins	8	static
Autosar/Mcal/Dio/src/Gpio_Dio_Ip.c:230:6:Gpio_Dio_Ip_ClearPins	8	static
Autosar/Mcal/Dio/src/Gpio_Dio_Ip.c:246:6:Gpio_Dio_Ip_TogglePins	8	static
Autosar/Mcal/Dio/src/Gpio_Dio_Ip.c:262:29:Gpio_Dio_Ip_ReadPins	16	static
Autosar/Mcal/Dio/src/Gpio_Dio_Ip.c:276:27:Gpio_Dio_Ip_ReadPin	16	static
