Autosar/Mcal/Mcu/src/Clock_Ip_Selector.c:232:13:Clock_Ip_CallbackSelectorEmpty	8	static
Autosar/Mcal/Mcu/src/Clock_Ip_Selector.c:239:13:Clock_Ip_ResetScgRunSel	16	static
Autosar/Mcal/Mcu/src/Clock_Ip_Selector.c:253:13:Clock_Ip_SetScgRunSel	16	static
Autosar/Mcal/Mcu/src/Clock_Ip_Selector.c:270:13:Clock_Ip_SetScgVlprSel	16	static
Autosar/Mcal/Mcu/src/Clock_Ip_Selector.c:287:13:Clock_Ip_ResetScgHsrunSel	16	static
Autosar/Mcal/Mcu/src/Clock_Ip_Selector.c:300:13:Clock_Ip_SetScgHsrunSel	16	static
Autosar/Mcal/Mcu/src/Clock_Ip_Selector.c:316:13:Clock_Ip_ResetSimRtcSel	16	static
Autosar/Mcal/Mcu/src/Clock_Ip_Selector.c:329:13:Clock_Ip_SetSimRtcSel	16	static
Autosar/Mcal/Mcu/src/Clock_Ip_Selector.c:345:13:Clock_Ip_ResetSimLpoSel	16	static
Autosar/Mcal/Mcu/src/Clock_Ip_Selector.c:358:13:Clock_Ip_SetSimLpoSel	16	static
Autosar/Mcal/Mcu/src/Clock_Ip_Selector.c:374:13:Clock_Ip_ResetScgClkoutSel	16	static
Autosar/Mcal/Mcu/src/Clock_Ip_Selector.c:387:13:Clock_Ip_SetScgClkoutSel	16	static
Autosar/Mcal/Mcu/src/Clock_Ip_Selector.c:403:13:Clock_Ip_ResetSimFtmoptSel	16	static
Autosar/Mcal/Mcu/src/Clock_Ip_Selector.c:416:13:Clock_Ip_SetSimFtmoptSel	16	static
Autosar/Mcal/Mcu/src/Clock_Ip_Selector.c:432:13:Clock_Ip_ResetSimClkoutSel	16	static
Autosar/Mcal/Mcu/src/Clock_Ip_Selector.c:445:13:Clock_Ip_SetSimClkoutSel	16	static
Autosar/Mcal/Mcu/src/Clock_Ip_Selector.c:461:13:Clock_Ip_ResetPccPcsSelect	16	static
Autosar/Mcal/Mcu/src/Clock_Ip_Selector.c:474:13:Clock_Ip_SetPccPcsSelect	16	static
Autosar/Mcal/Mcu/src/Clock_Ip_Selector.c:490:13:Clock_Ip_ResetSimTraceSel	16	static
Autosar/Mcal/Mcu/src/Clock_Ip_Selector.c:503:13:Clock_Ip_SetSimTraceSel	16	static
Autosar/Mcal/Mcu/src/Clock_Ip_Selector.c:522:6:Clock_Ip_ResetScgRunSel_TrustedCall	16	static
Autosar/Mcal/Mcu/src/Clock_Ip_Selector.c:535:6:Clock_Ip_SetScgRunSel_TrustedCall	16	static
Autosar/Mcal/Mcu/src/Clock_Ip_Selector.c:549:6:Clock_Ip_SetScgVlprSel_TrustedCall	16	static
Autosar/Mcal/Mcu/src/Clock_Ip_Selector.c:563:6:Clock_Ip_ResetScgHsrunSel_TrustedCall	16	static
Autosar/Mcal/Mcu/src/Clock_Ip_Selector.c:575:6:Clock_Ip_SetScgHsrunSel_TrustedCall	16	static
Autosar/Mcal/Mcu/src/Clock_Ip_Selector.c:588:6:Clock_Ip_ResetSimRtcSel_TrustedCall	16	static
Autosar/Mcal/Mcu/src/Clock_Ip_Selector.c:601:6:Clock_Ip_SetSimRtcSel_TrustedCall	16	static
Autosar/Mcal/Mcu/src/Clock_Ip_Selector.c:614:6:Clock_Ip_ResetSimLpoSel_TrustedCall	16	static
Autosar/Mcal/Mcu/src/Clock_Ip_Selector.c:626:6:Clock_Ip_SetSimLpoSel_TrustedCall	16	static
Autosar/Mcal/Mcu/src/Clock_Ip_Selector.c:642:6:Clock_Ip_ResetScgClkoutSel_TrustedCall	16	static
Autosar/Mcal/Mcu/src/Clock_Ip_Selector.c:655:6:Clock_Ip_SetScgClkoutSel_TrustedCall	16	static
Autosar/Mcal/Mcu/src/Clock_Ip_Selector.c:672:6:Clock_Ip_ResetSimFtmoptSel_TrustedCall	24	static
Autosar/Mcal/Mcu/src/Clock_Ip_Selector.c:692:6:Clock_Ip_SetSimFtmoptSel_TrustedCall	24	static
Autosar/Mcal/Mcu/src/Clock_Ip_Selector.c:716:6:Clock_Ip_ResetSimClkoutSel_TrustedCall	16	static
Autosar/Mcal/Mcu/src/Clock_Ip_Selector.c:726:6:Clock_Ip_SetSimClkoutSel_TrustedCall	16	static
Autosar/Mcal/Mcu/src/Clock_Ip_Selector.c:742:6:Clock_Ip_ResetPccPcsSelect_TrustedCall	16	static
Autosar/Mcal/Mcu/src/Clock_Ip_Selector.c:750:6:Clock_Ip_SetPccPcsSelect_TrustedCall	24	static
Autosar/Mcal/Mcu/src/Clock_Ip_Selector.c:764:6:Clock_Ip_ResetSimTraceSel_TrustedCall	16	static
Autosar/Mcal/Mcu/src/Clock_Ip_Selector.c:776:6:Clock_Ip_SetSimTraceSel_TrustedCall	16	static
