Autosar/Mcal/Can/include/FlexCAN_Ip_HwAccess.h:1200:20:FlexCAN_SetSelfReception	8	static
Autosar/Mcal/Can/include/FlexCAN_Ip_HwAccess.h:1211:23:FlexCAN_IsFDEnabled	8	static
Autosar/Mcal/Can/include/FlexCAN_Ip_HwAccess.h:1270:20:FlexCAN_SetIsoCan	8	static
Autosar/Mcal/Can/include/FlexCAN_Ip_HwAccess.h:1283:20:FlexCAN_SetEntireFrameArbitrationFieldComparison	8	static
Autosar/Mcal/Can/include/FlexCAN_Ip_HwAccess.h:1294:20:FlexCAN_SetProtocolException	8	static
Autosar/Mcal/Can/include/FlexCAN_Ip_HwAccess.h:1306:20:FlexCAN_SetRemoteReqStore	8	static
Autosar/Mcal/Can/include/FlexCAN_Ip_HwAccess.h:1316:20:FlexCAN_SetBusOffAutorecovery	8	static
Autosar/Mcal/Can/include/FlexCAN_Ip_HwAccess.h:1327:20:FlexCAN_SetEdgeFilter	8	static
Autosar/Mcal/Can/include/FlexCAN_Ip_HwAccess.h:1338:20:FlexCAN_CanBitSampling	8	static
Autosar/Mcal/Can/src/FlexCAN_Ip_HwAccess.c:275:14:FlexCAN_ComputeDLCValue	16	static
Autosar/Mcal/Can/src/FlexCAN_Ip_HwAccess.c:320:13:FlexCAN_ClearRAM	32	static
Autosar/Mcal/Can/src/FlexCAN_Ip_HwAccess.c:413:14:FlexCAN_ComputePayloadSize	16	static
Autosar/Mcal/Can/src/FlexCAN_Ip_HwAccess.c:464:19:FlexCAN_GetMsgBuffRegion	48	static
Autosar/Mcal/Can/src/FlexCAN_Ip_HwAccess.c:522:8:FlexCAN_GetMaxMbNum	16	static
Autosar/Mcal/Can/src/FlexCAN_Ip_HwAccess.c:546:23:FlexCAN_EnterFreezeMode	32	static
Autosar/Mcal/Can/src/FlexCAN_Ip_HwAccess.c:584:23:FlexCAN_Enable	32	static
Autosar/Mcal/Can/src/FlexCAN_Ip_HwAccess.c:618:23:FlexCAN_ExitFreezeMode	32	static
Autosar/Mcal/Can/src/FlexCAN_Ip_HwAccess.c:652:23:FlexCAN_Disable	32	static
Autosar/Mcal/Can/src/FlexCAN_Ip_HwAccess.c:691:6:FlexCAN_SetErrIntCmd	32	static
Autosar/Mcal/Can/src/FlexCAN_Ip_HwAccess.c:748:23:FlexCAN_Init	32	static
Autosar/Mcal/Can/src/FlexCAN_Ip_HwAccess.c:840:23:FlexCAN_EnableRxFifo	32	static
Autosar/Mcal/Can/src/FlexCAN_Ip_HwAccess.c:879:9:FlexCAN_IsFDAvailable	16	static
Autosar/Mcal/Can/src/FlexCAN_Ip_HwAccess.c:902:6:FlexCAN_SetPayloadSize	24	static
Autosar/Mcal/Can/src/FlexCAN_Ip_HwAccess.c:948:14:FlexCAN_GetPayloadSize	24	static
Autosar/Mcal/Can/src/FlexCAN_Ip_HwAccess.c:982:7:FlexCAN_GetMbPayloadSize	32	static
Autosar/Mcal/Can/src/FlexCAN_Ip_HwAccess.c:1022:6:FlexCAN_LockRxMsgBuff	24	static
Autosar/Mcal/Can/src/FlexCAN_Ip_HwAccess.c:1036:23:FlexCAN_SetMsgBuffIntCmd	32	static
Autosar/Mcal/Can/src/FlexCAN_Ip_HwAccess.c:1160:6:FLEXCAN_ClearMsgBuffIntCmd	32	static
Autosar/Mcal/Can/src/FlexCAN_Ip_HwAccess.c:1226:6:FlexCAN_DisableInterrupts	8	static
Autosar/Mcal/Can/src/FlexCAN_Ip_HwAccess.c:1253:6:FlexCAN_EnableInterrupts	8	static
Autosar/Mcal/Can/src/FlexCAN_Ip_HwAccess.c:1289:6:FlexCAN_SetRxMsgBuff	32	static
Autosar/Mcal/Can/src/FlexCAN_Ip_HwAccess.c:1345:8:FlexCAN_GetMsgBuffTimestamp	24	static
Autosar/Mcal/Can/src/FlexCAN_Ip_HwAccess.c:1374:6:FlexCAN_GetMsgBuff	56	static
Autosar/Mcal/Can/src/FlexCAN_Ip_HwAccess.c:1482:6:FlexCAN_SetTxMsgBuff	56	static
Autosar/Mcal/Can/src/FlexCAN_Ip_HwAccess.c:1599:23:FlexCAN_SetMaxMsgBuffNum	64	static
Autosar/Mcal/Can/src/FlexCAN_Ip_HwAccess.c:1675:6:FlexCAN_SetOperationMode	16	static
Autosar/Mcal/Can/src/FlexCAN_Ip_HwAccess.c:1704:6:FlexCAN_SetRxFifoFilter	56	static
Autosar/Mcal/Can/src/FlexCAN_Ip_HwAccess.c:1917:6:FlexCAN_ReadRxFifo	48	static
Autosar/Mcal/Can/src/FlexCAN_Ip_HwAccess.c:2083:9:FlexCAN_IsMbOutOfRange	32	static
Autosar/Mcal/Can/src/FlexCAN_Ip_HwAccess.c:2509:6:FlexCAN_ConfigCtrlOptions	16	static
Autosar/Mcal/Can/src/FlexCAN_Ip_HwAccess.c:2638:6:FlexCAN_ResetImaskBuff	16	static
