Autosar/Mcal/Mcu/src/Clock_Ip_ExtOsc.c:149:13:Clock_Ip_ExternalOscillatorEmpty	8	static
Autosar/Mcal/Mcu/src/Clock_Ip_ExtOsc.c:154:13:Clock_Ip_DisableClockIpExternalOscillatorEmpty	8	static
Autosar/Mcal/Mcu/src/Clock_Ip_ExtOsc.c:164:13:Clock_Ip_ResetSOSC	16	static
Autosar/Mcal/Mcu/src/Clock_Ip_ExtOsc.c:177:13:Clock_Ip_SetSOSC	16	static
Autosar/Mcal/Mcu/src/Clock_Ip_ExtOsc.c:196:13:Clock_Ip_CompleteSOSC	40	static
Autosar/Mcal/Mcu/src/Clock_Ip_ExtOsc.c:234:13:Clock_Ip_DisableSOSC	16	static
Autosar/Mcal/Mcu/src/Clock_Ip_ExtOsc.c:244:13:Clock_Ip_EnableSOSC	16	static
Autosar/Mcal/Mcu/src/Clock_Ip_ExtOsc.c:264:6:Clock_Ip_ResetSOSC_TrustedCall	8	static
Autosar/Mcal/Mcu/src/Clock_Ip_ExtOsc.c:280:6:Clock_Ip_SetSOSC_TrustedCall	8	static
Autosar/Mcal/Mcu/src/Clock_Ip_ExtOsc.c:379:6:Clock_Ip_DisableSOSC_TrustedCall	8	static
Autosar/Mcal/Mcu/src/Clock_Ip_ExtOsc.c:387:6:Clock_Ip_EnableSOSC_TrustedCall	8	static
