Autosar/Mcal/Mcu/src/Power_Ip.c:376:6:Power_Ip_SetMode	24	static
Autosar/Mcal/Mcu/src/Power_Ip.c:483:27:Power_Ip_ConvertIntergeToResetType	16	static
Autosar/Mcal/Mcu/src/Power_Ip.c:511:20:Power_Ip_GetResetReason	16	static
Autosar/Mcal/Mcu/src/Power_Ip.c:537:23:Power_Ip_GetResetRawValue	16	static
Autosar/Mcal/Mcu/src/Power_Ip.c:556:6:Power_Ip_Init	16	static
Autosar/Mcal/Mcu/src/Power_Ip.c:585:6:Power_Ip_DisableSleepOnExit	8	static
Autosar/Mcal/Mcu/src/Power_Ip.c:597:6:Power_Ip_EnableSleepOnExit	8	static
Autosar/Mcal/Mcu/src/Power_Ip.c:684:6:Power_Ip_InstallNotificationsCallback	8	static
