Autosar/Mcal/Pwm/src/Pwm_Ipw.c:276:6:Pwm_Ipw_Init	16	static
Autosar/Mcal/Pwm/src/Pwm_Ipw.c:320:6:Pwm_Ipw_InitInstance	24	static
Autosar/Mcal/Pwm/src/Pwm_Ipw.c:367:6:Pwm_Ipw_DeInit	8	static
Autosar/Mcal/Pwm/src/Pwm_Ipw.c:409:6:Pwm_Ipw_DeInitInstance	16	static
Autosar/Mcal/Pwm/src/Pwm_Ipw.c:448:16:Pwm_Ipw_SetDutyCycle	24	static
Autosar/Mcal/Pwm/src/Pwm_Ipw.c:517:6:Pwm_Ipw_SetPeriodAndDuty	32	static
Autosar/Mcal/Pwm/src/Pwm_Ipw.c:582:6:Pwm_Ipw_SetOutputToIdle	24	static
Autosar/Mcal/Pwm/src/Pwm_Ipw.c:2043:8:Pwm_Ipw_GetMaxPeriodValue	16	static
