Archive member included to satisfy reference by file (symbol)

c:/nxp/gcc-10.2-arm32-eabi/bin/../lib/gcc/arm-none-eabi/10.2.0/../../../../arm-none-eabi/lib/thumb/v7e-m+fp/hard\libg_nano.a(lib_a-memmove.o)
                              out/Dem_stub.o (memmove)
c:/nxp/gcc-10.2-arm32-eabi/bin/../lib/gcc/arm-none-eabi/10.2.0/../../../../arm-none-eabi/lib/thumb/v7e-m+fp/hard\libg_nano.a(lib_a-memset.o)
                              out/Dem_stub.o (memset)

Discarded input sections

 .group         0x00000000        0xc out/Adc.o
 .group         0x00000000        0xc out/Adc.o
 .group         0x00000000        0xc out/Adc.o
 .group         0x00000000        0xc out/Adc.o
 .group         0x00000000        0xc out/Adc.o
 .group         0x00000000        0xc out/Adc.o
 .group         0x00000000        0xc out/Adc.o
 .group         0x00000000        0xc out/Adc.o
 .group         0x00000000        0xc out/Adc.o
 .group         0x00000000        0xc out/Adc.o
 .group         0x00000000        0xc out/Adc.o
 .group         0x00000000        0xc out/Adc.o
 .group         0x00000000        0xc out/Adc.o
 .group         0x00000000        0xc out/Adc.o
 .group         0x00000000        0xc out/Adc.o
 .group         0x00000000        0xc out/Adc.o
 .group         0x00000000        0xc out/Adc.o
 .group         0x00000000        0xc out/Adc.o
 .group         0x00000000        0xc out/Adc.o
 .group         0x00000000        0xc out/Adc.o
 .group         0x00000000        0xc out/Adc.o
 .group         0x00000000        0xc out/Adc.o
 .group         0x00000000        0xc out/Adc.o
 .group         0x00000000        0xc out/Adc.o
 .group         0x00000000        0xc out/Adc.o
 .group         0x00000000        0xc out/Adc.o
 .group         0x00000000        0xc out/Adc.o
 .group         0x00000000        0xc out/Adc.o
 .group         0x00000000        0xc out/Adc.o
 .group         0x00000000        0xc out/Adc.o
 .group         0x00000000        0xc out/Adc.o
 .group         0x00000000        0xc out/Adc.o
 .group         0x00000000        0xc out/Adc.o
 .group         0x00000000        0xc out/Adc.o
 .group         0x00000000        0xc out/Adc.o
 .group         0x00000000        0xc out/Adc.o
 .group         0x00000000        0xc out/Adc.o
 .group         0x00000000        0xc out/Adc.o
 .group         0x00000000        0xc out/Adc.o
 .group         0x00000000        0xc out/Adc.o
 .group         0x00000000        0xc out/Adc.o
 .group         0x00000000        0xc out/Adc.o
 .group         0x00000000        0xc out/Adc.o
 .group         0x00000000        0xc out/Adc.o
 .group         0x00000000        0xc out/Adc.o
 .group         0x00000000        0xc out/Adc.o
 .group         0x00000000        0xc out/Adc.o
 .group         0x00000000        0xc out/Adc.o
 .group         0x00000000        0xc out/Adc.o
 .group         0x00000000        0xc out/Adc.o
 .group         0x00000000        0xc out/Adc.o
 .group         0x00000000        0xc out/Adc.o
 .group         0x00000000        0xc out/Adc.o
 .group         0x00000000        0xc out/Adc.o
 .group         0x00000000        0xc out/Adc.o
 .group         0x00000000        0xc out/Adc.o
 .group         0x00000000        0xc out/Adc.o
 .group         0x00000000        0xc out/Adc.o
 .group         0x00000000        0xc out/Adc.o
 .group         0x00000000        0xc out/Adc.o
 .group         0x00000000        0xc out/Adc.o
 .group         0x00000000        0xc out/Adc.o
 .group         0x00000000        0xc out/Adc.o
 .group         0x00000000        0xc out/Adc.o
 .group         0x00000000        0xc out/Adc.o
 .group         0x00000000        0xc out/Adc.o
 .group         0x00000000        0xc out/Adc.o
 .group         0x00000000        0xc out/Adc.o
 .group         0x00000000        0xc out/Adc.o
 .group         0x00000000        0xc out/Adc.o
 .group         0x00000000        0xc out/Adc.o
 .group         0x00000000        0xc out/Adc.o
 .group         0x00000000        0xc out/Adc.o
 .group         0x00000000        0xc out/Adc.o
 .group         0x00000000        0xc out/Adc.o
 .group         0x00000000        0xc out/Adc.o
 .group         0x00000000        0xc out/Adc.o
 .group         0x00000000        0xc out/Adc.o
 .group         0x00000000        0xc out/Adc.o
 .group         0x00000000        0xc out/Adc.o
 .group         0x00000000        0xc out/Adc.o
 .group         0x00000000        0xc out/Adc_Cfg.o
 .group         0x00000000        0xc out/Adc_Cfg.o
 .group         0x00000000        0xc out/Adc_Cfg.o
 .group         0x00000000        0xc out/Adc_Cfg.o
 .group         0x00000000        0xc out/Adc_Cfg.o
 .group         0x00000000        0xc out/Adc_Cfg.o
 .group         0x00000000        0xc out/Adc_Cfg.o
 .group         0x00000000        0xc out/Adc_Cfg.o
 .group         0x00000000        0xc out/Adc_Cfg.o
 .group         0x00000000        0xc out/Adc_Cfg.o
 .group         0x00000000        0xc out/Adc_Cfg.o
 .group         0x00000000        0xc out/Adc_Cfg.o
[...]
Memory Configuration

Name             Origin             Length             Attributes
int_flash_interrupts 0x00000000         0x00000400
int_flash_config 0x00000400         0x00000010
int_flash        0x00000410         0x0007fbf0
int_sram_results 0x1fff8000         0x00000100
int_sram         0x1fff8100         0x0000df00
int_sram_stack_c0 0x20006000         0x00001000
ram_rsvd2        0x20007000         0x00000000
*default*        0x00000000         0xffffffff

Linker script and memory map

LOAD c:/nxp/gcc-10.2-arm32-eabi/bin/../lib/gcc/arm-none-eabi/10.2.0/../../../../arm-none-eabi/lib/thumb/v7e-m+fp/hard\libc_nano.a
LOAD c:/nxp/gcc-10.2-arm32-eabi/bin/../lib/gcc/arm-none-eabi/10.2.0/../../../../arm-none-eabi/lib/thumb/v7e-m+fp/hard\libm.a
LOAD c:/nxp/gcc-10.2-arm32-eabi/bin/../lib/gcc/arm-none-eabi/10.2.0/thumb/v7e-m+fp/hard\libgcc.a
LOAD out/Adc.o
LOAD out/Adc_Cfg.o
LOAD out/Adc_Ip.o
LOAD out/Adc_Ip_Irq.o
LOAD out/Adc_Ip_VS_0_PBcfg.o
LOAD out/Adc_Ipw.o
LOAD out/Adc_Ipw_Irq.o
LOAD out/Adc_Ipw_VS_0_PBcfg.o
LOAD out/Adc_VS_0_PBcfg.o
LOAD out/Cache_Ip.o
LOAD out/Cache_Ip_HwAcc_Lmem.o
LOAD out/CDD_Mcl.o
LOAD out/CDD_Mcl_Cfg.o
LOAD out/CDD_Mcl_Ipw.o
LOAD out/CDD_Mcl_VS_0_PBcfg.o
LOAD out/CDD_Rm.o
LOAD out/CDD_Rm_Cfg.o
LOAD out/CDD_Rm_Ipw.o
LOAD out/CDD_Rm_Ipw_VS_0_PBcfg.o
LOAD out/CDD_Rm_VS_0_PBcfg.o
LOAD out/Clock_Ip.o
LOAD out/Clock_Ip_Cfg.o
LOAD out/Clock_Ip_Data.o
LOAD out/Clock_Ip_Divider.o
LOAD out/Clock_Ip_DividerTrigger.o
LOAD out/Clock_Ip_ExtOsc.o
LOAD out/Clock_Ip_FracDiv.o
LOAD out/Clock_Ip_Frequency.o
LOAD out/Clock_Ip_Gate.o
LOAD out/Clock_Ip_IntOsc.o
LOAD out/Clock_Ip_Irq.o
LOAD out/Clock_Ip_Monitor.o
LOAD out/Clock_Ip_Pll.o
LOAD out/Clock_Ip_ProgFreqSwitch.o
LOAD out/Clock_Ip_Selector.o
LOAD out/Clock_Ip_Specific.o
LOAD out/Clock_Ip_VS_0_PBcfg.o
LOAD out/Dem.o
LOAD out/Dem_stub.o
LOAD out/Det.o
LOAD out/Det_stub.o
LOAD out/Dma_Ip.o
LOAD out/Dma_Ip_Cfg.o
LOAD out/Dma_Ip_Driver_State.o
LOAD out/Dma_Ip_Hw_Access.o
LOAD out/Dma_Ip_Irq.o
LOAD out/Dma_Ip_Multicore.o
LOAD out/Dma_Ip_VS_0_PBcfg.o
LOAD out/Dma_Mux_Ip.o
LOAD out/Dma_Mux_Ip_VS_0_PBcfg.o
LOAD out/exceptions.o
LOAD out/Flexio_Mcl_Ip.o
LOAD out/Flexio_Mcl_Ip_HwAccess.o
LOAD out/Flexio_Mcl_Ip_Irq.o
LOAD out/Flexio_Mcl_Ip_VS_0_PBcfg.o
LOAD out/Ftm_Mcl_Ip.o
LOAD out/IntCtrl_Ip.o
LOAD out/IntCtrl_Ip_Cfg.o
LOAD out/main.o
LOAD out/Mcu.o
LOAD out/Mcu_Cfg.o
LOAD out/Mcu_Dem_Wrapper.o
LOAD out/Mcu_Ipw.o
LOAD out/Mcu_Ipw_Irq.o
LOAD out/Mcu_VS_0_PBcfg.o
LOAD out/Mpu_Ip.o
LOAD out/Mpu_Ip_Cfg.o
LOAD out/nvic.o
LOAD out/OsIf_Cfg.o
LOAD out/OsIf_Interrupts.o
LOAD out/OsIf_Timer.o
LOAD out/OsIf_Timer_System.o
LOAD out/OsIf_Timer_System_Internal_Systick.o
LOAD out/Pdb_Adc_Ip.o
LOAD out/Pdb_Adc_Ip_Irq.o
LOAD out/Pdb_Adc_Ip_VS_0_PBcfg.o
LOAD out/Platform.o
LOAD out/Platform_Cfg.o
LOAD out/Platform_Ipw.o
LOAD out/Platform_Ipw_Cfg.o
LOAD out/Power_Ip.o
LOAD out/Power_Ip_AEC.o
LOAD out/Power_Ip_Cfg.o
LOAD out/Power_Ip_CortexM4.o
LOAD out/Power_Ip_PMC.o
LOAD out/Power_Ip_PMC_Irq.o
LOAD out/Power_Ip_Private.o
LOAD out/Power_Ip_RCM.o
LOAD out/Power_Ip_RCM_Irq.o
LOAD out/Power_Ip_SIM.o
LOAD out/Power_Ip_SMC.o
LOAD out/Power_Ip_VS_0_PBcfg.o
LOAD out/Ram_Ip.o
LOAD out/Ram_Ip_Cfg.o
LOAD out/Ram_Ip_VS_0_PBcfg.o
LOAD out/SchM_Adc.o
LOAD out/SchM_Mcl.o
LOAD out/SchM_Mcu.o
LOAD out/SchM_Platform.o
LOAD out/SchM_Rm.o
LOAD out/startup.o
LOAD out/startup_cm4.o
LOAD out/sys_init.o
LOAD out/system.o
LOAD out/System_Ip.o
LOAD out/Trgmux_Ip.o
LOAD out/Trgmux_Ip_Cfg.o
LOAD out/Trgmux_Ip_HwAcc.o
LOAD out/Trgmux_Ip_VS_0_PBcfg.o
LOAD out/Vector_Table.o
START GROUP
LOAD c:/nxp/gcc-10.2-arm32-eabi/bin/../lib/gcc/arm-none-eabi/10.2.0/thumb/v7e-m+fp/hard\libgcc.a
LOAD c:/nxp/gcc-10.2-arm32-eabi/bin/../lib/gcc/arm-none-eabi/10.2.0/../../../../arm-none-eabi/lib/thumb/v7e-m+fp/hard\libg_nano.a
LOAD c:/nxp/gcc-10.2-arm32-eabi/bin/../lib/gcc/arm-none-eabi/10.2.0/../../../../arm-none-eabi/lib/thumb/v7e-m+fp/hard\libc_nano.a
END GROUP
START GROUP
LOAD c:/nxp/gcc-10.2-arm32-eabi/bin/../lib/gcc/arm-none-eabi/10.2.0/thumb/v7e-m+fp/hard\libgcc.a
LOAD c:/nxp/gcc-10.2-arm32-eabi/bin/../lib/gcc/arm-none-eabi/10.2.0/../../../../arm-none-eabi/lib/thumb/v7e-m+fp/hard\libc_nano.a
LOAD c:/nxp/gcc-10.2-arm32-eabi/bin/../lib/gcc/arm-none-eabi/10.2.0/../../../../arm-none-eabi/lib/thumb/v7e-m+fp/hard\libnosys.a
END GROUP
START GROUP
LOAD c:/nxp/gcc-10.2-arm32-eabi/bin/../lib/gcc/arm-none-eabi/10.2.0/thumb/v7e-m+fp/hard\libgcc.a
LOAD c:/nxp/gcc-10.2-arm32-eabi/bin/../lib/gcc/arm-none-eabi/10.2.0/../../../../arm-none-eabi/lib/thumb/v7e-m+fp/hard\libc_nano.a
LOAD c:/nxp/gcc-10.2-arm32-eabi/bin/../lib/gcc/arm-none-eabi/10.2.0/../../../../arm-none-eabi/lib/thumb/v7e-m+fp/hard\libnosys.a
END GROUP
                0x00000200                HEAP_SIZE = DEFINED (__heap_size__)?__heap_size__:0x200

.flash_interrupts
                0x00000000      0x310
                0x00000000                . = ALIGN (0x800)
                0x00000000                __interrupts_rom_start = .
 *(.intc_vector)
 .intc_vector   0x00000000      0x310 out/Vector_Table.o
                0x00000000                VTABLE
                0x00000310                . = ALIGN (0x4)
                0x00000310                __interrupts_rom_end = .

.flash_config   0x00000400       0x10
 *(.flash_config)
 .flash_config  0x00000400       0x10 out/startup_cm4.o

.flash          0x00000410     0xd5b8
                0x00000410                . = ALIGN (0x4)
 *(.startup)
 .startup       0x00000410       0xb8 out/startup_cm4.o
                0x00000410                Reset_Handler
                0x00000410                _start
                0x00000494                MCAL_LTB_TRACE_OFF
                0x00000496                _end_of_eunit_test
                0x000004c8                . = ALIGN (0x4)
 *(.systeminit)
 .systeminit    0x000004c8        0x2 out/exceptions.o
                0x000004c8                NMI_Handler
 *fill*         0x000004ca        0x2 
 .systeminit    0x000004cc      0x2c8 out/sys_init.o
                0x000004cc                sys_init
 .systeminit    0x00000794       0x88 out/system.o
                0x00000794                SystemInit
                0x0000081c                . = ALIGN (0x4)
 *(.text.startup)
 .text.startup  0x0000081c      0x224 out/main.o
                0x0000081c                main
                0x00000a40                . = ALIGN (0x4)
 *(.text)
 .text          0x00000a40        0x0 out/Adc.o
 .text          0x00000a40        0x0 out/Adc_Cfg.o
 .text          0x00000a40        0x0 out/Adc_Ip.o
 .text          0x00000a40        0x0 out/Adc_Ip_Irq.o
 .text          0x00000a40        0x0 out/Adc_Ip_VS_0_PBcfg.o
 .text          0x00000a40        0x0 out/Adc_Ipw.o
 .text          0x00000a40        0x0 out/Adc_Ipw_Irq.o
 .text          0x00000a40        0x0 out/Adc_Ipw_VS_0_PBcfg.o
 .text          0x00000a40        0x0 out/Adc_VS_0_PBcfg.o
 .text          0x00000a40        0x0 out/Cache_Ip.o
 .text          0x00000a40      0x328 out/Cache_Ip_HwAcc_Lmem.o
                0x00000a40                hwAcc_Lmem_ProcessorCodeEnable
                0x00000a8c                hwAcc_Lmem_ProcessorCodeDisable
                0x00000ad8                hwAcc_Lmem_ProcessorCodeInvalidate
                0x00000b28                hwAcc_Lmem_ProcessorCodeClean
                0x00000bac                hwAcc_Lmem_ProcessorCodeInvalidateByAddr
                0x00000c34                hwAcc_Lmem_ProcessorCodeCleanByAddr
                0x00000ce0                hwAcc_Lmem_Enable
                0x00000cf4                hwAcc_Lmem_Disable
                0x00000d08                hwAcc_Lmem_Invalidate
                0x00000d1c                hwAcc_Lmem_Clean
                0x00000d32                hwAcc_Lmem_InvalidateByAddr
                0x00000d4c                hwAcc_Lmem_CleanByAddr
 .text          0x00000d68        0x0 out/CDD_Mcl.o
 .text          0x00000d68        0x0 out/CDD_Mcl_Cfg.o
 .text          0x00000d68        0x0 out/CDD_Mcl_Ipw.o
 .text          0x00000d68        0x0 out/CDD_Mcl_VS_0_PBcfg.o
 .text          0x00000d68        0x0 out/CDD_Rm.o
 .text          0x00000d68        0x0 out/CDD_Rm_Cfg.o
 .text          0x00000d68        0x0 out/CDD_Rm_Ipw.o
 .text          0x00000d68        0x0 out/CDD_Rm_Ipw_VS_0_PBcfg.o
 .text          0x00000d68        0x0 out/CDD_Rm_VS_0_PBcfg.o
 .text          0x00000d68        0x0 out/Clock_Ip.o
 .text          0x00000d68        0x0 out/Clock_Ip_Cfg.o
 .text          0x00000d68        0x0 out/Clock_Ip_Data.o
 .text          0x00000d68        0x0 out/Clock_Ip_Divider.o
 .text          0x00000d68        0x0 out/Clock_Ip_DividerTrigger.o
 .text          0x00000d68        0x0 out/Clock_Ip_ExtOsc.o
 .text          0x00000d68        0x0 out/Clock_Ip_FracDiv.o
 .text          0x00000d68        0x0 out/Clock_Ip_Frequency.o
 .text          0x00000d68        0x0 out/Clock_Ip_Gate.o
 .text          0x00000d68        0x0 out/Clock_Ip_IntOsc.o
 .text          0x00000d68        0x0 out/Clock_Ip_Irq.o
 .text          0x00000d68        0x0 out/Clock_Ip_Monitor.o
 .text          0x00000d68        0x0 out/Clock_Ip_Pll.o
 .text          0x00000d68        0x0 out/Clock_Ip_ProgFreqSwitch.o
 .text          0x00000d68        0x0 out/Clock_Ip_Selector.o
 .text          0x00000d68        0x0 out/Clock_Ip_Specific.o
 .text          0x00000d68        0x0 out/Clock_Ip_VS_0_PBcfg.o
 .text          0x00000d68        0x0 out/Dem.o
 .text          0x00000d68        0x0 out/Dem_stub.o
 .text          0x00000d68        0x0 out/Det.o
 .text          0x00000d68        0x0 out/Det_stub.o
 .text          0x00000d68        0x0 out/Dma_Ip.o
 .text          0x00000d68        0x0 out/Dma_Ip_Cfg.o
 .text          0x00000d68        0x0 out/Dma_Ip_Driver_State.o
 .text          0x00000d68        0x0 out/Dma_Ip_Hw_Access.o
 .text          0x00000d68        0x0 out/Dma_Ip_Irq.o
 .text          0x00000d68        0x0 out/Dma_Ip_Multicore.o
 .text          0x00000d68        0x0 out/Dma_Ip_VS_0_PBcfg.o
 .text          0x00000d68        0x0 out/Dma_Mux_Ip.o
 .text          0x00000d68        0x0 out/Dma_Mux_Ip_VS_0_PBcfg.o
 .text          0x00000d68       0x12 out/exceptions.o
                0x00000d68                HardFault_Handler
                0x00000d6a                MemManage_Handler
                0x00000d6c                BusFault_Handler
                0x00000d6e                UsageFault_Handler
                0x00000d70                SVC_Handler
                0x00000d72                DebugMon_Handler
                0x00000d74                PendSV_Handler
                0x00000d76                SysTick_Handler
                0x00000d78                undefined_handler
 .text          0x00000d7a        0x0 out/Flexio_Mcl_Ip.o
 .text          0x00000d7a        0x0 out/Flexio_Mcl_Ip_HwAccess.o
 .text          0x00000d7a        0x0 out/Flexio_Mcl_Ip_Irq.o
 .text          0x00000d7a        0x0 out/Flexio_Mcl_Ip_VS_0_PBcfg.o
 .text          0x00000d7a        0x0 out/Ftm_Mcl_Ip.o
 .text          0x00000d7a       0x14 out/IntCtrl_Ip.o
 .text          0x00000d8e        0x0 out/IntCtrl_Ip_Cfg.o
 .text          0x00000d8e       0x12 out/main.o
                0x00000d8e                CheckResult
 .text          0x00000da0        0x0 out/Mcu.o
 .text          0x00000da0        0x0 out/Mcu_Cfg.o
 .text          0x00000da0        0x0 out/Mcu_Dem_Wrapper.o
 .text          0x00000da0        0x0 out/Mcu_Ipw.o
 .text          0x00000da0        0x0 out/Mcu_Ipw_Irq.o
 .text          0x00000da0        0x0 out/Mcu_VS_0_PBcfg.o
 .text          0x00000da0        0x0 out/Mpu_Ip.o
 .text          0x00000da0        0x0 out/Mpu_Ip_Cfg.o
 .text          0x00000da0       0x5c out/nvic.o
                0x00000da0                NVIC_SetPriorityGrouping
                0x00000db4                NVIC_EnableIRQ
                0x00000dcc                NVIC_DisableIRQ
                0x00000de8                NVIC_SetPriority
 .text          0x00000dfc        0x0 out/OsIf_Cfg.o
 .text          0x00000dfc        0x0 out/OsIf_Interrupts.o
 .text          0x00000dfc        0x0 out/OsIf_Timer.o
 .text          0x00000dfc        0x0 out/OsIf_Timer_System.o
 .text          0x00000dfc        0x0 out/OsIf_Timer_System_Internal_Systick.o
 .text          0x00000dfc        0x0 out/Pdb_Adc_Ip.o
 .text          0x00000dfc        0x0 out/Pdb_Adc_Ip_Irq.o
 .text          0x00000dfc        0x0 out/Pdb_Adc_Ip_VS_0_PBcfg.o
 .text          0x00000dfc        0x0 out/Platform.o
 .text          0x00000dfc        0x0 out/Platform_Cfg.o
 .text          0x00000dfc        0x0 out/Platform_Ipw.o
 .text          0x00000dfc        0x0 out/Platform_Ipw_Cfg.o
 .text          0x00000dfc        0x0 out/Power_Ip.o
 .text          0x00000dfc        0x0 out/Power_Ip_AEC.o
 .text          0x00000dfc        0x0 out/Power_Ip_Cfg.o
 .text          0x00000dfc        0x0 out/Power_Ip_CortexM4.o
 .text          0x00000dfc        0x0 out/Power_Ip_PMC.o
 .text          0x00000dfc        0x0 out/Power_Ip_PMC_Irq.o
 .text          0x00000dfc        0x0 out/Power_Ip_Private.o
 .text          0x00000dfc        0x0 out/Power_Ip_RCM.o
 .text          0x00000dfc        0x0 out/Power_Ip_RCM_Irq.o
 .text          0x00000dfc        0x0 out/Power_Ip_SIM.o
 .text          0x00000dfc        0x0 out/Power_Ip_SMC.o
 .text          0x00000dfc        0x0 out/Power_Ip_VS_0_PBcfg.o
 .text          0x00000dfc        0x0 out/Ram_Ip.o
 .text          0x00000dfc        0x0 out/Ram_Ip_Cfg.o
 .text          0x00000dfc        0x0 out/Ram_Ip_VS_0_PBcfg.o
 .text          0x00000dfc        0x6 out/SchM_Adc.o
                0x00000dfc                Adc_schm_read_msr
 .text          0x00000e02        0x6 out/SchM_Mcl.o
                0x00000e02                Mcl_schm_read_msr
 .text          0x00000e08        0x6 out/SchM_Mcu.o
                0x00000e08                Mcu_schm_read_msr
 .text          0x00000e0e        0x6 out/SchM_Platform.o
                0x00000e0e                Platform_schm_read_msr
 .text          0x00000e14        0x6 out/SchM_Rm.o
                0x00000e14                Rm_schm_read_msr
 *fill*         0x00000e1a        0x2 
 .text          0x00000e1c       0x50 out/startup.o
                0x00000e1c                init_data_bss
 .text          0x00000e6c        0x0 out/startup_cm4.o
 .text          0x00000e6c       0x3e out/sys_init.o
                0x00000e6c                sys_enableAllInterrupts
                0x00000e70                sys_disableAllInterrupts
                0x00000e74                sys_disableIsrSource
                0x00000e78                sys_enableIsrSource
                0x00000e8a                sys_registerIsrHandler
                0x00000e9e                sys_halt
                0x00000ea2                sys_stop
                0x00000ea6                EUnit_GetCoreID
 .text          0x00000eaa        0x8 out/system.o
                0x00000eaa                startup_go_to_user_mode
                0x00000eac                default_interrupt_routine
                0x00000eae                Sys_GetCoreID
 .text          0x00000eb2        0x0 out/System_Ip.o
 .text          0x00000eb2        0x0 out/Trgmux_Ip.o
 .text          0x00000eb2        0x0 out/Trgmux_Ip_Cfg.o
 .text          0x00000eb2        0x0 out/Trgmux_Ip_HwAcc.o
 .text          0x00000eb2        0x0 out/Trgmux_Ip_VS_0_PBcfg.o
 .text          0x00000eb2        0x0 out/Vector_Table.o
 .text          0x00000eb2        0x0 c:/nxp/gcc-10.2-arm32-eabi/bin/../lib/gcc/arm-none-eabi/10.2.0/../../../../arm-none-eabi/lib/thumb/v7e-m+fp/hard\libg_nano.a(lib_a-memmove.o)
 .text          0x00000eb2        0x0 c:/nxp/gcc-10.2-arm32-eabi/bin/../lib/gcc/arm-none-eabi/10.2.0/../../../../arm-none-eabi/lib/thumb/v7e-m+fp/hard\libg_nano.a(lib_a-memset.o)
 *(.text*)
 .text.memmove  0x00000eb2       0x34 c:/nxp/gcc-10.2-arm32-eabi/bin/../lib/gcc/arm-none-eabi/10.2.0/../../../../arm-none-eabi/lib/thumb/v7e-m+fp/hard\libg_nano.a(lib_a-memmove.o)
                0x00000eb2                memmove
 .text.memset   0x00000ee6       0x10 c:/nxp/gcc-10.2-arm32-eabi/bin/../lib/gcc/arm-none-eabi/10.2.0/../../../../arm-none-eabi/lib/thumb/v7e-m+fp/hard\libg_nano.a(lib_a-memset.o)
                0x00000ee6                memset
                0x00000ef8                . = ALIGN (0x4)
 *fill*         0x00000ef6        0x2 
 *(.mcal_text)
 .mcal_text     0x00000ef8      0xbdc out/Adc.o
                0x000010a8                Adc_Init
                0x00001194                Adc_SetupResultBuffer
                0x0000121c                Adc_DeInit
                0x00001314                Adc_StartGroupConversion
                0x00001460                Adc_StopGroupConversion
                0x00001590                Adc_ReadGroup
                0x000016d8                Adc_EnableHardwareTrigger
                0x00001794                Adc_DisableHardwareTrigger
                0x0000182c                Adc_EnableGroupNotification
                0x00001888                Adc_DisableGroupNotification
                0x000018e0                Adc_GetGroupStatus
                0x00001910                Adc_GetStreamLastPointer
                0x00001a10                Adc_GetVersionInfo
                0x00001a2c                Adc_Calibrate
 .mcal_text     0x00001ad4      0x788 out/Adc_Ip.o
                0x00001b68                Adc_Ip_SetAveraging
                0x00001b94                Adc_Ip_SetSampleTime
                0x00001bc0                Adc_Ip_EnableDma
                0x00001be4                Adc_Ip_DisableDma
                0x00001c08                Adc_Ip_SetTriggerMode
                0x00001c38                Adc_Ip_SetContinuousMode
                0x00001c68                Adc_Ip_SetResolution
                0x00001c94                Adc_Ip_SetClockMode
                0x00001cf8                Adc_Ip_ConfigChannel
                0x00001d4c                Adc_Ip_Init
                0x00001e68                Adc_Ip_DeInit
                0x00001ecc                Adc_Ip_SetDisabledChannel
                0x00001f40                Adc_Ip_StartConversion
                0x00001f78                Adc_Ip_GetConvActiveFlag
                0x00001f8c                Adc_Ip_GetChanInterrupt
                0x00001fa0                Adc_Ip_GetConvCompleteFlag
                0x00001fb4                Adc_Ip_GetConvData
                0x00001fcc                Adc_Ip_DoCalibration
                0x000020d0                Adc_Ip_ClearLatchedTriggers
                0x0000212c                Adc_Ip_EnableChannelNotification
                0x00002154                Adc_Ip_DisableChannelNotification
                0x0000217c                Adc_Ip_ClearTrigErrReg
                0x000021a0                Adc_Ip_GetTrigErrReg
                0x000021b4                Adc_Ip_GetDataAddress
                0x000021c8                Adc_Ip_GetChanData
                0x00002208                Adc_Ip_IRQHandler
 .mcal_text     0x0000225c       0x1c out/Adc_Ip_Irq.o
                0x0000225c                Adc_0_Isr
                0x0000226a                Adc_1_Isr
 .mcal_text     0x00002278      0xc44 out/Adc_Ipw.o
                0x000024a4                Adc_Ipw_RemoveFromQueue
                0x000024fc                Adc_Ipw_StartDmaOperation
                0x0000261c                Adc_Ipw_CalculateNumsBitShift
                0x00002620                Adc_Ipw_ConfigureConversion
                0x00002720                Adc_Ipw_ConfigureDmaConversion
                0x000027f4                Adc_Ipw_StartHwTrigConversion
                0x0000288c                Adc_Ipw_Init
                0x000028c6                Adc_Ipw_DeInit
                0x00002934                Adc_Ipw_StartNormalConversion
                0x00002a1c                Adc_Ipw_StopCurrentConversion
                0x00002b2c                Adc_Ipw_EnableHardwareTrigger
                0x00002ba0                Adc_Ipw_DisableHardwareTrigger
                0x00002c28                Adc_Ipw_CheckValidConversion
                0x00002c50                Adc_Ipw_ReadGroup
                0x00002e94                Adc_Ipw_Calibrate
                0x00002eb8                Adc_GetCoreID
 .mcal_text     0x00002ebc      0x56c out/Adc_Ipw_Irq.o
                0x00003420                Adc_Ipw_Adc0EndConversionNotification
                0x00003424                Adc_Ipw_Adc1DmaTransferCompleteNotification
 .mcal_text     0x00003428       0xdc out/Cache_Ip.o
                0x00003428                Cache_Ip_Enable
                0x00003448                Cache_Ip_Disable
                0x00003468                Cache_Ip_Invalidate
                0x00003488                Cache_Ip_Clean
                0x000034ae                Cache_Ip_InvalidateByAddr
                0x000034d8                Cache_Ip_CleanByAddr
 .mcal_text     0x00003504      0x4e8 out/CDD_Mcl.o
                0x00003530                Mcl_Init
                0x00003584                Mcl_DeInit
                0x000035b8                Mcl_SetDmaInstanceCommand
                0x000035f6                Mcl_GetDmaInstanceStatus
                0x00003642                Mcl_SetDmaChannelCommand
                0x00003682                Mcl_GetDmaChannelStatus
                0x000036d8                Mcl_SetDmaChannelGlobalList
                0x00003748                Mcl_SetDmaChannelTransferList
                0x000037b8                Mcl_SetDmaChannelScatterGatherList
                0x0000383c                Mcl_GetDmaChannelParam
                0x0000387c                Mcl_SetDmaChannelScatterGatherConfig
                0x000038a4                Mcl_CacheEnable
                0x000038d4                Mcl_CacheDisable
                0x00003904                Mcl_CacheInvalidate
                0x00003934                Mcl_CacheClean
                0x00003964                Mcl_CacheInvalidateByAddr
                0x00003994                Mcl_CacheCleanByAddr
                0x000039cc                Mcl_SetTrgMuxInput
                0x000039d0                Mcl_SetTrgMuxLock
                0x000039d4                Mcl_SelectCommonTimebase
                0x000039d8                Mcl_GetVersionInfo
 .mcal_text     0x000039ec        0xc out/CDD_Rm.o
                0x000039ec                Rm_Init
 .mcal_text     0x000039f8        0x6 out/CDD_Rm_Ipw.o
                0x000039f8                Rm_Ipw_Dma_Mux_Init
 *fill*         0x000039fe        0x2 
 .mcal_text     0x00003a00      0x88c out/Clock_Ip.o
                0x00003a02                Clock_Ip_InitClock
                0x00003fdc                Clock_Ip_GetPllStatus
                0x00004080                Clock_Ip_DistributePll
                0x00004174                Clock_Ip_Init
                0x00004198                Clock_Ip_DisableClockMonitor
                0x000041bc                Clock_Ip_InstallNotificationsCallback
                0x000041c8                Clock_Ip_DisableModuleClock
                0x000041f0                Clock_Ip_EnableModuleClock
                0x00004218                Clock_Ip_PowerModeChangeNotification
                0x00004244                Clock_Ip_ReportClockErrors
                0x00004250                Clock_Ip_StartTimeout
                0x00004270                Clock_Ip_TimeoutExpired
 .mcal_text     0x0000428c      0x230 out/Clock_Ip_Divider.o
                0x0000428e                Clock_Ip_SetScgAsyncDiv1_TrustedCall
                0x000042c4                Clock_Ip_SetScgAsyncDiv2_TrustedCall
                0x000042fc                Clock_Ip_SetScgRunDivcore_TrustedCall
                0x0000431c                Clock_Ip_SetScgRunDivbus_TrustedCall
                0x0000433c                Clock_Ip_SetScgRunDivslow_TrustedCall
                0x0000435c                Clock_Ip_SetScgVlprDivcore_TrustedCall
                0x0000437c                Clock_Ip_SetScgVlprDivbus_TrustedCall
                0x0000439c                Clock_Ip_SetScgVlprDivslow_TrustedCall
                0x000043bc                Clock_Ip_SetScgHsrunDivcore_TrustedCall
                0x000043dc                Clock_Ip_SetScgHsrunDivbus_TrustedCall
                0x000043fc                Clock_Ip_SetScgHsrunDivslow_TrustedCall
                0x0000441c                Clock_Ip_SetSimClkoutDiv_TrustedCall
                0x00004440                Clock_Ip_SetPccPcdDivFrac_TrustedCall
                0x00004484                Clock_Ip_SetSimTraceDivMul_TrustedCall
 .mcal_text     0x000044bc        0x2 out/Clock_Ip_DividerTrigger.o
 *fill*         0x000044be        0x2 
 .mcal_text     0x000044c0      0x17c out/Clock_Ip_ExtOsc.o
                0x00004510                Clock_Ip_ResetSOSC_TrustedCall
                0x00004550                Clock_Ip_SetSOSC_TrustedCall
                0x00004600                Clock_Ip_DisableSOSC_TrustedCall
                0x00004618                Clock_Ip_EnableSOSC_TrustedCall
 .mcal_text     0x0000463c        0x6 out/Clock_Ip_FracDiv.o
 .mcal_text     0x00004642        0x2 out/Clock_Ip_Frequency.o
                0x00004642                Clock_Ip_SetExternalSignalFrequency
 .mcal_text     0x00004644      0x17c out/Clock_Ip_Gate.o
                0x00004648                Clock_Ip_ClockSetSimLPO1KEnable_TrustedCall
                0x0000467c                Clock_Ip_ClockSetSimLPO32KEnable_TrustedCall
                0x000046b4                Clock_Ip_ClockSetSimClkoutEnable_TrustedCall
                0x000046ec                Clock_Ip_ClockSetPccCgcEnable_TrustedCall
                0x00004738                Clock_Ip_ClockSetSimGate_TrustedCall
                0x00004784                Clock_Ip_ClockSetSimTraceEnable_TrustedCall
 .mcal_text     0x000047c0      0x414 out/Clock_Ip_IntOsc.o
                0x00004814                Clock_Ip_SetSirc_TrustedCall
                0x000048bc                Clock_Ip_EnableSirc_TrustedCall
                0x0000491c                Clock_Ip_DisableSirc_TrustedCall
                0x00004940                Clock_Ip_SetSircVlp_TrustedCall
                0x0000497c                Clock_Ip_EnableSircVlp_TrustedCall
                0x000049a0                Clock_Ip_DisableSircVlp_TrustedCall
                0x000049b8                Clock_Ip_SetSircStop_TrustedCall
                0x000049f4                Clock_Ip_EnableSircStop_TrustedCall
                0x00004a18                Clock_Ip_DisableSircStop_TrustedCall
                0x00004a30                Clock_Ip_SetFirc_TrustedCall
                0x00004b60                Clock_Ip_EnableFirc_TrustedCall
                0x00004bbc                Clock_Ip_DisableFirc_TrustedCall
 .mcal_text     0x00004bd4        0x6 out/Clock_Ip_Monitor.o
 *fill*         0x00004bda        0x2 
 .mcal_text     0x00004bdc      0x150 out/Clock_Ip_Pll.o
                0x00004c34                Clock_Ip_ResetSpll_TrustedCall
                0x00004c8c                Clock_Ip_SetSpll_TrustedCall
                0x00004ce4                Clock_Ip_DisableSpll_TrustedCall
                0x00004d08                Clock_Ip_EnableSpll_TrustedCall
 .mcal_text     0x00004d2c        0x2 out/Clock_Ip_ProgFreqSwitch.o
 *fill*         0x00004d2e        0x2 
 .mcal_text     0x00004d30      0x354 out/Clock_Ip_Selector.o
                0x00004d32                Clock_Ip_ResetScgRunSel_TrustedCall
                0x00004d5c                Clock_Ip_SetScgRunSel_TrustedCall
                0x00004d88                Clock_Ip_SetScgVlprSel_TrustedCall
                0x00004db4                Clock_Ip_ResetScgHsrunSel_TrustedCall
                0x00004ddc                Clock_Ip_SetScgHsrunSel_TrustedCall
                0x00004e08                Clock_Ip_ResetSimRtcSel_TrustedCall
                0x00004e2c                Clock_Ip_SetSimRtcSel_TrustedCall
                0x00004e54                Clock_Ip_ResetSimLpoSel_TrustedCall
                0x00004e78                Clock_Ip_SetSimLpoSel_TrustedCall
                0x00004ea0                Clock_Ip_ResetScgClkoutSel_TrustedCall
                0x00004ec4                Clock_Ip_SetScgClkoutSel_TrustedCall
                0x00004eec                Clock_Ip_ResetSimFtmoptSel_TrustedCall
                0x00004f34                Clock_Ip_SetSimFtmoptSel_TrustedCall
                0x00004f7c                Clock_Ip_ResetSimClkoutSel_TrustedCall
                0x00004f94                Clock_Ip_SetSimClkoutSel_TrustedCall
                0x00004fbc                Clock_Ip_ResetPccPcsSelect_TrustedCall
                0x00004ff0                Clock_Ip_SetPccPcsSelect_TrustedCall
                0x00005030                Clock_Ip_ResetSimTraceSel_TrustedCall
                0x00005058                Clock_Ip_SetSimTraceSel_TrustedCall
 .mcal_text     0x00005084      0x7a0 out/Clock_Ip_Specific.o
                0x00005264                SetFircToResetValue_TrustedCall
                0x00005280                SetSimLpoclksRegister_TrustedCall
                0x000052f4                Clock_Ip_ClockPowerModeChangeNotification
                0x000054b4                Clock_Ip_Command
 .mcal_text     0x00005824       0xf4 out/Dem.o
                0x00005824                Dem_SetEventStatus
                0x00005884                Dem_ReportErrorStatusPreExtData
 .mcal_text     0x00005918      0x244 out/Dem_stub.o
                0x00005918                Dem_TestLastReportErrorStatus
                0x000059b0                Dem_TestNoError
                0x000059f4                Dem_TestLastReportErrorStatusPreExtData
                0x00005adc                Dem_ClearEvents
                0x00005af0                Dem_GetEvent
                0x00005b30                Dem_GetEventCount
                0x00005b44                Dem_BufferOverflow
 .mcal_text     0x00005b5c       0xa4 out/Det.o
                0x00005b5c                Det_Init
                0x00005b5e                Det_ReportError
                0x00005b94                Det_ReportRuntimeError
                0x00005bc8                Det_ReportTransientFault
                0x00005bfc                Det_Start
 .mcal_text     0x00005c00      0x21c out/Det_stub.o
                0x00005c00                Det_TestLastReportError
                0x00005c68                Det_TestLastReportRuntimeError
                0x00005cd0                Det_TestLastReportTransientFault
                0x00005d38                Det_TestNoError
                0x00005d84                Det_TestNoRuntimeError
                0x00005dd0                Det_TestNoTransientFault
 .mcal_text     0x00005e1c      0x944 out/Dma_Ip.o
                0x00006014                Dma_Ip_ConvertLogicChToHwCh
                0x00006028                Dma_Ip_SetLogicInstanceCommand
                0x00006054                Dma_Ip_GetLogicInstanceStatus
                0x0000606c                Dma_Ip_LogicChannelInit
                0x00006228                Dma_Ip_Init
                0x00006294                Dma_Ip_LogicChannelDeinit
                0x00006308                Dma_Ip_Deinit
                0x00006340                Dma_Ip_SetLogicChannelCommand
                0x000063cc                Dma_Ip_GetLogicChannelStatus
                0x00006430                Dma_Ip_SetLogicChannelGlobalList
                0x000064c4                Dma_Ip_SetLogicChannelTransferList
                0x0000659c                Dma_Ip_SetLogicChannelScatterGatherList
                0x0000664c                Dma_Ip_GetLogicChannelParam
                0x00006674                Dma_Ip_SetLogicChannelScatterGatherConfig
                0x00006700                Dma_Ip_IntIrqHandler
                0x00006716                Dma_Ip_ErrorIrqHandler
                0x00006756                Dma_Ip_GetInitPtr
 .mcal_text     0x00006760       0xf0 out/Dma_Ip_Driver_State.o
                0x000067d8                Dma_Ip_SetHwChannelState
                0x00006808                Dma_Ip_GetHwChannelState
                0x00006824                Dma_Ip_GetHwChannelStatePointer
                0x0000683c                Dma_Ip_SetHwChannelStatePointer
 .mcal_text     0x00006850      0x848 out/Dma_Ip_Hw_Access.o
                0x00006d54                HwAccDmaInst_SetConfig
                0x00006d9c                HwAccDmaInst_SetCommand
                0x00006dac                HwAccDmaInst_GetStatus
                0x00006dd4                HwAccDmaCh_SetCommand
                0x00006df0                HwAccDmaCh_GetStatus
                0x00006e0e                HwAccDmaCh_GetStatus_Error
                0x00006e30                HwAccDmaCh_SetGlobalParam
                0x00006e50                HwAccDmaCh_SetTransferParam
                0x00006e6c                HwAccDmaCh_GetParam
                0x00006e8c                HwAccDmaCh_LoadConfigIntoSoftwareTcd
                0x00007020                HwAccDmaCh_LoadSoftwareTcdIntoHardwareTcd
                0x00007078                HwAccDmaCh_SetControl_ScatterGatherAddress
                0x00007080                HwAccDmaCh_SetControl_EnScatterGatherProcessing
 .mcal_text     0x00007098      0x154 out/Dma_Ip_Irq.o
                0x000070cc                Dma0_Ch0_IRQHandler
                0x000070da                Dma0_Ch1_IRQHandler
                0x000070e8                Dma0_Ch2_IRQHandler
                0x000070f6                Dma0_Ch3_IRQHandler
                0x00007104                Dma0_Ch4_IRQHandler
                0x00007112                Dma0_Ch5_IRQHandler
                0x00007120                Dma0_Ch6_IRQHandler
                0x0000712e                Dma0_Ch7_IRQHandler
                0x0000713c                Dma0_Ch8_IRQHandler
                0x0000714a                Dma0_Ch9_IRQHandler
                0x00007158                Dma0_Ch10_IRQHandler
                0x00007166                Dma0_Ch11_IRQHandler
                0x00007174                Dma0_Ch12_IRQHandler
                0x00007182                Dma0_Ch13_IRQHandler
                0x00007190                Dma0_Ch14_IRQHandler
                0x0000719e                Dma0_Ch15_IRQHandler
                0x000071ac                Dma0_Error_IrqHandler
 .mcal_text     0x000071ec       0x30 out/Dma_Mux_Ip.o
                0x000071ec                Dma_Mux_Ip_Init_Privileged
                0x00007218                Dma_Mux_Ip_Init
 .mcal_text     0x0000721c       0x4c out/Flexio_Mcl_Ip.o
                0x0000721c                Flexio_Mcl_Ip_InitDevice
                0x0000724c                Flexio_Mcl_Ip_DeinitDevice
 .mcal_text     0x00007268      0x15c out/Flexio_Mcl_Ip_HwAccess.o
                0x00007268                Flexio_Mcl_Ip_SetSoftwareReset
                0x0000728c                Flexio_Mcl_Ip_SetDebugEnable
                0x000072b2                Flexio_Mcl_Ip_SetEnable
                0x000072ce                Flexio_Mcl_Ip_GetShifterStatus
                0x000072d8                Flexio_Mcl_Ip_GetAllShifterStatus
                0x000072dc                Flexio_Mcl_Ip_ClearShifterStatus
                0x000072e6                Flexio_Mcl_Ip_GetShifterErrorStatus
                0x000072f0                Flexio_Mcl_Ip_GetAllShifterErrorStatus
                0x000072f4                Flexio_Mcl_Ip_ClearShifterErrorStatus
                0x000072fe                Flexio_Mcl_Ip_GetTimerStatus
                0x00007308                Flexio_Mcl_Ip_GetTimerInterruptEnable
                0x00007312                Flexio_Mcl_Ip_GetAllTimerStatus
                0x00007316                Flexio_Mcl_Ip_ClearTimerStatus
                0x00007320                Flexio_Mcl_Ip_GetAllShifterInterrupt
                0x00007324                Flexio_Mcl_Ip_GetAllShifterErrorInterrupt
                0x00007328                Flexio_Mcl_Ip_SetShifterErrorInterrupt
                0x0000734a                Flexio_Mcl_Ip_SetShifterInterrupt
                0x0000736c                Flexio_Mcl_Ip_SetShifterDMARequest
                0x0000738e                Flexio_Mcl_Ip_GetAllTimerInterrupt
                0x00007392                Flexio_Mcl_Ip_SetTimerInterrupt
                0x000073b4                Flexio_Mcl_Ip_Init
 .mcal_text     0x000073c4       0x38 out/Flexio_Mcl_Ip_Irq.o
                0x000073c4                MCL_FLEXIO_ISR
 .mcal_text     0x000073fc       0x60 out/Ftm_Mcl_Ip.o
                0x000073fc                Ftm_Mcl_Ip_SelectCommonTimebase
 .mcal_text     0x0000745c      0x1c8 out/IntCtrl_Ip.o
                0x0000745c                IntCtrl_Ip_InstallHandlerPrivileged
                0x000074ac                IntCtrl_Ip_EnableIrqPrivileged
                0x000074dc                IntCtrl_Ip_DisableIrqPrivileged
                0x00007510                IntCtrl_Ip_SetPriorityPrivileged
                0x00007548                IntCtrl_Ip_GetPriorityPrivileged
                0x00007570                IntCtrl_Ip_ClearPendingPrivileged
                0x000075a4                IntCtrl_Ip_Init
                0x0000760c                IntCtrl_Ip_InstallHandler
                0x00007610                IntCtrl_Ip_EnableIrq
                0x00007614                IntCtrl_Ip_DisableIrq
                0x00007618                IntCtrl_Ip_SetPriority
                0x0000761c                IntCtrl_Ip_GetPriority
                0x00007620                IntCtrl_Ip_ClearPending
 .mcal_text     0x00007624       0x40 out/main.o
                0x00007624                Notification_0
                0x00007634                Notification_1
                0x00007644                Notification_2
                0x00007654                Notification_3
 .mcal_text     0x00007664      0x230 out/Mcu.o
                0x00007694                Mcu_Init
                0x00007718                Mcu_InitRamSection
                0x00007730                Mcu_InitClock
                0x00007784                Mcu_SetMode
                0x000077d8                Mcu_DistributePllClock
                0x00007810                Mcu_GetPllStatus
                0x00007830                Mcu_GetResetReason
                0x00007850                Mcu_GetResetRawValue
                0x00007870                Mcu_SleepOnExit
                0x00007890                Mcu_ClkSrcFailureNotification
 .mcal_text     0x00007894       0x32 out/Mcu_Ipw.o
                0x00007894                Mcu_Ipw_Init
                0x00007898                Mcu_Ipw_InitClock
                0x0000789c                Mcu_Ipw_DistributePllClock
                0x000078a0                Mcu_Ipw_GetPllStatus
                0x000078b0                Mcu_Ipw_SetMode
                0x000078b4                Mcu_Ipw_GetResetReason
                0x000078b8                Mcu_Ipw_GetResetRawValue
                0x000078bc                Mcu_Ipw_SleepOnExit
 .mcal_text     0x000078c6       0x18 out/OsIf_Timer.o
                0x000078c6                OsIf_Init
                0x000078c8                OsIf_GetCounter
                0x000078cc                OsIf_GetElapsed
                0x000078d4                OsIf_SetTimerFrequency
                0x000078d6                OsIf_MicrosToTicks
 .mcal_text     0x000078de       0x44 out/OsIf_Timer_System_Internal_Systick.o
                0x000078de                OsIf_Timer_System_Internal_Init
                0x000078f4                OsIf_Timer_System_Internal_GetCounter
                0x00007900                OsIf_Timer_System_Internal_GetElapsed
 *fill*         0x00007922        0x2 
 .mcal_text     0x00007924      0x494 out/Pdb_Adc_Ip.o
                0x00007964                Pdb_Adc_Ip_Enable
                0x00007984                Pdb_Adc_Ip_Disable
                0x000079a4                Pdb_Adc_Ip_SetTriggerInput
                0x000079d0                Pdb_Adc_Ip_SetContinuousMode
                0x000079fc                Pdb_Adc_Ip_SwTrigger
                0x00007a1c                Pdb_Adc_Ip_GetTimerValue
                0x00007a2c                Pdb_Adc_Ip_LoadRegValues
                0x00007a4c                Pdb_Adc_Ip_SetModulus
                0x00007a70                Pdb_Adc_Ip_Init
                0x00007b50                Pdb_Adc_Ip_DeInit
                0x00007bb0                Pdb_Adc_Ip_ConfigAdcPretriggers
                0x00007be0                Pdb_Adc_Ip_GetAdcPretriggerFlags
                0x00007bf8                Pdb_Adc_Ip_ClearAdcPretriggerFlags
                0x00007c28                Pdb_Adc_Ip_SetAdcPretriggerBackToBack
                0x00007c60                Pdb_Adc_Ip_SetAdcPretriggerEnable
                0x00007c94                Pdb_Adc_Ip_SetAdcPretriggerDelayEnable
                0x00007cc8                Pdb_Adc_Ip_SetAdcPretriggerDelayValue
                0x00007ce4                Pdb_Adc_Ip_DisableAndClearPdb
                0x00007d4c                Pdb_Adc_Ip_IRQHandler
 .mcal_text     0x00007db8       0x1c out/Pdb_Adc_Ip_Irq.o
                0x00007db8                Pdb_0_Isr
                0x00007dc6                Pdb_1_Isr
 .mcal_text     0x00007dd4       0xb0 out/Platform.o
                0x00007dd4                Platform_Init
                0x00007df0                Platform_SetIrq
                0x00007e1a                Platform_SetIrqPriority
                0x00007e3c                Platform_GetIrqPriority
                0x00007e66                Platform_InstallIrqHandler
 .mcal_text     0x00007e84       0x52 out/Platform_Ipw.o
                0x00007e84                Platform_Ipw_Init
 *fill*         0x00007ed6        0x2 
 .mcal_text     0x00007ed8       0x6c out/Power_Ip.o
                0x00007ed8                Power_Ip_SetMode
                0x00007efc                Power_Ip_GetResetReason
                0x00007f14                Power_Ip_GetResetRawValue
                0x00007f18                Power_Ip_Init
                0x00007f32                Power_Ip_DisableSleepOnExit
                0x00007f36                Power_Ip_EnableSleepOnExit
                0x00007f3a                Power_Ip_InstallNotificationsCallback
 .mcal_text     0x00007f44       0x40 out/Power_Ip_CortexM4.o
                0x00007f44                Power_Ip_CM4_DisableSleepOnExit
                0x00007f54                Power_Ip_CM4_EnableSleepOnExit
                0x00007f64                Power_Ip_CM4_EnableDeepSleep
                0x00007f74                Power_Ip_CM4_DisableDeepSleep
 .mcal_text     0x00007f84       0x2c out/Power_Ip_PMC.o
                0x00007f84                Power_Ip_PMC_PowerInit
 .mcal_text     0x00007fb0       0x4c out/Power_Ip_Private.o
                0x00007fb0                Power_Ip_ReportPowerErrors
                0x00007fbc                Power_Ip_ReportPowerErrorsEmptyCallback
                0x00007fbe                Power_Ip_StartTimeout
                0x00007fde                Power_Ip_TimeoutExpired
 .mcal_text     0x00007ffc       0x9c out/Power_Ip_RCM.o
                0x00007ffc                Power_Ip_RCM_ResetInit
                0x0000801c                Power_Ip_RCM_GetResetReason
                0x00008078                Power_Ip_RCM_GetResetRawValue
 .mcal_text     0x00008098       0xf0 out/Power_Ip_SMC.o
                0x00008098                Power_Ip_SMC_AllowedModesConfig
                0x000080a8                Power_Ip_SMC_ModeCheckEntry
                0x000080d4                Power_Ip_SMC_ModeConfig
 .mcal_text     0x00008188       0xe4 out/Ram_Ip.o
                0x00008188                Ram_Ip_InitRamSection
 .mcal_text     0x0000826c     0x2648 out/SchM_Adc.o
                0x0000826c                SchM_Enter_Adc_ADC_EXCLUSIVE_AREA_00
                0x000082a0                SchM_Exit_Adc_ADC_EXCLUSIVE_AREA_00
                0x000082d0                SchM_Enter_Adc_ADC_EXCLUSIVE_AREA_01
                0x00008304                SchM_Exit_Adc_ADC_EXCLUSIVE_AREA_01
                0x00008334                SchM_Enter_Adc_ADC_EXCLUSIVE_AREA_02
                0x00008368                SchM_Exit_Adc_ADC_EXCLUSIVE_AREA_02
                0x00008398                SchM_Enter_Adc_ADC_EXCLUSIVE_AREA_03
                0x000083cc                SchM_Exit_Adc_ADC_EXCLUSIVE_AREA_03
                0x000083fc                SchM_Enter_Adc_ADC_EXCLUSIVE_AREA_04
                0x00008430                SchM_Exit_Adc_ADC_EXCLUSIVE_AREA_04
                0x00008460                SchM_Enter_Adc_ADC_EXCLUSIVE_AREA_05
                0x00008494                SchM_Exit_Adc_ADC_EXCLUSIVE_AREA_05
                0x000084c4                SchM_Enter_Adc_ADC_EXCLUSIVE_AREA_10
                0x000084f8                SchM_Exit_Adc_ADC_EXCLUSIVE_AREA_10
                0x00008528                SchM_Enter_Adc_ADC_EXCLUSIVE_AREA_100
                0x0000855c                SchM_Exit_Adc_ADC_EXCLUSIVE_AREA_100
                0x0000858c                SchM_Enter_Adc_ADC_EXCLUSIVE_AREA_101
                0x000085c0                SchM_Exit_Adc_ADC_EXCLUSIVE_AREA_101
                0x000085f0                SchM_Enter_Adc_ADC_EXCLUSIVE_AREA_102
                0x00008624                SchM_Exit_Adc_ADC_EXCLUSIVE_AREA_102
                0x00008654                SchM_Enter_Adc_ADC_EXCLUSIVE_AREA_103
                0x00008688                SchM_Exit_Adc_ADC_EXCLUSIVE_AREA_103
                0x000086b8                SchM_Enter_Adc_ADC_EXCLUSIVE_AREA_11
                0x000086ec                SchM_Exit_Adc_ADC_EXCLUSIVE_AREA_11
                0x0000871c                SchM_Enter_Adc_ADC_EXCLUSIVE_AREA_12
                0x00008750                SchM_Exit_Adc_ADC_EXCLUSIVE_AREA_12
                0x00008780                SchM_Enter_Adc_ADC_EXCLUSIVE_AREA_13
                0x000087b4                SchM_Exit_Adc_ADC_EXCLUSIVE_AREA_13
                0x000087e4                SchM_Enter_Adc_ADC_EXCLUSIVE_AREA_14
                0x00008818                SchM_Exit_Adc_ADC_EXCLUSIVE_AREA_14
                0x00008848                SchM_Enter_Adc_ADC_EXCLUSIVE_AREA_15
                0x0000887c                SchM_Exit_Adc_ADC_EXCLUSIVE_AREA_15
                0x000088ac                SchM_Enter_Adc_ADC_EXCLUSIVE_AREA_16
                0x000088e0                SchM_Exit_Adc_ADC_EXCLUSIVE_AREA_16
                0x00008910                SchM_Enter_Adc_ADC_EXCLUSIVE_AREA_17
                0x00008944                SchM_Exit_Adc_ADC_EXCLUSIVE_AREA_17
                0x00008974                SchM_Enter_Adc_ADC_EXCLUSIVE_AREA_18
                0x000089a8                SchM_Exit_Adc_ADC_EXCLUSIVE_AREA_18
                0x000089d8                SchM_Enter_Adc_ADC_EXCLUSIVE_AREA_19
                0x00008a0c                SchM_Exit_Adc_ADC_EXCLUSIVE_AREA_19
                0x00008a3c                SchM_Enter_Adc_ADC_EXCLUSIVE_AREA_20
                0x00008a70                SchM_Exit_Adc_ADC_EXCLUSIVE_AREA_20
                0x00008aa0                SchM_Enter_Adc_ADC_EXCLUSIVE_AREA_21
                0x00008ad4                SchM_Exit_Adc_ADC_EXCLUSIVE_AREA_21
                0x00008b04                SchM_Enter_Adc_ADC_EXCLUSIVE_AREA_22
                0x00008b38                SchM_Exit_Adc_ADC_EXCLUSIVE_AREA_22
                0x00008b68                SchM_Enter_Adc_ADC_EXCLUSIVE_AREA_23
                0x00008b9c                SchM_Exit_Adc_ADC_EXCLUSIVE_AREA_23
                0x00008bcc                SchM_Enter_Adc_ADC_EXCLUSIVE_AREA_24
                0x00008c00                SchM_Exit_Adc_ADC_EXCLUSIVE_AREA_24
                0x00008c30                SchM_Enter_Adc_ADC_EXCLUSIVE_AREA_25
                0x00008c64                SchM_Exit_Adc_ADC_EXCLUSIVE_AREA_25
                0x00008c94                SchM_Enter_Adc_ADC_EXCLUSIVE_AREA_26
                0x00008cc8                SchM_Exit_Adc_ADC_EXCLUSIVE_AREA_26
                0x00008cf8                SchM_Enter_Adc_ADC_EXCLUSIVE_AREA_27
                0x00008d2c                SchM_Exit_Adc_ADC_EXCLUSIVE_AREA_27
                0x00008d5c                SchM_Enter_Adc_ADC_EXCLUSIVE_AREA_28
                0x00008d90                SchM_Exit_Adc_ADC_EXCLUSIVE_AREA_28
                0x00008dc0                SchM_Enter_Adc_ADC_EXCLUSIVE_AREA_29
                0x00008df4                SchM_Exit_Adc_ADC_EXCLUSIVE_AREA_29
                0x00008e24                SchM_Enter_Adc_ADC_EXCLUSIVE_AREA_30
                0x00008e58                SchM_Exit_Adc_ADC_EXCLUSIVE_AREA_30
                0x00008e88                SchM_Enter_Adc_ADC_EXCLUSIVE_AREA_31
                0x00008ebc                SchM_Exit_Adc_ADC_EXCLUSIVE_AREA_31
                0x00008eec                SchM_Enter_Adc_ADC_EXCLUSIVE_AREA_32
                0x00008f20                SchM_Exit_Adc_ADC_EXCLUSIVE_AREA_32
                0x00008f50                SchM_Enter_Adc_ADC_EXCLUSIVE_AREA_33
                0x00008f84                SchM_Exit_Adc_ADC_EXCLUSIVE_AREA_33
                0x00008fb4                SchM_Enter_Adc_ADC_EXCLUSIVE_AREA_34
                0x00008fe8                SchM_Exit_Adc_ADC_EXCLUSIVE_AREA_34
                0x00009018                SchM_Enter_Adc_ADC_EXCLUSIVE_AREA_35
                0x0000904c                SchM_Exit_Adc_ADC_EXCLUSIVE_AREA_35
                0x0000907c                SchM_Enter_Adc_ADC_EXCLUSIVE_AREA_36
                0x000090b0                SchM_Exit_Adc_ADC_EXCLUSIVE_AREA_36
                0x000090e0                SchM_Enter_Adc_ADC_EXCLUSIVE_AREA_37
                0x00009114                SchM_Exit_Adc_ADC_EXCLUSIVE_AREA_37
                0x00009144                SchM_Enter_Adc_ADC_EXCLUSIVE_AREA_38
                0x00009178                SchM_Exit_Adc_ADC_EXCLUSIVE_AREA_38
                0x000091a8                SchM_Enter_Adc_ADC_EXCLUSIVE_AREA_39
                0x000091dc                SchM_Exit_Adc_ADC_EXCLUSIVE_AREA_39
                0x0000920c                SchM_Enter_Adc_ADC_EXCLUSIVE_AREA_40
                0x00009240                SchM_Exit_Adc_ADC_EXCLUSIVE_AREA_40
                0x00009270                SchM_Enter_Adc_ADC_EXCLUSIVE_AREA_41
                0x000092a4                SchM_Exit_Adc_ADC_EXCLUSIVE_AREA_41
                0x000092d4                SchM_Enter_Adc_ADC_EXCLUSIVE_AREA_42
                0x00009308                SchM_Exit_Adc_ADC_EXCLUSIVE_AREA_42
                0x00009338                SchM_Enter_Adc_ADC_EXCLUSIVE_AREA_43
                0x0000936c                SchM_Exit_Adc_ADC_EXCLUSIVE_AREA_43
                0x0000939c                SchM_Enter_Adc_ADC_EXCLUSIVE_AREA_44
                0x000093d0                SchM_Exit_Adc_ADC_EXCLUSIVE_AREA_44
                0x00009400                SchM_Enter_Adc_ADC_EXCLUSIVE_AREA_45
                0x00009434                SchM_Exit_Adc_ADC_EXCLUSIVE_AREA_45
                0x00009464                SchM_Enter_Adc_ADC_EXCLUSIVE_AREA_46
                0x00009498                SchM_Exit_Adc_ADC_EXCLUSIVE_AREA_46
                0x000094c8                SchM_Enter_Adc_ADC_EXCLUSIVE_AREA_47
                0x000094fc                SchM_Exit_Adc_ADC_EXCLUSIVE_AREA_47
                0x0000952c                SchM_Enter_Adc_ADC_EXCLUSIVE_AREA_48
                0x00009560                SchM_Exit_Adc_ADC_EXCLUSIVE_AREA_48
                0x00009590                SchM_Enter_Adc_ADC_EXCLUSIVE_AREA_49
                0x000095c4                SchM_Exit_Adc_ADC_EXCLUSIVE_AREA_49
                0x000095f4                SchM_Enter_Adc_ADC_EXCLUSIVE_AREA_50
                0x00009628                SchM_Exit_Adc_ADC_EXCLUSIVE_AREA_50
                0x00009658                SchM_Enter_Adc_ADC_EXCLUSIVE_AREA_51
                0x0000968c                SchM_Exit_Adc_ADC_EXCLUSIVE_AREA_51
                0x000096bc                SchM_Enter_Adc_ADC_EXCLUSIVE_AREA_54
                0x000096f0                SchM_Exit_Adc_ADC_EXCLUSIVE_AREA_54
                0x00009720                SchM_Enter_Adc_ADC_EXCLUSIVE_AREA_55
                0x00009754                SchM_Exit_Adc_ADC_EXCLUSIVE_AREA_55
                0x00009784                SchM_Enter_Adc_ADC_EXCLUSIVE_AREA_56
                0x000097b8                SchM_Exit_Adc_ADC_EXCLUSIVE_AREA_56
                0x000097e8                SchM_Enter_Adc_ADC_EXCLUSIVE_AREA_57
                0x0000981c                SchM_Exit_Adc_ADC_EXCLUSIVE_AREA_57
                0x0000984c                SchM_Enter_Adc_ADC_EXCLUSIVE_AREA_58
                0x00009880                SchM_Exit_Adc_ADC_EXCLUSIVE_AREA_58
                0x000098b0                SchM_Enter_Adc_ADC_EXCLUSIVE_AREA_59
                0x000098e4                SchM_Exit_Adc_ADC_EXCLUSIVE_AREA_59
                0x00009914                SchM_Enter_Adc_ADC_EXCLUSIVE_AREA_60
                0x00009948                SchM_Exit_Adc_ADC_EXCLUSIVE_AREA_60
                0x00009978                SchM_Enter_Adc_ADC_EXCLUSIVE_AREA_61
                0x000099ac                SchM_Exit_Adc_ADC_EXCLUSIVE_AREA_61
                0x000099dc                SchM_Enter_Adc_ADC_EXCLUSIVE_AREA_62
                0x00009a10                SchM_Exit_Adc_ADC_EXCLUSIVE_AREA_62
                0x00009a40                SchM_Enter_Adc_ADC_EXCLUSIVE_AREA_63
                0x00009a74                SchM_Exit_Adc_ADC_EXCLUSIVE_AREA_63
                0x00009aa4                SchM_Enter_Adc_ADC_EXCLUSIVE_AREA_64
                0x00009ad8                SchM_Exit_Adc_ADC_EXCLUSIVE_AREA_64
                0x00009b08                SchM_Enter_Adc_ADC_EXCLUSIVE_AREA_65
                0x00009b3c                SchM_Exit_Adc_ADC_EXCLUSIVE_AREA_65
                0x00009b6c                SchM_Enter_Adc_ADC_EXCLUSIVE_AREA_66
                0x00009ba0                SchM_Exit_Adc_ADC_EXCLUSIVE_AREA_66
                0x00009bd0                SchM_Enter_Adc_ADC_EXCLUSIVE_AREA_67
                0x00009c04                SchM_Exit_Adc_ADC_EXCLUSIVE_AREA_67
                0x00009c34                SchM_Enter_Adc_ADC_EXCLUSIVE_AREA_68
                0x00009c68                SchM_Exit_Adc_ADC_EXCLUSIVE_AREA_68
                0x00009c98                SchM_Enter_Adc_ADC_EXCLUSIVE_AREA_69
                0x00009ccc                SchM_Exit_Adc_ADC_EXCLUSIVE_AREA_69
                0x00009cfc                SchM_Enter_Adc_ADC_EXCLUSIVE_AREA_70
                0x00009d30                SchM_Exit_Adc_ADC_EXCLUSIVE_AREA_70
                0x00009d60                SchM_Enter_Adc_ADC_EXCLUSIVE_AREA_71
                0x00009d94                SchM_Exit_Adc_ADC_EXCLUSIVE_AREA_71
                0x00009dc4                SchM_Enter_Adc_ADC_EXCLUSIVE_AREA_72
                0x00009df8                SchM_Exit_Adc_ADC_EXCLUSIVE_AREA_72
                0x00009e28                SchM_Enter_Adc_ADC_EXCLUSIVE_AREA_73
                0x00009e5c                SchM_Exit_Adc_ADC_EXCLUSIVE_AREA_73
                0x00009e8c                SchM_Enter_Adc_ADC_EXCLUSIVE_AREA_74
                0x00009ec0                SchM_Exit_Adc_ADC_EXCLUSIVE_AREA_74
                0x00009ef0                SchM_Enter_Adc_ADC_EXCLUSIVE_AREA_75
                0x00009f24                SchM_Exit_Adc_ADC_EXCLUSIVE_AREA_75
                0x00009f54                SchM_Enter_Adc_ADC_EXCLUSIVE_AREA_76
                0x00009f88                SchM_Exit_Adc_ADC_EXCLUSIVE_AREA_76
                0x00009fb8                SchM_Enter_Adc_ADC_EXCLUSIVE_AREA_77
                0x00009fec                SchM_Exit_Adc_ADC_EXCLUSIVE_AREA_77
                0x0000a01c                SchM_Enter_Adc_ADC_EXCLUSIVE_AREA_78
                0x0000a050                SchM_Exit_Adc_ADC_EXCLUSIVE_AREA_78
                0x0000a080                SchM_Enter_Adc_ADC_EXCLUSIVE_AREA_79
                0x0000a0b4                SchM_Exit_Adc_ADC_EXCLUSIVE_AREA_79
                0x0000a0e4                SchM_Enter_Adc_ADC_EXCLUSIVE_AREA_80
                0x0000a118                SchM_Exit_Adc_ADC_EXCLUSIVE_AREA_80
                0x0000a148                SchM_Enter_Adc_ADC_EXCLUSIVE_AREA_81
                0x0000a17c                SchM_Exit_Adc_ADC_EXCLUSIVE_AREA_81
                0x0000a1ac                SchM_Enter_Adc_ADC_EXCLUSIVE_AREA_82
                0x0000a1e0                SchM_Exit_Adc_ADC_EXCLUSIVE_AREA_82
                0x0000a210                SchM_Enter_Adc_ADC_EXCLUSIVE_AREA_83
                0x0000a244                SchM_Exit_Adc_ADC_EXCLUSIVE_AREA_83
                0x0000a274                SchM_Enter_Adc_ADC_EXCLUSIVE_AREA_84
                0x0000a2a8                SchM_Exit_Adc_ADC_EXCLUSIVE_AREA_84
                0x0000a2d8                SchM_Enter_Adc_ADC_EXCLUSIVE_AREA_85
                0x0000a30c                SchM_Exit_Adc_ADC_EXCLUSIVE_AREA_85
                0x0000a33c                SchM_Enter_Adc_ADC_EXCLUSIVE_AREA_86
                0x0000a370                SchM_Exit_Adc_ADC_EXCLUSIVE_AREA_86
                0x0000a3a0                SchM_Enter_Adc_ADC_EXCLUSIVE_AREA_87
                0x0000a3d4                SchM_Exit_Adc_ADC_EXCLUSIVE_AREA_87
                0x0000a404                SchM_Enter_Adc_ADC_EXCLUSIVE_AREA_88
                0x0000a438                SchM_Exit_Adc_ADC_EXCLUSIVE_AREA_88
                0x0000a468                SchM_Enter_Adc_ADC_EXCLUSIVE_AREA_89
                0x0000a49c                SchM_Exit_Adc_ADC_EXCLUSIVE_AREA_89
                0x0000a4cc                SchM_Enter_Adc_ADC_EXCLUSIVE_AREA_90
                0x0000a500                SchM_Exit_Adc_ADC_EXCLUSIVE_AREA_90
                0x0000a530                SchM_Enter_Adc_ADC_EXCLUSIVE_AREA_91
                0x0000a564                SchM_Exit_Adc_ADC_EXCLUSIVE_AREA_91
                0x0000a594                SchM_Enter_Adc_ADC_EXCLUSIVE_AREA_92
                0x0000a5c8                SchM_Exit_Adc_ADC_EXCLUSIVE_AREA_92
                0x0000a5f8                SchM_Enter_Adc_ADC_EXCLUSIVE_AREA_93
                0x0000a62c                SchM_Exit_Adc_ADC_EXCLUSIVE_AREA_93
                0x0000a65c                SchM_Enter_Adc_ADC_EXCLUSIVE_AREA_94
                0x0000a690                SchM_Exit_Adc_ADC_EXCLUSIVE_AREA_94
                0x0000a6c0                SchM_Enter_Adc_ADC_EXCLUSIVE_AREA_95
                0x0000a6f4                SchM_Exit_Adc_ADC_EXCLUSIVE_AREA_95
                0x0000a724                SchM_Enter_Adc_ADC_EXCLUSIVE_AREA_96
                0x0000a758                SchM_Exit_Adc_ADC_EXCLUSIVE_AREA_96
                0x0000a788                SchM_Enter_Adc_ADC_EXCLUSIVE_AREA_97
                0x0000a7bc                SchM_Exit_Adc_ADC_EXCLUSIVE_AREA_97
                0x0000a7ec                SchM_Enter_Adc_ADC_EXCLUSIVE_AREA_98
                0x0000a820                SchM_Exit_Adc_ADC_EXCLUSIVE_AREA_98
                0x0000a850                SchM_Enter_Adc_ADC_EXCLUSIVE_AREA_99
                0x0000a884                SchM_Exit_Adc_ADC_EXCLUSIVE_AREA_99
 .mcal_text     0x0000a8b4     0x125c out/SchM_Mcl.o
                0x0000a8b4                SchM_Enter_Mcl_MCL_EXCLUSIVE_AREA_00
                0x0000a8e8                SchM_Exit_Mcl_MCL_EXCLUSIVE_AREA_00
                0x0000a918                SchM_Enter_Mcl_MCL_EXCLUSIVE_AREA_01
                0x0000a94c                SchM_Exit_Mcl_MCL_EXCLUSIVE_AREA_01
                0x0000a97c                SchM_Enter_Mcl_MCL_EXCLUSIVE_AREA_02
                0x0000a9b0                SchM_Exit_Mcl_MCL_EXCLUSIVE_AREA_02
                0x0000a9e0                SchM_Enter_Mcl_MCL_EXCLUSIVE_AREA_03
                0x0000aa14                SchM_Exit_Mcl_MCL_EXCLUSIVE_AREA_03
                0x0000aa44                SchM_Enter_Mcl_MCL_EXCLUSIVE_AREA_04
                0x0000aa78                SchM_Exit_Mcl_MCL_EXCLUSIVE_AREA_04
                0x0000aaa8                SchM_Enter_Mcl_MCL_EXCLUSIVE_AREA_05
                0x0000aadc                SchM_Exit_Mcl_MCL_EXCLUSIVE_AREA_05
                0x0000ab0c                SchM_Enter_Mcl_MCL_EXCLUSIVE_AREA_06
                0x0000ab40                SchM_Exit_Mcl_MCL_EXCLUSIVE_AREA_06
                0x0000ab70                SchM_Enter_Mcl_MCL_EXCLUSIVE_AREA_07
                0x0000aba4                SchM_Exit_Mcl_MCL_EXCLUSIVE_AREA_07
                0x0000abd4                SchM_Enter_Mcl_MCL_EXCLUSIVE_AREA_08
                0x0000ac08                SchM_Exit_Mcl_MCL_EXCLUSIVE_AREA_08
                0x0000ac38                SchM_Enter_Mcl_MCL_EXCLUSIVE_AREA_09
                0x0000ac6c                SchM_Exit_Mcl_MCL_EXCLUSIVE_AREA_09
                0x0000ac9c                SchM_Enter_Mcl_MCL_EXCLUSIVE_AREA_10
                0x0000acd0                SchM_Exit_Mcl_MCL_EXCLUSIVE_AREA_10
                0x0000ad00                SchM_Enter_Mcl_MCL_EXCLUSIVE_AREA_11
                0x0000ad34                SchM_Exit_Mcl_MCL_EXCLUSIVE_AREA_11
                0x0000ad64                SchM_Enter_Mcl_MCL_EXCLUSIVE_AREA_12
                0x0000ad98                SchM_Exit_Mcl_MCL_EXCLUSIVE_AREA_12
                0x0000adc8                SchM_Enter_Mcl_MCL_EXCLUSIVE_AREA_13
                0x0000adfc                SchM_Exit_Mcl_MCL_EXCLUSIVE_AREA_13
                0x0000ae2c                SchM_Enter_Mcl_MCL_EXCLUSIVE_AREA_14
                0x0000ae60                SchM_Exit_Mcl_MCL_EXCLUSIVE_AREA_14
                0x0000ae90                SchM_Enter_Mcl_MCL_EXCLUSIVE_AREA_15
                0x0000aec4                SchM_Exit_Mcl_MCL_EXCLUSIVE_AREA_15
                0x0000aef4                SchM_Enter_Mcl_MCL_EXCLUSIVE_AREA_16
                0x0000af28                SchM_Exit_Mcl_MCL_EXCLUSIVE_AREA_16
                0x0000af58                SchM_Enter_Mcl_MCL_EXCLUSIVE_AREA_17
                0x0000af8c                SchM_Exit_Mcl_MCL_EXCLUSIVE_AREA_17
                0x0000afbc                SchM_Enter_Mcl_MCL_EXCLUSIVE_AREA_18
                0x0000aff0                SchM_Exit_Mcl_MCL_EXCLUSIVE_AREA_18
                0x0000b020                SchM_Enter_Mcl_MCL_EXCLUSIVE_AREA_19
                0x0000b054                SchM_Exit_Mcl_MCL_EXCLUSIVE_AREA_19
                0x0000b084                SchM_Enter_Mcl_MCL_EXCLUSIVE_AREA_20
                0x0000b0b8                SchM_Exit_Mcl_MCL_EXCLUSIVE_AREA_20
                0x0000b0e8                SchM_Enter_Mcl_MCL_EXCLUSIVE_AREA_21
                0x0000b11c                SchM_Exit_Mcl_MCL_EXCLUSIVE_AREA_21
                0x0000b14c                SchM_Enter_Mcl_MCL_EXCLUSIVE_AREA_22
                0x0000b180                SchM_Exit_Mcl_MCL_EXCLUSIVE_AREA_22
                0x0000b1b0                SchM_Enter_Mcl_MCL_EXCLUSIVE_AREA_23
                0x0000b1e4                SchM_Exit_Mcl_MCL_EXCLUSIVE_AREA_23
                0x0000b214                SchM_Enter_Mcl_MCL_EXCLUSIVE_AREA_24
                0x0000b248                SchM_Exit_Mcl_MCL_EXCLUSIVE_AREA_24
                0x0000b278                SchM_Enter_Mcl_MCL_EXCLUSIVE_AREA_25
                0x0000b2ac                SchM_Exit_Mcl_MCL_EXCLUSIVE_AREA_25
                0x0000b2dc                SchM_Enter_Mcl_MCL_EXCLUSIVE_AREA_26
                0x0000b310                SchM_Exit_Mcl_MCL_EXCLUSIVE_AREA_26
                0x0000b340                SchM_Enter_Mcl_MCL_EXCLUSIVE_AREA_27
                0x0000b374                SchM_Exit_Mcl_MCL_EXCLUSIVE_AREA_27
                0x0000b3a4                SchM_Enter_Mcl_MCL_EXCLUSIVE_AREA_28
                0x0000b3d8                SchM_Exit_Mcl_MCL_EXCLUSIVE_AREA_28
                0x0000b408                SchM_Enter_Mcl_MCL_EXCLUSIVE_AREA_29
                0x0000b43c                SchM_Exit_Mcl_MCL_EXCLUSIVE_AREA_29
                0x0000b46c                SchM_Enter_Mcl_MCL_EXCLUSIVE_AREA_30
                0x0000b4a0                SchM_Exit_Mcl_MCL_EXCLUSIVE_AREA_30
                0x0000b4d0                SchM_Enter_Mcl_MCL_EXCLUSIVE_AREA_31
                0x0000b504                SchM_Exit_Mcl_MCL_EXCLUSIVE_AREA_31
                0x0000b534                SchM_Enter_Mcl_MCL_EXCLUSIVE_AREA_32
                0x0000b568                SchM_Exit_Mcl_MCL_EXCLUSIVE_AREA_32
                0x0000b598                SchM_Enter_Mcl_MCL_EXCLUSIVE_AREA_33
                0x0000b5cc                SchM_Exit_Mcl_MCL_EXCLUSIVE_AREA_33
                0x0000b5fc                SchM_Enter_Mcl_MCL_EXCLUSIVE_AREA_34
                0x0000b630                SchM_Exit_Mcl_MCL_EXCLUSIVE_AREA_34
                0x0000b660                SchM_Enter_Mcl_MCL_EXCLUSIVE_AREA_35
                0x0000b694                SchM_Exit_Mcl_MCL_EXCLUSIVE_AREA_35
                0x0000b6c4                SchM_Enter_Mcl_MCL_EXCLUSIVE_AREA_36
                0x0000b6f8                SchM_Exit_Mcl_MCL_EXCLUSIVE_AREA_36
                0x0000b728                SchM_Enter_Mcl_MCL_EXCLUSIVE_AREA_37
                0x0000b75c                SchM_Exit_Mcl_MCL_EXCLUSIVE_AREA_37
                0x0000b78c                SchM_Enter_Mcl_MCL_EXCLUSIVE_AREA_38
                0x0000b7c0                SchM_Exit_Mcl_MCL_EXCLUSIVE_AREA_38
                0x0000b7f0                SchM_Enter_Mcl_MCL_EXCLUSIVE_AREA_39
                0x0000b824                SchM_Exit_Mcl_MCL_EXCLUSIVE_AREA_39
                0x0000b854                SchM_Enter_Mcl_MCL_EXCLUSIVE_AREA_40
                0x0000b888                SchM_Exit_Mcl_MCL_EXCLUSIVE_AREA_40
                0x0000b8b8                SchM_Enter_Mcl_MCL_EXCLUSIVE_AREA_41
                0x0000b8ec                SchM_Exit_Mcl_MCL_EXCLUSIVE_AREA_41
                0x0000b91c                SchM_Enter_Mcl_MCL_EXCLUSIVE_AREA_42
                0x0000b950                SchM_Exit_Mcl_MCL_EXCLUSIVE_AREA_42
                0x0000b980                SchM_Enter_Mcl_MCL_EXCLUSIVE_AREA_43
                0x0000b9b4                SchM_Exit_Mcl_MCL_EXCLUSIVE_AREA_43
                0x0000b9e4                SchM_Enter_Mcl_MCL_EXCLUSIVE_AREA_44
                0x0000ba18                SchM_Exit_Mcl_MCL_EXCLUSIVE_AREA_44
                0x0000ba48                SchM_Enter_Mcl_MCL_EXCLUSIVE_AREA_45
                0x0000ba7c                SchM_Exit_Mcl_MCL_EXCLUSIVE_AREA_45
                0x0000baac                SchM_Enter_Mcl_MCL_EXCLUSIVE_AREA_46
                0x0000bae0                SchM_Exit_Mcl_MCL_EXCLUSIVE_AREA_46
 .mcal_text     0x0000bb10      0x12c out/SchM_Mcu.o
                0x0000bb10                SchM_Enter_Mcu_MCU_EXCLUSIVE_AREA_00
                0x0000bb44                SchM_Exit_Mcu_MCU_EXCLUSIVE_AREA_00
                0x0000bb74                SchM_Enter_Mcu_MCU_EXCLUSIVE_AREA_01
                0x0000bba8                SchM_Exit_Mcu_MCU_EXCLUSIVE_AREA_01
                0x0000bbd8                SchM_Enter_Mcu_MCU_EXCLUSIVE_AREA_02
                0x0000bc0c                SchM_Exit_Mcu_MCU_EXCLUSIVE_AREA_02
 .mcal_text     0x0000bc3c      0x514 out/SchM_Platform.o
                0x0000bc3c                SchM_Enter_Platform_PLATFORM_EXCLUSIVE_AREA_00
                0x0000bc70                SchM_Exit_Platform_PLATFORM_EXCLUSIVE_AREA_00
                0x0000bca0                SchM_Enter_Platform_PLATFORM_EXCLUSIVE_AREA_01
                0x0000bcd4                SchM_Exit_Platform_PLATFORM_EXCLUSIVE_AREA_01
                0x0000bd04                SchM_Enter_Platform_PLATFORM_EXCLUSIVE_AREA_02
                0x0000bd38                SchM_Exit_Platform_PLATFORM_EXCLUSIVE_AREA_02
                0x0000bd68                SchM_Enter_Platform_PLATFORM_EXCLUSIVE_AREA_03
                0x0000bd9c                SchM_Exit_Platform_PLATFORM_EXCLUSIVE_AREA_03
                0x0000bdcc                SchM_Enter_Platform_PLATFORM_EXCLUSIVE_AREA_04
                0x0000be00                SchM_Exit_Platform_PLATFORM_EXCLUSIVE_AREA_04
                0x0000be30                SchM_Enter_Platform_PLATFORM_EXCLUSIVE_AREA_05
                0x0000be64                SchM_Exit_Platform_PLATFORM_EXCLUSIVE_AREA_05
                0x0000be94                SchM_Enter_Platform_PLATFORM_EXCLUSIVE_AREA_06
                0x0000bec8                SchM_Exit_Platform_PLATFORM_EXCLUSIVE_AREA_06
                0x0000bef8                SchM_Enter_Platform_PLATFORM_EXCLUSIVE_AREA_07
                0x0000bf2c                SchM_Exit_Platform_PLATFORM_EXCLUSIVE_AREA_07
                0x0000bf5c                SchM_Enter_Platform_PLATFORM_EXCLUSIVE_AREA_08
                0x0000bf90                SchM_Exit_Platform_PLATFORM_EXCLUSIVE_AREA_08
                0x0000bfc0                SchM_Enter_Platform_PLATFORM_EXCLUSIVE_AREA_09
                0x0000bff4                SchM_Exit_Platform_PLATFORM_EXCLUSIVE_AREA_09
                0x0000c024                SchM_Enter_Platform_PLATFORM_EXCLUSIVE_AREA_10
                0x0000c058                SchM_Exit_Platform_PLATFORM_EXCLUSIVE_AREA_10
                0x0000c088                SchM_Enter_Platform_PLATFORM_EXCLUSIVE_AREA_11
                0x0000c0bc                SchM_Exit_Platform_PLATFORM_EXCLUSIVE_AREA_11
                0x0000c0ec                SchM_Enter_Platform_PLATFORM_EXCLUSIVE_AREA_12
                0x0000c120                SchM_Exit_Platform_PLATFORM_EXCLUSIVE_AREA_12
 .mcal_text     0x0000c150      0x514 out/SchM_Rm.o
                0x0000c150                SchM_Enter_Rm_RM_EXCLUSIVE_AREA_00
                0x0000c184                SchM_Exit_Rm_RM_EXCLUSIVE_AREA_00
                0x0000c1b4                SchM_Enter_Rm_RM_EXCLUSIVE_AREA_01
                0x0000c1e8                SchM_Exit_Rm_RM_EXCLUSIVE_AREA_01
                0x0000c218                SchM_Enter_Rm_RM_EXCLUSIVE_AREA_02
                0x0000c24c                SchM_Exit_Rm_RM_EXCLUSIVE_AREA_02
                0x0000c27c                SchM_Enter_Rm_RM_EXCLUSIVE_AREA_03
                0x0000c2b0                SchM_Exit_Rm_RM_EXCLUSIVE_AREA_03
                0x0000c2e0                SchM_Enter_Rm_RM_EXCLUSIVE_AREA_04
                0x0000c314                SchM_Exit_Rm_RM_EXCLUSIVE_AREA_04
                0x0000c344                SchM_Enter_Rm_RM_EXCLUSIVE_AREA_05
                0x0000c378                SchM_Exit_Rm_RM_EXCLUSIVE_AREA_05
                0x0000c3a8                SchM_Enter_Rm_RM_EXCLUSIVE_AREA_06
                0x0000c3dc                SchM_Exit_Rm_RM_EXCLUSIVE_AREA_06
                0x0000c40c                SchM_Enter_Rm_RM_EXCLUSIVE_AREA_07
                0x0000c440                SchM_Exit_Rm_RM_EXCLUSIVE_AREA_07
                0x0000c470                SchM_Enter_Rm_RM_EXCLUSIVE_AREA_08
                0x0000c4a4                SchM_Exit_Rm_RM_EXCLUSIVE_AREA_08
                0x0000c4d4                SchM_Enter_Rm_RM_EXCLUSIVE_AREA_09
                0x0000c508                SchM_Exit_Rm_RM_EXCLUSIVE_AREA_09
                0x0000c538                SchM_Enter_Rm_RM_EXCLUSIVE_AREA_10
                0x0000c56c                SchM_Exit_Rm_RM_EXCLUSIVE_AREA_10
                0x0000c59c                SchM_Enter_Rm_RM_EXCLUSIVE_AREA_11
                0x0000c5d0                SchM_Exit_Rm_RM_EXCLUSIVE_AREA_11
                0x0000c600                SchM_Enter_Rm_RM_EXCLUSIVE_AREA_12
                0x0000c634                SchM_Exit_Rm_RM_EXCLUSIVE_AREA_12
 .mcal_text     0x0000c664       0x20 out/System_Ip.o
                0x0000c664                System_Ip_ConfigIrq
 .mcal_text     0x0000c684       0xe0 out/Trgmux_Ip.o
                0x0000c684                Trgmux_Ip_Init
                0x0000c6e8                Trgmux_Ip_SetInput
                0x0000c728                Trgmux_Ip_SetLock
 .mcal_text     0x0000c764       0x68 out/Trgmux_Ip_HwAcc.o
                0x0000c764                hwAcc_Init
                0x0000c78a                hwAcc_SetInputForOutput
                0x0000c7ae                hwAcc_SetLockForOutput
                0x0000c7c0                hwAcc_GetLockForOutput
                0x0000c7cc                . = ALIGN (0x4)
                0x0000c7cc                acfls_code_rom_start = .
                0x0000c7cc                . = ALIGN (0x4)
 *(.acfls_code_rom)
                0x0000c7cc                . = ALIGN (0x4)
 *(.acmem_43_INFLS_code_rom)
                0x0000c7cc                . = ALIGN (0x4)
                0x0000c7cc                acfls_code_rom_end = .
 *(.init)
                0x0000c7cc                . = ALIGN (0x4)
 *(.fini)
                0x0000c7cc                . = ALIGN (0x4)
 *(.rodata)
 .rodata        0x0000c7cc        0x6 out/Adc_Ipw.o
 *fill*         0x0000c7d2        0x2 
 .rodata        0x0000c7d4       0x64 out/Dma_Ip_Driver_State.o
 .rodata        0x0000c838       0xe4 out/Dma_Ip_Hw_Access.o
 .rodata        0x0000c91c        0xc out/main.o
                0x0000c91c                AdcExpectedValue
 .rodata        0x0000c928        0x8 out/Trgmux_Ip_VS_0_PBcfg.o
                0x0000c928                Trgmux_Ip_xTrgmuxInitPB_VS_0
 *(.rodata*)
                0x0000c930                . = ALIGN (0x4)
 *(.mcal_const_cfg)
 .mcal_const_cfg
                0x0000c930       0xc0 out/Adc_Ip_VS_0_PBcfg.o
                0x0000c930                AdcIpConfig_1_VS_0
                0x0000c96c                AdcIpConfig_0_VS_0
 .mcal_const_cfg
                0x0000c9f0       0x74 out/Adc_Ipw_VS_0_PBcfg.o
                0x0000c9f0                AdcIpwGroupConfig_3_VS_0
                0x0000ca04                AdcIpwGroupConfig_2_VS_0
                0x0000ca18                AdcIpwGroupConfig_1_VS_0
                0x0000ca2c                AdcIpwGroupConfig_0_VS_0
                0x0000ca40                AdcIpwCfg_VS_0
 .mcal_const_cfg
                0x0000ca64      0x140 out/Adc_VS_0_PBcfg.o
                0x0000ca64                Adc_Config_VS_0
 .mcal_const_cfg
                0x0000cba4        0x8 out/CDD_Mcl_Cfg.o
                0x0000cba4                Mcl_Dem_Config
 .mcal_const_cfg
                0x0000cbac        0xc out/CDD_Mcl_VS_0_PBcfg.o
                0x0000cbac                Mcl_Config
 .mcal_const_cfg
                0x0000cbb8        0x4 out/CDD_Rm_Ipw_VS_0_PBcfg.o
                0x0000cbb8                Rm_Ipw_Config_VS_0
 .mcal_const_cfg
                0x0000cbbc        0x4 out/CDD_Rm_VS_0_PBcfg.o
                0x0000cbbc                Rm_Config
 .mcal_const_cfg
                0x0000cbc0      0x3f8 out/Clock_Ip_VS_0_PBcfg.o
                0x0000cbc0                Mcu_aClockConfigPB_VS_0
 .mcal_const_cfg
                0x0000cfb8       0x74 out/Dma_Ip_Cfg.o
                0x0000cfb8                Dma_Ip_xLogicChannelResetConfig
                0x0000cfd4                TransferResetConfig
                0x0000d010                GlobalResetConfig
                0x0000d01c                Dma_Ip_xLogicInstanceResetConfig
 .mcal_const_cfg
                0x0000d02c      0x114 out/Dma_Ip_VS_0_PBcfg.o
                0x0000d02c                Dma_Ip_xDmaInitPB_VS_0
                0x0000d044                Dma_Ip_paxLogicChannelConfigArrayPB_VS_0
                0x0000d054                LogicChannel3ConfigPB_VS_0
                0x0000d070                LogicChannel2ConfigPB_VS_0
                0x0000d08c                LogicChannel1ConfigPB_VS_0
                0x0000d0a8                LogicChannel0ConfigPB_VS_0
                0x0000d0c4                Dma_Ip_VirtualMemoryConfig_VS_0
                0x0000d0cc                Dma_Ip_VirtualMemorySectionConfig_VS_0
                0x0000d0dc                LogicChannel0TransferConfigPB_VS_0
                0x0000d118                LogicChannel1GlobalConfigPB_VS_0
                0x0000d121                LogicChannel0GlobalConfigPB_VS_0
                0x0000d12c                Dma_Ip_paxLogicInstanceConfigArrayPB_VS_0
                0x0000d130                LogicInstance0ConfigPB_VS_0
 .mcal_const_cfg
                0x0000d140       0x14 out/Dma_Mux_Ip_VS_0_PBcfg.o
                0x0000d140                Dma_Mux_Config_VS_0
 .mcal_const_cfg
                0x0000d154       0x1c out/Mcu_VS_0_PBcfg.o
                0x0000d154                Mcu_PreCompileConfig
 .mcal_const_cfg
                0x0000d170       0x40 out/Pdb_Adc_Ip_VS_0_PBcfg.o
                0x0000d170                PdbAdcIpConfig_1_VS_0
                0x0000d190                PdbAdcIpConfig_0_VS_0
 .mcal_const_cfg
                0x0000d1b0        0x8 out/Platform_Cfg.o
                0x0000d1b0                Platform_Config
 .mcal_const_cfg
                0x0000d1b8        0x8 out/Platform_Ipw_Cfg.o
                0x0000d1b8                ipwConfig
 .mcal_const_cfg
                0x0000d1c0       0x34 out/Power_Ip_VS_0_PBcfg.o
                0x0000d1c0                Power_Ip_HwIPsConfigPB_VS_0
                0x0000d1cc                Power_Ip_aModeConfigPB_VS_0
 .mcal_const_cfg
                0x0000d1f4        0xa out/Trgmux_Ip_VS_0_PBcfg.o
                0x0000d1f4                Trgmux_Ip_LogicTrigger1ConfigPB_VS_0
                0x0000d1f9                Trgmux_Ip_LogicTrigger0ConfigPB_VS_0
                0x0000d200                . = ALIGN (0x4)
 *fill*         0x0000d1fe        0x2 
 *(.mcal_const)
 .mcal_const    0x0000d200        0x8 out/Adc_Ip.o
 .mcal_const    0x0000d208      0x59e out/Clock_Ip_Data.o
                0x0000d208                Clock_Ip_aeHwDfsName
                0x0000d20c                Clock_Ip_aeHwPllName
                0x0000d210                Clock_Ip_aeSourceTypeClockName
                0x0000d2cc                Clock_Ip_apxScgPeriphAsyncDivs
                0x0000d2dc                Clock_Ip_au8DividerValueHardwareValue
                0x0000d31d                Clock_Ip_au8SelectorEntrySIMHardwareValue
                0x0000d34c                Clock_Ip_au8SelectorEntryPcsHardwareValue
                0x0000d37b                Clock_Ip_au8SelectorEntryScsHardwareValue
                0x0000d3aa                Clock_Ip_au16SelectorEntryHardwareValue
                0x0000d401                Clock_Ip_au8ClockFeatures
                0x0000d710                Clock_Ip_au8CmuCallbackIndex
                0x0000d71f                Clock_Ip_au8PcfsCallbackIndex
                0x0000d72e                Clock_Ip_au8SelectorCallbackIndex
                0x0000d73d                Clock_Ip_au8PllCallbackIndex
                0x0000d74c                Clock_Ip_au8FractionalDividerCallbackIndex
                0x0000d75b                Clock_Ip_au8GateCallbackIndex
                0x0000d76a                Clock_Ip_au8IrcoscCallbackIndex
                0x0000d779                Clock_Ip_au8XoscCallbackIndex
                0x0000d788                Clock_Ip_au8DividerTriggerCallbackIndex
                0x0000d797                Clock_Ip_au8DividerCallbackIndex
 *fill*         0x0000d7a6        0x2 
 .mcal_const    0x0000d7a8       0x3c out/Clock_Ip_Divider.o
                0x0000d7a8                Clock_Ip_axDividerCallbacks
 .mcal_const    0x0000d7e4        0x8 out/Clock_Ip_DividerTrigger.o
                0x0000d7e4                Clock_Ip_axDividerTriggerCallbacks
 .mcal_const    0x0000d7ec       0x28 out/Clock_Ip_ExtOsc.o
                0x0000d7ec                Clock_Ip_axExtOscCallbacks
 .mcal_const    0x0000d814        0xc out/Clock_Ip_FracDiv.o
                0x0000d814                Clock_Ip_axFracDivCallbacks
 .mcal_const    0x0000d820       0x38 out/Clock_Ip_Gate.o
                0x0000d820                Clock_Ip_axGateCallbacks
 .mcal_const    0x0000d858       0x3c out/Clock_Ip_IntOsc.o
                0x0000d858                Clock_Ip_axIntOscCallbacks
 .mcal_const    0x0000d894       0x10 out/Clock_Ip_Monitor.o
                0x0000d894                Clock_Ip_axCmuCallbacks
 .mcal_const    0x0000d8a4       0x28 out/Clock_Ip_Pll.o
                0x0000d8a4                Clock_Ip_axPllCallbacks
 .mcal_const    0x0000d8cc        0x4 out/Clock_Ip_ProgFreqSwitch.o
                0x0000d8cc                Clock_Ip_axPcfsCallbacks
 .mcal_const    0x0000d8d0       0x58 out/Clock_Ip_Selector.o
                0x0000d8d0                Clock_Ip_axSelectorCallbacks
 .mcal_const    0x0000d928       0x1c out/Clock_Ip_Specific.o
 .mcal_const    0x0000d944        0x4 out/Flexio_Mcl_Ip.o
                0x0000d944                Flexio_Ip_paxBase
 .mcal_const    0x0000d948       0x10 out/Ftm_Mcl_Ip.o
 .mcal_const    0x0000d958        0x8 out/Pdb_Adc_Ip.o
 .mcal_const    0x0000d960       0x3c out/Power_Ip.o
 .mcal_const    0x0000d99c        0x1 out/Trgmux_Ip_Cfg.o
                0x0000d99c                Trgmux_Ip_InstanceArr
                0x0000d9a0                . = ALIGN (0x4)
 *fill*         0x0000d99d        0x3 
 *(.mcal_const_no_cacheable)
                0x0000d9a0                . = ALIGN (0x4)
                0x0000d9a0                __init_table = .
 *(.init_table)
 .init_table    0x0000d9a0       0x1c out/startup_cm4.o
                0x0000d9bc                . = ALIGN (0x4)
                0x0000d9bc                __zero_table = .
 *(.zero_table)
 .zero_table    0x0000d9bc        0xc out/startup_cm4.o
                0x0000d9c8                . = ALIGN (0x4)
 *(.acmcu_code_rom)
                0x0000d9c8                . = ALIGN (0x4)
                0x0000d9c8                _etext = .
                0x0000d9c8                __DATA_ROM = .

.glue_7         0x0000d9c8        0x0
 .glue_7        0x0000d9c8        0x0 linker stubs

.glue_7t        0x0000d9c8        0x0
 .glue_7t       0x0000d9c8        0x0 linker stubs

.vfp11_veneer   0x0000d9c8        0x0
 .vfp11_veneer  0x0000d9c8        0x0 linker stubs

.v4_bx          0x0000d9c8        0x0
 .v4_bx         0x0000d9c8        0x0 linker stubs

.iplt           0x0000d9c8        0x0
 .iplt          0x0000d9c8        0x0 out/Adc.o

.igot.plt       0x0000d9c8        0x0
 .igot.plt      0x0000d9c8        0x0 out/Adc.o

.rel.dyn        0x0000d9c8        0x0
 .rel.iplt      0x0000d9c8        0x0 out/Adc.o
                0x0000d9c8                . = ALIGN (0x4)
                [!provide]                PROVIDE (__exidx_start = .)

.ARM.exidx
 *(.ARM.exidx* .gnu.linkonce.armexidx.*)
                0x0000d9c8                . = ALIGN (0x4)
                [!provide]                PROVIDE (__exidx_end = .)

.ARM.extab      0x1fff8100        0x0
 *(.ARM.extab*)
                0x1fff8100                . = ALIGN (0x4)

.sram_interrupts
                0x1fff8100      0xa10
                0x1fff8800                . = ALIGN (0x800)
 *fill*         0x1fff8100      0x700 
                0x1fff8800                __interrupts_ram_start = .
                0x1fff8b10                . = (. + (__interrupts_rom_end - __interrupts_rom_start))
 *fill*         0x1fff8800      0x310 
                0x1fff8b10                . = ALIGN (0x4)
                0x1fff8b10                __interrupts_ram_end = .

.sram_data      0x1fff8b20       0xa8 load address 0x0000d9c8
                0x1fff8b20                . = ALIGN (0x4)
                0x1fff8b20                __data_ram_start = .
 *(.ramcode)
                0x1fff8b20                . = ALIGN (0x4)
 *(.data)
 .data          0x1fff8b20        0x0 out/Adc.o
 .data          0x1fff8b20        0x0 out/Adc_Cfg.o
 .data          0x1fff8b20        0x0 out/Adc_Ip.o
 .data          0x1fff8b20        0x0 out/Adc_Ip_Irq.o
 .data          0x1fff8b20        0x0 out/Adc_Ip_VS_0_PBcfg.o
 .data          0x1fff8b20        0x0 out/Adc_Ipw.o
 .data          0x1fff8b20        0x0 out/Adc_Ipw_Irq.o
 .data          0x1fff8b20        0x0 out/Adc_Ipw_VS_0_PBcfg.o
 .data          0x1fff8b20        0x0 out/Adc_VS_0_PBcfg.o
 .data          0x1fff8b20        0x0 out/Cache_Ip.o
 .data          0x1fff8b20        0x0 out/Cache_Ip_HwAcc_Lmem.o
 .data          0x1fff8b20        0x0 out/CDD_Mcl.o
 .data          0x1fff8b20        0x0 out/CDD_Mcl_Cfg.o
 .data          0x1fff8b20        0x0 out/CDD_Mcl_Ipw.o
 .data          0x1fff8b20        0x0 out/CDD_Mcl_VS_0_PBcfg.o
 .data          0x1fff8b20        0x0 out/CDD_Rm.o
 .data          0x1fff8b20        0x0 out/CDD_Rm_Cfg.o
 .data          0x1fff8b20        0x0 out/CDD_Rm_Ipw.o
 .data          0x1fff8b20        0x0 out/CDD_Rm_Ipw_VS_0_PBcfg.o
 .data          0x1fff8b20        0x0 out/CDD_Rm_VS_0_PBcfg.o
 .data          0x1fff8b20        0x4 out/Clock_Ip.o
 .data          0x1fff8b24        0x0 out/Clock_Ip_Cfg.o
 .data          0x1fff8b24        0x0 out/Clock_Ip_Data.o
 .data          0x1fff8b24        0x0 out/Clock_Ip_Divider.o
 .data          0x1fff8b24        0x0 out/Clock_Ip_DividerTrigger.o
 .data          0x1fff8b24        0x0 out/Clock_Ip_ExtOsc.o
 .data          0x1fff8b24        0x0 out/Clock_Ip_FracDiv.o
 .data          0x1fff8b24        0x0 out/Clock_Ip_Frequency.o
 .data          0x1fff8b24        0x0 out/Clock_Ip_Gate.o
 .data          0x1fff8b24        0x0 out/Clock_Ip_IntOsc.o
 .data          0x1fff8b24        0x0 out/Clock_Ip_Irq.o
 .data          0x1fff8b24        0x0 out/Clock_Ip_Monitor.o
 .data          0x1fff8b24        0x0 out/Clock_Ip_Pll.o
 .data          0x1fff8b24        0x0 out/Clock_Ip_ProgFreqSwitch.o
 .data          0x1fff8b24        0x0 out/Clock_Ip_Selector.o
 .data          0x1fff8b24        0x0 out/Clock_Ip_Specific.o
 .data          0x1fff8b24        0x0 out/Clock_Ip_VS_0_PBcfg.o
 .data          0x1fff8b24        0x0 out/Dem.o
 .data          0x1fff8b24        0x0 out/Dem_stub.o
 .data          0x1fff8b24        0x0 out/Det.o
 .data          0x1fff8b24        0x0 out/Det_stub.o
 .data          0x1fff8b24        0x0 out/Dma_Ip.o
 .data          0x1fff8b24        0x0 out/Dma_Ip_Cfg.o
 .data          0x1fff8b24        0x0 out/Dma_Ip_Driver_State.o
 .data          0x1fff8b24        0x0 out/Dma_Ip_Hw_Access.o
 .data          0x1fff8b24        0x0 out/Dma_Ip_Irq.o
 .data          0x1fff8b24        0x0 out/Dma_Ip_Multicore.o
 .data          0x1fff8b24        0x0 out/Dma_Ip_VS_0_PBcfg.o
 .data          0x1fff8b24        0x0 out/Dma_Mux_Ip.o
 .data          0x1fff8b24        0x0 out/Dma_Mux_Ip_VS_0_PBcfg.o
 .data          0x1fff8b24        0x0 out/exceptions.o
 .data          0x1fff8b24        0x0 out/Flexio_Mcl_Ip.o
 .data          0x1fff8b24        0x0 out/Flexio_Mcl_Ip_HwAccess.o
 .data          0x1fff8b24        0x0 out/Flexio_Mcl_Ip_Irq.o
 .data          0x1fff8b24        0x0 out/Flexio_Mcl_Ip_VS_0_PBcfg.o
 .data          0x1fff8b24        0x0 out/Ftm_Mcl_Ip.o
 .data          0x1fff8b24        0x0 out/IntCtrl_Ip.o
 .data          0x1fff8b24        0x0 out/IntCtrl_Ip_Cfg.o
 .data          0x1fff8b24       0x18 out/main.o
                0x1fff8b24                ResultBuffer
                0x1fff8b2c                AdcReadGroupBuffer
                0x1fff8b34                AdcReadGroupBufferDma
 .data          0x1fff8b3c        0x0 out/Mcu.o
 .data          0x1fff8b3c        0x0 out/Mcu_Cfg.o
 .data          0x1fff8b3c        0x0 out/Mcu_Dem_Wrapper.o
 .data          0x1fff8b3c        0x0 out/Mcu_Ipw.o
 .data          0x1fff8b3c        0x0 out/Mcu_Ipw_Irq.o
 .data          0x1fff8b3c        0x0 out/Mcu_VS_0_PBcfg.o
 .data          0x1fff8b3c        0x0 out/Mpu_Ip.o
 .data          0x1fff8b3c        0x0 out/Mpu_Ip_Cfg.o
 .data          0x1fff8b3c        0x0 out/nvic.o
 .data          0x1fff8b3c        0x0 out/OsIf_Cfg.o
 .data          0x1fff8b3c        0x0 out/OsIf_Interrupts.o
 .data          0x1fff8b3c        0x0 out/OsIf_Timer.o
 .data          0x1fff8b3c        0x0 out/OsIf_Timer_System.o
 .data          0x1fff8b3c        0x0 out/OsIf_Timer_System_Internal_Systick.o
 .data          0x1fff8b3c        0x0 out/Pdb_Adc_Ip.o
 .data          0x1fff8b3c        0x0 out/Pdb_Adc_Ip_Irq.o
 .data          0x1fff8b3c        0x0 out/Pdb_Adc_Ip_VS_0_PBcfg.o
 .data          0x1fff8b3c        0x0 out/Platform.o
 .data          0x1fff8b3c        0x0 out/Platform_Cfg.o
 .data          0x1fff8b3c        0x0 out/Platform_Ipw.o
 .data          0x1fff8b3c        0x0 out/Platform_Ipw_Cfg.o
 .data          0x1fff8b3c        0x0 out/Power_Ip.o
 .data          0x1fff8b3c        0x0 out/Power_Ip_AEC.o
 .data          0x1fff8b3c        0x0 out/Power_Ip_Cfg.o
 .data          0x1fff8b3c        0x0 out/Power_Ip_CortexM4.o
 .data          0x1fff8b3c        0x0 out/Power_Ip_PMC.o
 .data          0x1fff8b3c        0x0 out/Power_Ip_PMC_Irq.o
 .data          0x1fff8b3c        0x0 out/Power_Ip_Private.o
 .data          0x1fff8b3c        0x0 out/Power_Ip_RCM.o
 .data          0x1fff8b3c        0x0 out/Power_Ip_RCM_Irq.o
 .data          0x1fff8b3c        0x0 out/Power_Ip_SIM.o
 .data          0x1fff8b3c        0x0 out/Power_Ip_SMC.o
 .data          0x1fff8b3c        0x0 out/Power_Ip_VS_0_PBcfg.o
 .data          0x1fff8b3c        0x0 out/Ram_Ip.o
 .data          0x1fff8b3c        0x0 out/Ram_Ip_Cfg.o
 .data          0x1fff8b3c        0x0 out/Ram_Ip_VS_0_PBcfg.o
 .data          0x1fff8b3c        0x0 out/SchM_Adc.o
 .data          0x1fff8b3c        0x0 out/SchM_Mcl.o
 .data          0x1fff8b3c        0x0 out/SchM_Mcu.o
 .data          0x1fff8b3c        0x0 out/SchM_Platform.o
 .data          0x1fff8b3c        0x0 out/SchM_Rm.o
 .data          0x1fff8b3c        0x0 out/startup.o
 .data          0x1fff8b3c        0x0 out/startup_cm4.o
 .data          0x1fff8b3c        0x0 out/sys_init.o
 .data          0x1fff8b3c        0x0 out/system.o
 .data          0x1fff8b3c        0x0 out/System_Ip.o
 .data          0x1fff8b3c        0x0 out/Trgmux_Ip.o
 .data          0x1fff8b3c        0x0 out/Trgmux_Ip_Cfg.o
 .data          0x1fff8b3c        0x0 out/Trgmux_Ip_HwAcc.o
 .data          0x1fff8b3c        0x0 out/Trgmux_Ip_VS_0_PBcfg.o
 .data          0x1fff8b3c        0x0 out/Vector_Table.o
 .data          0x1fff8b3c        0x0 c:/nxp/gcc-10.2-arm32-eabi/bin/../lib/gcc/arm-none-eabi/10.2.0/../../../../arm-none-eabi/lib/thumb/v7e-m+fp/hard\libg_nano.a(lib_a-memmove.o)
 .data          0x1fff8b3c        0x0 c:/nxp/gcc-10.2-arm32-eabi/bin/../lib/gcc/arm-none-eabi/10.2.0/../../../../arm-none-eabi/lib/thumb/v7e-m+fp/hard\libg_nano.a(lib_a-memset.o)
 *(.data*)
                0x1fff8b3c                . = ALIGN (0x4)
 *(.mcal_data)
 .mcal_data     0x1fff8b3c        0x1 out/Clock_Ip.o
                0x1fff8b3c                Clock_Ip_bSentFromUpdateDriverContext
 .mcal_data     0x1fff8b3d        0x2 out/Clock_Ip_Specific.o
 *fill*         0x1fff8b3f        0x1 
 .mcal_data     0x1fff8b40       0x50 out/Dma_Ip_VS_0_PBcfg.o
                0x1fff8b40                LogicChannel2SgaElem0ConfigPB_VS_0
                0x1fff8b50                LogicChannel2TransferElem0PB_VS_0
                0x1fff8b8c                LogicChannel2SgaArrayPB_VS_0
 .mcal_data     0x1fff8b90        0x4 out/Mcu.o
 .mcal_data     0x1fff8b94        0x4 out/Power_Ip.o
                0x1fff8b94                Power_Ip_pfReportErrorsCallback
                0x1fff8b98                . = ALIGN (0x4)
 *(.mcal_data_no_cacheable)
 .mcal_data_no_cacheable
                0x1fff8b98       0x10 out/Dma_Ip_VS_0_PBcfg.o
                0x1fff8b98                Dma_Ip_paxHwChannelStateArrayPB_VS_0
 *fill*         0x1fff8ba8       0x18 
 .mcal_data_no_cacheable
                0x1fff8bc0        0x8 out/main.o
                0x1fff8bc0                ResultBufferDma
                0x1fff8bc8                . = ALIGN (0x4)
                0x1fff8bc8                __data_ram_end = .
                0x0000da70                __DATA_ROM_END = (__DATA_ROM + (__data_ram_end - __data_ram_start))

.sram_bss       0x1fff8be0      0xb30 load address 0x0000daa0
                0x1fff8be0                . = ALIGN (0x10)
                0x1fff8be0                __sram_bss_start = .
 *(.bss)
 .bss           0x1fff8be0        0x0 out/Adc.o
 .bss           0x1fff8be0        0x0 out/Adc_Cfg.o
 .bss           0x1fff8be0        0x0 out/Adc_Ip.o
 .bss           0x1fff8be0        0x0 out/Adc_Ip_Irq.o
 .bss           0x1fff8be0        0x0 out/Adc_Ip_VS_0_PBcfg.o
 .bss           0x1fff8be0        0x0 out/Adc_Ipw.o
 .bss           0x1fff8be0        0x0 out/Adc_Ipw_Irq.o
 .bss           0x1fff8be0        0x0 out/Adc_Ipw_VS_0_PBcfg.o
 .bss           0x1fff8be0        0x0 out/Adc_VS_0_PBcfg.o
 .bss           0x1fff8be0        0x0 out/Cache_Ip.o
 .bss           0x1fff8be0        0x0 out/Cache_Ip_HwAcc_Lmem.o
 .bss           0x1fff8be0        0x0 out/CDD_Mcl.o
 .bss           0x1fff8be0        0x0 out/CDD_Mcl_Cfg.o
 .bss           0x1fff8be0        0x0 out/CDD_Mcl_Ipw.o
 .bss           0x1fff8be0        0x0 out/CDD_Mcl_VS_0_PBcfg.o
 .bss           0x1fff8be0        0x0 out/CDD_Rm.o
 .bss           0x1fff8be0        0x0 out/CDD_Rm_Cfg.o
 .bss           0x1fff8be0        0x0 out/CDD_Rm_Ipw.o
 .bss           0x1fff8be0        0x0 out/CDD_Rm_Ipw_VS_0_PBcfg.o
 .bss           0x1fff8be0        0x0 out/CDD_Rm_VS_0_PBcfg.o
 .bss           0x1fff8be0        0x0 out/Clock_Ip.o
 .bss           0x1fff8be0        0x0 out/Clock_Ip_Cfg.o
 .bss           0x1fff8be0        0x0 out/Clock_Ip_Data.o
 .bss           0x1fff8be0        0x0 out/Clock_Ip_Divider.o
 .bss           0x1fff8be0        0x0 out/Clock_Ip_DividerTrigger.o
 .bss           0x1fff8be0        0x0 out/Clock_Ip_ExtOsc.o
 .bss           0x1fff8be0        0x0 out/Clock_Ip_FracDiv.o
 .bss           0x1fff8be0        0x0 out/Clock_Ip_Frequency.o
 .bss           0x1fff8be0        0x0 out/Clock_Ip_Gate.o
 .bss           0x1fff8be0        0x0 out/Clock_Ip_IntOsc.o
 .bss           0x1fff8be0        0x0 out/Clock_Ip_Irq.o
 .bss           0x1fff8be0        0x0 out/Clock_Ip_Monitor.o
 .bss           0x1fff8be0        0x0 out/Clock_Ip_Pll.o
 .bss           0x1fff8be0        0x0 out/Clock_Ip_ProgFreqSwitch.o
 .bss           0x1fff8be0        0x0 out/Clock_Ip_Selector.o
 .bss           0x1fff8be0        0x0 out/Clock_Ip_Specific.o
 .bss           0x1fff8be0        0x0 out/Clock_Ip_VS_0_PBcfg.o
 .bss           0x1fff8be0        0x0 out/Dem.o
 .bss           0x1fff8be0        0x0 out/Dem_stub.o
 .bss           0x1fff8be0        0x0 out/Det.o
 .bss           0x1fff8be0        0x0 out/Det_stub.o
 .bss           0x1fff8be0        0x0 out/Dma_Ip.o
 .bss           0x1fff8be0        0x0 out/Dma_Ip_Cfg.o
 .bss           0x1fff8be0        0x0 out/Dma_Ip_Driver_State.o
 .bss           0x1fff8be0        0x0 out/Dma_Ip_Hw_Access.o
 .bss           0x1fff8be0        0x0 out/Dma_Ip_Irq.o
 .bss           0x1fff8be0        0x0 out/Dma_Ip_Multicore.o
 .bss           0x1fff8be0        0x0 out/Dma_Ip_VS_0_PBcfg.o
 .bss           0x1fff8be0        0x0 out/Dma_Mux_Ip.o
 .bss           0x1fff8be0        0x0 out/Dma_Mux_Ip_VS_0_PBcfg.o