Autosar/Mcal/Gpt/include/Ftm_Gpt_Ip.h:239:23:Ftm_Gpt_Ip_GetChInterruptStatusFlag	8	static
Autosar/Mcal/Gpt/include/Ftm_Gpt_Ip.h:254:22:Ftm_Gpt_Ip_GetCntValue	8	static
Autosar/Mcal/Gpt/include/Ftm_Gpt_Ip.h:271:22:Ftm_Gpt_Ip_GetCompareValue	8	static
Autosar/Mcal/Gpt/src/Ftm_Gpt_Ip.c:399:20:Ftm_Gpt_Ip_SetFreezeBits	24	static
Autosar/Mcal/Gpt/src/Ftm_Gpt_Ip.c:418:20:Ftm_Gpt_Ip_SetCounterInitVal	8	static
Autosar/Mcal/Gpt/src/Ftm_Gpt_Ip.c:434:20:Ftm_Gpt_Ip_SetCounter	8	static
Autosar/Mcal/Gpt/src/Ftm_Gpt_Ip.c:456:20:Ftm_Gpt_Ip_ClearChInterruptStatusFlag	8	static
Autosar/Mcal/Gpt/src/Ftm_Gpt_Ip.c:473:20:Ftm_Gpt_Ip_SetChannelEnableInterrupt	8	static
Autosar/Mcal/Gpt/src/Ftm_Gpt_Ip.c:494:20:Ftm_Gpt_Ip_SetClockSource	16	static
Autosar/Mcal/Gpt/src/Ftm_Gpt_Ip.c:524:20:Ftm_Gpt_Ip_SetPrescaler	16	static
Autosar/Mcal/Gpt/src/Ftm_Gpt_Ip.c:545:20:Ftm_Gpt_Ip_SetEnFtmModule	16	static
Autosar/Mcal/Gpt/src/Ftm_Gpt_Ip.c:567:20:Ftm_Gpt_Ip_SetCompareValue	8	static
Autosar/Mcal/Gpt/src/Ftm_Gpt_Ip.c:585:20:Ftm_Gpt_Ip_WriteModulo	8	static
Autosar/Mcal/Gpt/src/Ftm_Gpt_Ip.c:603:20:Ftm_Gpt_Ip_ModeSelectA	16	static
Autosar/Mcal/Gpt/src/Ftm_Gpt_Ip.c:627:20:Ftm_Gpt_Ip_SetHalfCycleValue	8	static
Autosar/Mcal/Gpt/src/Ftm_Gpt_Ip.c:660:23:Ftm_Gpt_Ip_GetChInterruptEnableFlag	8	static
Autosar/Mcal/Gpt/src/Ftm_Gpt_Ip.c:700:23:Ftm_Gpt_Ip_GetChannelEventStatus	8	static
Autosar/Mcal/Gpt/src/Ftm_Gpt_Ip.c:728:13:Ftm_Gpt_Ip_ProcessCommonInterrupt	40	static
Autosar/Mcal/Gpt/src/Ftm_Gpt_Ip.c:816:6:Ftm_Gpt_Ip_Init	16	static
Autosar/Mcal/Gpt/src/Ftm_Gpt_Ip.c:868:6:Ftm_Gpt_Ip_InitChannel	16	static
Autosar/Mcal/Gpt/src/Ftm_Gpt_Ip.c:919:6:Ftm_Gpt_Ip_Deinit	24	static
Autosar/Mcal/Gpt/src/Ftm_Gpt_Ip.c:960:6:Ftm_Gpt_Ip_StartCounting	24	static
Autosar/Mcal/Gpt/src/Ftm_Gpt_Ip.c:1030:6:Ftm_Gpt_Ip_StartTimer	16	static
Autosar/Mcal/Gpt/src/Ftm_Gpt_Ip.c:1058:6:Ftm_Gpt_Ip_StopTimer	16	static
Autosar/Mcal/Gpt/src/Ftm_Gpt_Ip.c:1081:6:Ftm_Gpt_Ip_EnableChannelInterrupt	16	static
Autosar/Mcal/Gpt/src/Ftm_Gpt_Ip.c:1106:6:Ftm_Gpt_Ip_DisableChannelInterrupt	16	static
Autosar/Mcal/Gpt/src/Ftm_Gpt_Ip.c:1131:6:Ftm_Gpt_Ip_SetHalfCycleReloadPoint	16	static
Autosar/Mcal/Gpt/src/Ftm_Gpt_Ip.c:1222:6:Ftm_Gpt_Ip_StartPredefTimer	16	static
Autosar/Mcal/Gpt/src/Ftm_Gpt_Ip.c:1277:6:Ftm_Gpt_Ip_StopPredefTimer	16	static
Autosar/Mcal/Gpt/src/Ftm_Gpt_Ip.c:1361:1:FTM_0_CH_0_CH_1_ISR	16	static
Autosar/Mcal/Gpt/src/Ftm_Gpt_Ip.c:1461:1:FTM_1_CH_0_CH_1_ISR	16	static
Autosar/Mcal/Gpt/src/Ftm_Gpt_Ip.c:1561:1:FTM_2_CH_0_CH_1_ISR	16	static
