Autosar/Mcal/Spi/src/Spi.c:495:30:Spi_CheckInit	24	static
Autosar/Mcal/Spi/src/Spi.c:908:23:Spi_SyncJobsTranfer	40	static
Autosar/Mcal/Spi/src/Spi.c:1277:13:Spi_InitChannelsJobsSeqsState	32	static
Autosar/Mcal/Spi/src/Spi.c:1477:23:Spi_GetStatusAsyncCheckHwBusy	16	static
Autosar/Mcal/Spi/src/Spi.c:1601:6:Spi_GetVersionInfo	8	static
Autosar/Mcal/Spi/src/Spi.c:1637:6:Spi_Init	24	static
Autosar/Mcal/Spi/src/Spi.c:1723:16:Spi_DeInit	16	static
Autosar/Mcal/Spi/src/Spi.c:2178:16:Spi_SetupEB	40	static
Autosar/Mcal/Spi/src/Spi.c:2285:16:Spi_GetStatus	24	static
Autosar/Mcal/Spi/src/Spi.c:2365:19:Spi_GetJobResult	16	static
Autosar/Mcal/Spi/src/Spi.c:2434:19:Spi_GetSequenceResult	16	static
Autosar/Mcal/Spi/src/Spi.c:2515:16:Spi_SyncTransmit	48	static
Autosar/Mcal/Spi/src/Spi.c:2671:16:Spi_GetHWUnitStatus	16	static
Autosar/Mcal/Spi/src/Spi.c:2715:6:Spi_Cancel	8	static
Autosar/Mcal/Spi/src/Spi.c:2942:6:Spi_MainFunction_Handling	0	static
