Autosar/Mcal/Pwm/include/Ftm_Pwm_Ip_HwAccess.h:134:20:Ftm_Pwm_Ip_SetClockPs	8	static
Autosar/Mcal/Pwm/include/Ftm_Pwm_Ip_HwAccess.h:162:20:Ftm_Pwm_Ip_SetClockSource	8	static
Autosar/Mcal/Pwm/include/Ftm_Pwm_Ip_HwAccess.h:193:20:Ftm_Pwm_Ip_SetCpwms	8	static
Autosar/Mcal/Pwm/include/Ftm_Pwm_Ip_HwAccess.h:208:42:Ftm_Pwm_Ip_GetCpwms	8	static
Autosar/Mcal/Pwm/include/Ftm_Pwm_Ip_HwAccess.h:273:20:Ftm_Pwm_Ip_SetTimerOverflowInt	8	static
Autosar/Mcal/Pwm/include/Ftm_Pwm_Ip_HwAccess.h:312:20:Ftm_Pwm_Ip_ClearTimerOverflow	8	static
Autosar/Mcal/Pwm/include/Ftm_Pwm_Ip_HwAccess.h:329:20:Ftm_Pwm_Ip_EnablePwmChannelOutputs	8	static
Autosar/Mcal/Pwm/include/Ftm_Pwm_Ip_HwAccess.h:358:20:Ftm_Pwm_Ip_SetCounter	8	static
Autosar/Mcal/Pwm/include/Ftm_Pwm_Ip_HwAccess.h:386:20:Ftm_Pwm_Ip_SetMod	8	static
Autosar/Mcal/Pwm/include/Ftm_Pwm_Ip_HwAccess.h:456:21:Ftm_Pwm_Ip_GetChnEdgeLevel	16	static
Autosar/Mcal/Pwm/include/Ftm_Pwm_Ip_HwAccess.h:475:20:Ftm_Pwm_Ip_SetChnEdgeLevel	24	static
Autosar/Mcal/Pwm/include/Ftm_Pwm_Ip_HwAccess.h:497:20:Ftm_Pwm_Ip_SetChnMSBAMode	24	static
Autosar/Mcal/Pwm/include/Ftm_Pwm_Ip_HwAccess.h:521:21:Ftm_Pwm_Ip_GetChnMode	16	static
Autosar/Mcal/Pwm/include/Ftm_Pwm_Ip_HwAccess.h:540:20:Ftm_Pwm_Ip_UpdateChnInt	8	static
Autosar/Mcal/Pwm/include/Ftm_Pwm_Ip_HwAccess.h:564:20:Ftm_Pwm_Ip_ClearChnEventFlag	8	static
Autosar/Mcal/Pwm/include/Ftm_Pwm_Ip_HwAccess.h:601:23:Ftm_Pwm_Ip_GetChOutputValue	8	static
Autosar/Mcal/Pwm/include/Ftm_Pwm_Ip_HwAccess.h:616:20:Ftm_Pwm_Ip_SetChnCountVal	8	static
Autosar/Mcal/Pwm/include/Ftm_Pwm_Ip_HwAccess.h:647:20:Ftm_Pwm_Ip_SetCounterInitVal	8	static
Autosar/Mcal/Pwm/include/Ftm_Pwm_Ip_HwAccess.h:715:20:Ftm_Pwm_Ip_Enable	8	static
Autosar/Mcal/Pwm/include/Ftm_Pwm_Ip_HwAccess.h:760:20:Ftm_Pwm_Ip_SetPwmSyncMode	8	static
Autosar/Mcal/Pwm/include/Ftm_Pwm_Ip_HwAccess.h:776:20:Ftm_Pwm_Ip_SetMinLoadingCmd	8	static
Autosar/Mcal/Pwm/include/Ftm_Pwm_Ip_HwAccess.h:790:20:Ftm_Pwm_Ip_SetMaxLoadingCmd	8	static
Autosar/Mcal/Pwm/include/Ftm_Pwm_Ip_HwAccess.h:821:20:Ftm_Pwm_Ip_SetOutmaskPwmSyncModeCmd	8	static
Autosar/Mcal/Pwm/include/Ftm_Pwm_Ip_HwAccess.h:839:20:Ftm_Pwm_Ip_SetHardwareSyncTriggerSrc	8	static
Autosar/Mcal/Pwm/include/Ftm_Pwm_Ip_HwAccess.h:861:20:Ftm_Pwm_Ip_SetSoftwareTriggerCmd	8	static
Autosar/Mcal/Pwm/include/Ftm_Pwm_Ip_HwAccess.h:880:20:Ftm_Pwm_Ip_SetChnOutputInitStateCmd	16	static
Autosar/Mcal/Pwm/include/Ftm_Pwm_Ip_HwAccess.h:907:20:Ftm_Pwm_Ip_SetChnOutputMask	8	static
Autosar/Mcal/Pwm/include/Ftm_Pwm_Ip_HwAccess.h:929:20:Ftm_Pwm_Ip_SetOutmaskReg	8	static
Autosar/Mcal/Pwm/include/Ftm_Pwm_Ip_HwAccess.h:944:20:Ftm_Pwm_Ip_ClearOutmaskReg	8	static
Autosar/Mcal/Pwm/include/Ftm_Pwm_Ip_HwAccess.h:976:20:Ftm_Pwm_Ip_SetDualChnCombineCmd	8	static
Autosar/Mcal/Pwm/include/Ftm_Pwm_Ip_HwAccess.h:1000:23:Ftm_Pwm_Ip_GetDualChnCombineCmd	8	static
Autosar/Mcal/Pwm/include/Ftm_Pwm_Ip_HwAccess.h:1015:20:Ftm_Pwm_Ip_SetDualChnCompCmd	8	static
Autosar/Mcal/Pwm/include/Ftm_Pwm_Ip_HwAccess.h:1038:20:Ftm_Pwm_Ip_SetDualChnDeadtimeCmd	8	static
Autosar/Mcal/Pwm/include/Ftm_Pwm_Ip_HwAccess.h:1061:20:Ftm_Pwm_Ip_SetDualChnPwmSyncCmd	8	static
Autosar/Mcal/Pwm/include/Ftm_Pwm_Ip_HwAccess.h:1085:20:Ftm_Pwm_Ip_SetDualChnMCombineCmd	8	static
Autosar/Mcal/Pwm/include/Ftm_Pwm_Ip_HwAccess.h:1128:20:Ftm_Pwm_Ip_SetDeadtimeCount	8	static
Autosar/Mcal/Pwm/include/Ftm_Pwm_Ip_HwAccess.h:1143:20:Ftm_Pwm_Ip_SetDeadtimePrescaler	8	static
Autosar/Mcal/Pwm/include/Ftm_Pwm_Ip_HwAccess.h:1165:20:Ftm_Pwm_Ip_SetExtDeadtimeValue	8	static
Autosar/Mcal/Pwm/include/Ftm_Pwm_Ip_HwAccess.h:1181:20:Ftm_Pwm_Ip_SetInitTriggerCmd	8	static
Autosar/Mcal/Pwm/include/Ftm_Pwm_Ip_HwAccess.h:1215:20:Ftm_Pwm_Ip_DisableTriggerMask	8	static
Autosar/Mcal/Pwm/include/Ftm_Pwm_Ip_HwAccess.h:1226:20:Ftm_Pwm_Ip_EnableTriggerMask	8	static
Autosar/Mcal/Pwm/include/Ftm_Pwm_Ip_HwAccess.h:1243:20:Ftm_Pwm_Ip_SetChnOutputPolarityCmd	16	static
Autosar/Mcal/Pwm/include/Ftm_Pwm_Ip_HwAccess.h:1266:39:Ftm_Pwm_Ip_GetChnOutputPolarity	8	static
Autosar/Mcal/Pwm/include/Ftm_Pwm_Ip_HwAccess.h:1301:20:Ftm_Pwm_Ip_SetLoadFreq	8	static
Autosar/Mcal/Pwm/include/Ftm_Pwm_Ip_HwAccess.h:1326:20:Ftm_Pwm_Ip_SetBdmMode	8	static
Autosar/Mcal/Pwm/include/Ftm_Pwm_Ip_HwAccess.h:1375:20:Ftm_Pwm_Ip_SetInitTriggerMode	8	static
Autosar/Mcal/Pwm/include/Ftm_Pwm_Ip_HwAccess.h:1392:20:Ftm_Pwm_Ip_SetHwTriggerSyncModeCmd	8	static
Autosar/Mcal/Pwm/include/Ftm_Pwm_Ip_HwAccess.h:1406:20:Ftm_Pwm_Ip_SetCntinPwmSyncModeCmd	8	static
Autosar/Mcal/Pwm/include/Ftm_Pwm_Ip_HwAccess.h:1420:20:Ftm_Pwm_Ip_SetInvctrlPwmSyncModeCmd	8	static
Autosar/Mcal/Pwm/include/Ftm_Pwm_Ip_HwAccess.h:1434:20:Ftm_Pwm_Ip_SetSwoctrlPwmSyncModeCmd	8	static
Autosar/Mcal/Pwm/include/Ftm_Pwm_Ip_HwAccess.h:1448:20:Ftm_Pwm_Ip_SetPwmSyncModeCmd	8	static
Autosar/Mcal/Pwm/include/Ftm_Pwm_Ip_HwAccess.h:1462:20:Ftm_Pwm_Ip_SetCounterSoftwareSyncModeCmd	8	static
Autosar/Mcal/Pwm/include/Ftm_Pwm_Ip_HwAccess.h:1476:20:Ftm_Pwm_Ip_SetModCntinCvSoftwareSyncModeCmd	8	static
Autosar/Mcal/Pwm/include/Ftm_Pwm_Ip_HwAccess.h:1490:20:Ftm_Pwm_Ip_SetOutmaskSoftwareSyncModeCmd	8	static
Autosar/Mcal/Pwm/include/Ftm_Pwm_Ip_HwAccess.h:1504:20:Ftm_Pwm_Ip_SetInvctrlSoftwareSyncModeCmd	8	static
Autosar/Mcal/Pwm/include/Ftm_Pwm_Ip_HwAccess.h:1518:20:Ftm_Pwm_Ip_SetSwoctrlSoftwareSyncModeCmd	8	static
Autosar/Mcal/Pwm/include/Ftm_Pwm_Ip_HwAccess.h:1532:20:Ftm_Pwm_Ip_SetCounterHardwareSyncModeCmd	8	static
Autosar/Mcal/Pwm/include/Ftm_Pwm_Ip_HwAccess.h:1546:20:Ftm_Pwm_Ip_SetModCntinCvHardwareSyncModeCmd	8	static
Autosar/Mcal/Pwm/include/Ftm_Pwm_Ip_HwAccess.h:1560:20:Ftm_Pwm_Ip_SetOutmaskHardwareSyncModeCmd	8	static
Autosar/Mcal/Pwm/include/Ftm_Pwm_Ip_HwAccess.h:1574:20:Ftm_Pwm_Ip_SetInvctrlHardwareSyncModeCmd	8	static
Autosar/Mcal/Pwm/include/Ftm_Pwm_Ip_HwAccess.h:1663:20:Ftm_Pwm_Ip_SetChnSoftwareCtrlVal	16	static
Autosar/Mcal/Pwm/include/Ftm_Pwm_Ip_HwAccess.h:1702:20:Ftm_Pwm_Ip_SetChnSoftwareCtrlCmd	8	static
Autosar/Mcal/Pwm/include/Ftm_Pwm_Ip_HwAccess.h:1722:20:Ftm_Pwm_Ip_SoftwareOutputControl	8	static
Autosar/Mcal/Pwm/include/Ftm_Pwm_Ip_HwAccess.h:1741:20:Ftm_Pwm_Ip_SetPwmLoadChnSelCmd	8	static
Autosar/Mcal/Pwm/include/Ftm_Pwm_Ip_HwAccess.h:1766:20:Ftm_Pwm_Ip_SetHalfCycleCmd	8	static
Autosar/Mcal/Pwm/include/Ftm_Pwm_Ip_HwAccess.h:1849:20:Ftm_Pwm_Ip_SetHalfCycleValue	8	static
Autosar/Mcal/Pwm/include/Ftm_Pwm_Ip_HwAccess.h:2017:22:Ftm_Pwm_Ip_GetSoftwareOutputControl	8	static
Autosar/Mcal/Pwm/include/Ftm_Pwm_Ip_HwAccess.h:2031:22:Ftm_Pwm_Ip_GetPolInstance	8	static
Autosar/Mcal/Pwm/include/Ftm_Pwm_Ip_HwAccess.h:2075:42:Ftm_Pwm_Ip_GetChannelMode	24	static
Autosar/Mcal/Pwm/include/Ftm_Pwm_Ip_HwAccess.h:2133:20:Ftm_Pwm_Ip_UpdateWriteProtection	8	static
Autosar/Mcal/Pwm/include/Ftm_Pwm_Ip_HwAccess.h:2158:20:Ftm_Pwm_Ip_Reset	24	static
Autosar/Mcal/Pwm/include/Ftm_Pwm_Ip_HwAccess.h:2243:20:Ftm_Pwm_Ip_SetChnTriggerCmd	16	static
Autosar/Mcal/Pwm/include/Ftm_Pwm_Ip_HwAccess.h:2281:20:Ftm_Pwm_Ip_SetFaultControlMode	8	static
Autosar/Mcal/Pwm/include/Ftm_Pwm_Ip_HwAccess.h:2314:20:Ftm_Pwm_Ip_SetDualChFaultCtr	8	static
Autosar/Mcal/Pwm/include/Ftm_Pwm_Ip_HwAccess.h:2332:20:Ftm_Pwm_Ip_SetFaultInterruptEnable	8	static
Autosar/Mcal/Pwm/include/Ftm_Pwm_Ip_HwAccess.h:2351:20:Ftm_Pwm_Ip_ClearFaultFlag	8	static
Autosar/Mcal/Pwm/include/Ftm_Pwm_Ip_HwAccess.h:2434:20:Ftm_Pwm_Ip_SetFaultFilterValue	8	static
Autosar/Mcal/Pwm/include/Ftm_Pwm_Ip_HwAccess.h:2445:20:Ftm_Pwm_Ip_SetFaultOutputState	8	static
Autosar/Mcal/Pwm/include/Ftm_Pwm_Ip_HwAccess.h:2456:20:Ftm_Pwm_Ip_SetFaultPolarity	24	static
Autosar/Mcal/Pwm/include/Ftm_Pwm_Ip_HwAccess.h:2469:20:Ftm_Pwm_Ip_SetFaultInputEn	16	static
Autosar/Mcal/Pwm/include/Ftm_Pwm_Ip_HwAccess.h:2482:20:Ftm_Pwm_Ip_SetFaultFilterEn	16	static
Autosar/Mcal/Pwm/include/Ftm_Pwm_Ip_HwAccess.h:2498:20:Ftm_Pwm_Ip_SetSimOutputBufferEn	8	static
Autosar/Mcal/Pwm/src/Ftm_Pwm_Ip.c:394:15:Ftm_Pwm_Ip_CalculatePhaseShift	16	static
Autosar/Mcal/Pwm/src/Ftm_Pwm_Ip.c:428:14:Ftm_Pwm_Ip_InitPair	24	static
Autosar/Mcal/Pwm/src/Ftm_Pwm_Ip.c:510:13:Ftm_Pwm_Ip_DisableCmpIrq	24	static
Autosar/Mcal/Pwm/src/Ftm_Pwm_Ip.c:557:13:Ftm_Pwm_Ip_ConfigureSWandHWSync	24	static
Autosar/Mcal/Pwm/src/Ftm_Pwm_Ip.c:603:13:Ftm_Pwm_Ip_ConfigureSyncType	24	static
Autosar/Mcal/Pwm/src/Ftm_Pwm_Ip.c:626:30:Ftm_Pwm_Ip_UpdateSync	32	static
Autosar/Mcal/Pwm/src/Ftm_Pwm_Ip.c:841:13:Ftm_Pwm_Ip_ResetAndFirstConfigure	24	static
Autosar/Mcal/Pwm/src/Ftm_Pwm_Ip.c:868:13:Ftm_Pwm_Ip_InitInstance	24	static
Autosar/Mcal/Pwm/src/Ftm_Pwm_Ip.c:960:13:Ftm_Pwm_Ip_InitInstanceStart	24	static
Autosar/Mcal/Pwm/src/Ftm_Pwm_Ip.c:992:13:Ftm_Pwm_Ip_ConfigurePairedChannel	24	static
Autosar/Mcal/Pwm/src/Ftm_Pwm_Ip.c:1051:13:Ftm_Pwm_Ip_SetChnTriggerAndSoftwareCtrl	24	static
Autosar/Mcal/Pwm/src/Ftm_Pwm_Ip.c:1079:13:Ftm_Pwm_Ip_InitChannel	24	static
Autosar/Mcal/Pwm/src/Ftm_Pwm_Ip.c:1197:13:Ftm_Pwm_Ip_DeInitInstance	24	static
Autosar/Mcal/Pwm/src/Ftm_Pwm_Ip.c:1239:13:Ftm_Pwm_Ip_DeInitChannel	24	static
Autosar/Mcal/Pwm/src/Ftm_Pwm_Ip.c:1280:13:Ftm_Pwm_Ip_InitChFault	24	static
Autosar/Mcal/Pwm/src/Ftm_Pwm_Ip.c:1305:6:Ftm_Pwm_Ip_Init	24	static
Autosar/Mcal/Pwm/src/Ftm_Pwm_Ip.c:1354:6:Ftm_Pwm_Ip_DeInit	24	static
Autosar/Mcal/Pwm/src/Ftm_Pwm_Ip.c:1387:6:Ftm_Pwm_Ip_UpdatePwmDutyCycleChannel	40	static
Autosar/Mcal/Pwm/src/Ftm_Pwm_Ip.c:1484:6:Ftm_Pwm_Ip_UpdatePwmPeriodAndDuty	24	static
Autosar/Mcal/Pwm/src/Ftm_Pwm_Ip.c:1551:6:Ftm_Pwm_Ip_SwOutputControl	40	static
Autosar/Mcal/Pwm/src/Ftm_Pwm_Ip.c:1663:23:Ftm_Pwm_Ip_UpdatePwmChannel	32	static
Autosar/Mcal/Pwm/src/Ftm_Pwm_Ip.c:1741:23:Ftm_Pwm_Ip_UpdatePwmPeriod	24	static
Autosar/Mcal/Pwm/src/Ftm_Pwm_Ip.c:1781:28:Ftm_Pwm_Ip_GetOutputState	24	static
Autosar/Mcal/Pwm/src/Ftm_Pwm_Ip.c:1817:6:Ftm_Pwm_Ip_DisableNotification	32	static
Autosar/Mcal/Pwm/src/Ftm_Pwm_Ip.c:1921:13:Ftm_Pwm_Ip_SetNormalNotificationCase	32	static
Autosar/Mcal/Pwm/src/Ftm_Pwm_Ip.c:1995:6:Ftm_Pwm_Ip_EnableNotification	24	static
Autosar/Mcal/Pwm/src/Ftm_Pwm_Ip.c:2094:6:Ftm_Pwm_Ip_SetPowerState	24	static
Autosar/Mcal/Pwm/src/Ftm_Pwm_Ip.c:2122:6:Ftm_Pwm_Ip_SetClockMode	24	static
Autosar/Mcal/Pwm/src/Ftm_Pwm_Ip.c:2149:6:Ftm_Pwm_Ip_ResetCounter	24	static
Autosar/Mcal/Pwm/src/Ftm_Pwm_Ip.c:2170:8:Ftm_Pwm_Ip_GetChannelState	16	static
Autosar/Mcal/Pwm/src/Ftm_Pwm_Ip.c:2191:6:Ftm_Pwm_Ip_FastUpdatePwmDuty	32	static
Autosar/Mcal/Pwm/src/Ftm_Pwm_Ip.c:2223:6:Ftm_Pwm_Ip_MaskOutputChannels	24	static
Autosar/Mcal/Pwm/src/Ftm_Pwm_Ip.c:2249:6:Ftm_Pwm_Ip_UnMaskOutputChannels	24	static
Autosar/Mcal/Pwm/src/Ftm_Pwm_Ip.c:2274:6:Ftm_Pwm_Ip_SetPhaseShift	24	static
Autosar/Mcal/Pwm/src/Ftm_Pwm_Ip.c:2358:6:Ftm_Pwm_Ip_SetDutyPhaseShift	32	static
Autosar/Mcal/Pwm/src/Ftm_Pwm_Ip.c:2456:7:Ftm_Pwm_Ip_DisableTrigger	24	static
Autosar/Mcal/Pwm/src/Ftm_Pwm_Ip.c:2479:7:Ftm_Pwm_Ip_EnableTrigger	24	static
Autosar/Mcal/Pwm/src/Ftm_Pwm_Ip.c:2502:6:Ftm_Pwm_Ip_SyncUpdate	24	static
Autosar/Mcal/Pwm/src/Ftm_Pwm_Ip.c:2523:6:Ftm_Pwm_Ip_SetChannelDeadTime	24	static
