Autosar/Mcal/Base/src/OsIf_Timer.c:213:22:OsIf_Timer_Dummy_GetCounter	0	static
Autosar/Mcal/Base/src/OsIf_Timer.c:224:22:OsIf_Timer_Dummy_GetElapsed	8	static
Autosar/Mcal/Base/src/OsIf_Timer.c:236:20:OsIf_Timer_Dummy_SetTimerFrequency	8	static
Autosar/Mcal/Base/src/OsIf_Timer.c:247:22:OsIf_Timer_Dummy_MicrosToTicks	8	static
Autosar/Mcal/Base/src/OsIf_Timer.c:267:6:OsIf_Init	16	static
Autosar/Mcal/Base/src/OsIf_Timer.c:297:8:OsIf_GetCounter	24	static
Autosar/Mcal/Base/src/OsIf_Timer.c:331:8:OsIf_GetElapsed	24	static
Autosar/Mcal/Base/src/OsIf_Timer.c:365:6:OsIf_SetTimerFrequency	16	static
Autosar/Mcal/Base/src/OsIf_Timer.c:394:8:OsIf_MicrosToTicks	24	static
