Autosar/Bfx/include/Bfx_32bits.h:37:6:Bfx_SetBit_u32u8	8	static
Autosar/Bfx/include/Bfx_32bits.h:59:6:Bfx_ClrBit_u32u8	8	static
Autosar/Bfx/include/Bfx_32bits.h:82:9:Bfx_GetBit_u32u8_u8	8	static
Autosar/Bfx/include/Bfx_32bits.h:106:6:Bfx_SetBits_u32u8u8u8	16	static
Autosar/Bfx/include/Bfx_32bits.h:142:8:Bfx_GetBits_u32u8u8_u32	16	static
Autosar/Bfx/include/Bfx_32bits.h:170:6:Bfx_SetBitMask_u32u32	8	static
Autosar/Bfx/include/Bfx_32bits.h:193:6:Bfx_ClrBitMask_u32u32	8	static
Autosar/Bfx/include/Bfx_32bits.h:217:9:Bfx_TstBitMask_u32u32_u8	8	static
Autosar/Bfx/include/Bfx_32bits.h:241:9:Bfx_TstBitLnMask_u32u32_u8	8	static
Autosar/Bfx/include/Bfx_32bits.h:264:9:Bfx_TstParityEven_u32_u8	16	static
Autosar/Bfx/include/Bfx_32bits.h:294:6:Bfx_ToggleBits_u32	8	static
Autosar/Bfx/include/Bfx_32bits.h:316:6:Bfx_ToggleBitMask_u32u32	8	static
Autosar/Bfx/include/Bfx_32bits.h:340:6:Bfx_ShiftBitRt_u32u8	8	static
Autosar/Bfx/include/Bfx_32bits.h:364:6:Bfx_ShiftBitLt_u32u8	8	static
Autosar/Bfx/include/Bfx_32bits.h:391:6:Bfx_RotBitRt_u32u8	8	static
Autosar/Bfx/include/Bfx_32bits.h:418:6:Bfx_RotBitLt_u32u8	8	static
Autosar/Bfx/include/Bfx_32bits.h:443:6:Bfx_CopyBit_u32u8u32u8	16	static
Autosar/Bfx/include/Bfx_32bits.h:475:6:Bfx_PutBits_u32u8u8u32	24	static
Autosar/Bfx/include/Bfx_32bits.h:502:6:Bfx_PutBitsMask_u32u32u32	16	static
Autosar/Bfx/include/Bfx_32bits.h:526:6:Bfx_PutBit_u32u8u8	8	static
Autosar/Bfx/include/Bfx_32bits.h:665:7:Bfx_CountLeadingOnes_u32	16	static
Autosar/Bfx/include/Bfx_32bits.h:698:7:Bfx_CountLeadingSigns_s32	16	static
Autosar/Bfx/include/Bfx_32bits.h:732:7:Bfx_CountLeadingZeros_u32	16	static
Autosar/Os/src/Scheduler.c:63:6:Scheduler_Init	24	static
Autosar/Os/src/Scheduler.c:102:6:Scheduler_MainFunction	24	static
Autosar/Os/src/Scheduler.c:143:16:Scheduler_StopTask	24	static
Autosar/Os/src/Scheduler.c:168:16:Scheduler_StartTask	24	static
Autosar/Os/src/Scheduler.c:194:16:Scheduler_PeriodTask	16	static
Autosar/Os/src/Scheduler.c:218:8:Scheduler_GetTimer	16	static
Autosar/Os/src/Scheduler.c:241:16:Scheduler_ReloadTimer	24	static
Autosar/Os/src/Scheduler.c:269:16:Scheduler_StartTimer	24	static
Autosar/Os/src/Scheduler.c:293:16:Scheduler_StopTimer	24	static
Autosar/Os/src/Scheduler.c:317:16:Scheduler_WriteQueue	24	static
Autosar/Os/src/Scheduler.c:357:16:Scheduler_ReadQueue	24	static
Autosar/Os/src/Scheduler.c:384:16:Scheduler_FlushQueue	24	static
Autosar/Os/src/Scheduler.c:412:7:Scheduler_GetStatusQueue	24	static
Autosar/Os/src/Scheduler.c:436:13:Tasks_Dispatch	16	static
Autosar/Os/src/Scheduler.c:457:13:Timers_Dispatch	16	static
Autosar/Os/src/Scheduler.c:483:13:MemCopy	32	static
