Autosar/Mcal/Can/include/FlexCAN_Ip_HwAccess.h:551:20:FlexCAN_SetRxFifoGlobalMask	8	static
Autosar/Mcal/Can/include/FlexCAN_Ip_HwAccess.h:566:20:FlexCAN_SetTDCOffset	16	static
Autosar/Mcal/Can/include/FlexCAN_Ip_HwAccess.h:637:23:FlexCAN_IsEnabled	8	static
Autosar/Mcal/Can/include/FlexCAN_Ip_HwAccess.h:670:20:FlexCAN_SetFDEnabled	8	static
Autosar/Mcal/Can/include/FlexCAN_Ip_HwAccess.h:690:20:FlexCAN_SetListenOnlyMode	8	static
Autosar/Mcal/Can/include/FlexCAN_Ip_HwAccess.h:769:20:FlexCAN_UnlockRxMsgBuff	8	static
Autosar/Mcal/Can/include/FlexCAN_Ip_HwAccess.h:781:20:FlexCAN_ClearMsgBuffIntStatusFlag	16	static
Autosar/Mcal/Can/include/FlexCAN_Ip_HwAccess.h:830:21:FlexCAN_GetBuffStatusFlag	16	static
Autosar/Mcal/Can/include/FlexCAN_Ip_HwAccess.h:936:20:FlexCAN_SetFDTimeSegments	8	static
Autosar/Mcal/Can/include/FlexCAN_Ip_HwAccess.h:964:20:FlexCAN_SetTimeSegments	8	static
Autosar/Mcal/Can/include/FlexCAN_Ip_HwAccess.h:990:20:FlexCAN_SetExtendedTimeSegments	8	static
Autosar/Mcal/Can/include/FlexCAN_Ip_HwAccess.h:1096:20:FlexCAN_GetExtendedTimeSegments	8	static
Autosar/Mcal/Can/include/FlexCAN_Ip_HwAccess.h:1111:20:FlexCAN_GetTimeSegments	8	static
Autosar/Mcal/Can/include/FlexCAN_Ip_HwAccess.h:1127:20:FlexCAN_GetFDTimeSegments	8	static
Autosar/Mcal/Can/include/FlexCAN_Ip_HwAccess.h:1144:23:FlexCAN_IsExCbtEnabled	8	static
Autosar/Mcal/Can/include/FlexCAN_Ip_HwAccess.h:1178:20:FlexCAN_EnableExtCbt	8	static
Autosar/Mcal/Can/include/FlexCAN_Ip_HwAccess.h:1200:20:FlexCAN_SetSelfReception	8	static
Autosar/Mcal/Can/include/FlexCAN_Ip_HwAccess.h:1211:23:FlexCAN_IsFDEnabled	8	static
Autosar/Mcal/Can/include/FlexCAN_Ip_HwAccess.h:1222:23:FlexCAN_IsListenOnlyModeEnabled	8	static
Autosar/Mcal/Can/include/FlexCAN_Ip_HwAccess.h:1234:22:RxFifoOcuppiedLastMsgBuff	8	static
Autosar/Mcal/Can/include/FlexCAN_Ip_HwAccess.h:1349:20:FlexCAN_SetClkSrc	8	static
Autosar/Mcal/Can/include/FlexCAN_Ip_HwAccess.h:1362:21:FlexCAN_GetMsgBuffIntStatusFlag	16	static
Autosar/Mcal/Can/include/FlexCAN_Ip_HwAccess.h:1417:20:FlexCAN_SetRxMsgBuffGlobalMask	8	static
Autosar/Mcal/Can/include/FlexCAN_Ip_HwAccess.h:1429:20:FlexCAN_SetRxIndividualMask	16	static
Autosar/Mcal/Can/include/FlexCAN_Ip_HwAccess.h:1455:20:FlexCAN_SetTxArbitrationStartDelay	8	static
Autosar/Mcal/Can/include/FlexCAN_Ip_HwAccess.h:1466:20:FlexCAN_SetRxMaskType	8	static
Autosar/Mcal/Can/include/FlexCAN_Ip_HwAccess.h:1613:20:FlexCAN_SetRegDefaultVal	16	static
Autosar/Mcal/Can/src/FlexCAN_Ip.c:282:30:FlexCAN_InitRxFifo	24	static
Autosar/Mcal/Can/src/FlexCAN_Ip.c:376:30:FlexCAN_InitCtroll	24	static
Autosar/Mcal/Can/src/FlexCAN_Ip.c:422:30:FlexCAN_InitController	32	static
Autosar/Mcal/Can/src/FlexCAN_Ip.c:491:13:FlexCAN_InitBaudrate	16	static
Autosar/Mcal/Can/src/FlexCAN_Ip.c:895:30:FlexCAN_ProccessLegacyRxFIFO	56	static
Autosar/Mcal/Can/src/FlexCAN_Ip.c:975:30:FlexCAN_StartRxMessageBufferData	16	static
Autosar/Mcal/Can/src/FlexCAN_Ip.c:1023:30:FlexCAN_StartSendData	64	static
Autosar/Mcal/Can/src/FlexCAN_Ip.c:1102:30:FlexCAN_StartRxMessageFifoData	40	static
Autosar/Mcal/Can/src/FlexCAN_Ip.c:1255:13:FlexCAN_IRQHandlerRxMB	128	static
Autosar/Mcal/Can/src/FlexCAN_Ip.c:1373:13:FlexCAN_IRQHandlerTxMB	112	static
Autosar/Mcal/Can/src/FlexCAN_Ip.c:1434:20:FlexCAN_IRQHandlerRxFIFO	104	static
Autosar/Mcal/Can/src/FlexCAN_Ip.c:1697:30:FlexCAN_AbortTxTransfer	48	static
Autosar/Mcal/Can/src/FlexCAN_Ip.c:1758:13:FlexCAN_AbortRxTransfer	40	static
Autosar/Mcal/Can/src/FlexCAN_Ip.c:1824:23:FlexCAN_Ip_Init_Privileged	40	static
Autosar/Mcal/Can/src/FlexCAN_Ip.c:1922:23:FlexCAN_Ip_Send	48	static
Autosar/Mcal/Can/src/FlexCAN_Ip.c:1969:23:FlexCAN_Ip_ConfigRxMb	48	static
Autosar/Mcal/Can/src/FlexCAN_Ip.c:2025:23:FlexCAN_Ip_Receive	40	static
Autosar/Mcal/Can/src/FlexCAN_Ip.c:2061:23:FlexCAN_Ip_ReceiveBlocking	48	static
Autosar/Mcal/Can/src/FlexCAN_Ip.c:2414:23:FlexCAN_Ip_RxFifo	24	static
Autosar/Mcal/Can/src/FlexCAN_Ip.c:2454:23:FlexCAN_Ip_RxFifoBlocking	32	static
Autosar/Mcal/Can/src/FlexCAN_Ip.c:2506:23:FlexCAN_Ip_ConfigRxFifo_Privileged	40	static
Autosar/Mcal/Can/src/FlexCAN_Ip.c:2616:23:FlexCAN_Ip_ConfigRemoteResponseMb	64	static
Autosar/Mcal/Can/src/FlexCAN_Ip.c:2679:23:FlexCAN_Ip_GetTransferStatus	16	static
Autosar/Mcal/Can/src/FlexCAN_Ip.c:2774:13:FlexCAN_CompleteRxMessageFifoData	32	static
Autosar/Mcal/Can/src/FlexCAN_Ip.c:2877:6:FlexCAN_IRQHandler	48	static
Autosar/Mcal/Can/src/FlexCAN_Ip.c:2988:6:FlexCAN_Ip_ClearErrorStatus	16	static
Autosar/Mcal/Can/src/FlexCAN_Ip.c:3007:8:FlexCAN_Ip_GetErrorStatus	16	static
Autosar/Mcal/Can/src/FlexCAN_Ip.c:3025:7:FlexCAN_Ip_GetControllerTxErrorCounter	16	static
Autosar/Mcal/Can/src/FlexCAN_Ip.c:3043:7:FlexCAN_Ip_GetControllerRxErrorCounter	16	static
Autosar/Mcal/Can/src/FlexCAN_Ip.c:3189:6:FlexCAN_Error_IRQHandler	32	static
Autosar/Mcal/Can/src/FlexCAN_Ip.c:3250:6:FlexCAN_BusOff_IRQHandler	32	static
Autosar/Mcal/Can/src/FlexCAN_Ip.c:3318:23:FlexCAN_Ip_SendBlocking	72	static
Autosar/Mcal/Can/src/FlexCAN_Ip.c:3413:23:FlexCAN_Ip_SetRxMbGlobalMask_Privileged	32	static
Autosar/Mcal/Can/src/FlexCAN_Ip.c:3462:23:FlexCAN_Ip_EnterFreezeMode_Privileged	24	static
Autosar/Mcal/Can/src/FlexCAN_Ip.c:3475:23:FlexCAN_Ip_ExitFreezeMode_Privileged	24	static
Autosar/Mcal/Can/src/FlexCAN_Ip.c:3488:23:FlexCAN_Ip_SetRxIndividualMask_Privileged	32	static
Autosar/Mcal/Can/src/FlexCAN_Ip.c:3547:23:FlexCAN_Ip_SetRxFifoGlobalMask_Privileged	32	static
Autosar/Mcal/Can/src/FlexCAN_Ip.c:3595:23:FlexCAN_Ip_Deinit_Privileged	24	static
Autosar/Mcal/Can/src/FlexCAN_Ip.c:3636:6:FlexCAN_Ip_MainFunctionRead	24	static
Autosar/Mcal/Can/src/FlexCAN_Ip.c:3702:23:FlexCAN_Ip_MainFunctionBusOff_Privileged	32	static
Autosar/Mcal/Can/src/FlexCAN_Ip.c:3738:6:FlexCAN_Ip_MainFunctionWrite	104	static
Autosar/Mcal/Can/src/FlexCAN_Ip.c:3794:9:FlexCAN_Ip_GetStopMode_Privileged	16	static
Autosar/Mcal/Can/src/FlexCAN_Ip.c:3807:9:FlexCAN_Ip_GetStartMode_Privileged	16	static
Autosar/Mcal/Can/src/FlexCAN_Ip.c:3820:23:FlexCAN_Ip_SetStartMode_Privileged	24	static
Autosar/Mcal/Can/src/FlexCAN_Ip.c:3843:23:FlexCAN_Ip_SetStopMode_Privileged	24	static
Autosar/Mcal/Can/src/FlexCAN_Ip.c:3875:23:FlexCAN_Ip_SetRxMaskType_Privileged	32	static
Autosar/Mcal/Can/src/FlexCAN_Ip.c:3931:23:FlexCAN_Ip_SetBitrate_Privileged	32	static
Autosar/Mcal/Can/src/FlexCAN_Ip.c:4009:9:FlexCAN_Ip_GetBitrate	24	static
Autosar/Mcal/Can/src/FlexCAN_Ip.c:4048:6:FlexCAN_Ip_ClearTDCFail	24	static
Autosar/Mcal/Can/src/FlexCAN_Ip.c:4079:9:FlexCAN_Ip_GetTDCFail	16	static
Autosar/Mcal/Can/src/FlexCAN_Ip.c:4108:7:FlexCAN_Ip_GetTDCValue	16	static
Autosar/Mcal/Can/src/FlexCAN_Ip.c:4140:23:FlexCAN_Ip_SetBitrateCbt_Privileged	32	static
Autosar/Mcal/Can/src/FlexCAN_Ip.c:4213:9:FlexCAN_Ip_GetBitrateFD	24	static
Autosar/Mcal/Can/src/FlexCAN_Ip.c:4245:23:FlexCAN_Ip_SetTDCOffset_Privileged	32	static
Autosar/Mcal/Can/src/FlexCAN_Ip.c:4313:23:FlexCAN_Ip_SetTxArbitrationStartDelay_Privileged	32	static
Autosar/Mcal/Can/src/FlexCAN_Ip.c:4366:9:FlexCAN_Ip_GetBuffStatusFlag	24	static
Autosar/Mcal/Can/src/FlexCAN_Ip.c:4393:6:FlexCAN_Ip_ClearBuffStatusFlag	24	static
Autosar/Mcal/Can/src/FlexCAN_Ip.c:4420:23:FlexCAN_Ip_EnableInterrupts_Privileged	32	static
Autosar/Mcal/Can/src/FlexCAN_Ip.c:4456:23:FlexCAN_Ip_DisableInterrupts_Privileged	32	static
Autosar/Mcal/Can/src/FlexCAN_Ip.c:4492:23:FlexCAN_Ip_SetErrorInt_Privileged	32	static
Autosar/Mcal/Can/src/FlexCAN_Ip.c:4585:23:FlexCAN_Ip_AbortTransfer	32	static
Autosar/Mcal/Can/src/FlexCAN_Ip.c:4650:23:FlexCAN_Ip_SetRxMb14Mask_Privileged	32	static
Autosar/Mcal/Can/src/FlexCAN_Ip.c:4692:23:FlexCAN_Ip_SetRxMb15Mask_Privileged	32	static
Autosar/Mcal/Can/src/FlexCAN_Ip.c:4742:23:FlexCAN_Ip_SetListenOnlyMode_Privileged	32	static
Autosar/Mcal/Can/src/FlexCAN_Ip.c:4794:9:FlexCAN_Ip_GetListenOnlyMode	24	static
Autosar/Mcal/Can/src/FlexCAN_Ip.c:5013:23:FlexCAN_Ip_ManualBusOffRecovery	40	static
