Autosar/Mcal/Platform/src/IntCtrl_Ip.c:162:6:IntCtrl_Ip_InstallHandlerPrivileged	24	static
Autosar/Mcal/Platform/src/IntCtrl_Ip.c:217:6:IntCtrl_Ip_EnableIrqPrivileged	8	static
Autosar/Mcal/Platform/src/IntCtrl_Ip.c:246:6:IntCtrl_Ip_DisableIrqPrivileged	8	static
Autosar/Mcal/Platform/src/IntCtrl_Ip.c:276:6:IntCtrl_Ip_SetPriorityPrivileged	16	static
Autosar/Mcal/Platform/src/IntCtrl_Ip.c:336:7:IntCtrl_Ip_GetPriorityPrivileged	16	static
Autosar/Mcal/Platform/src/IntCtrl_Ip.c:385:6:IntCtrl_Ip_ClearPendingPrivileged	8	static
Autosar/Mcal/Platform/src/IntCtrl_Ip.c:517:23:IntCtrl_Ip_Init	24	static
Autosar/Mcal/Platform/src/IntCtrl_Ip.c:558:6:IntCtrl_Ip_InstallHandler	24	static
Autosar/Mcal/Platform/src/IntCtrl_Ip.c:570:6:IntCtrl_Ip_EnableIrq	16	static
Autosar/Mcal/Platform/src/IntCtrl_Ip.c:580:6:IntCtrl_Ip_DisableIrq	16	static
Autosar/Mcal/Platform/src/IntCtrl_Ip.c:590:6:IntCtrl_Ip_SetPriority	16	static
Autosar/Mcal/Platform/src/IntCtrl_Ip.c:600:7:IntCtrl_Ip_GetPriority	16	static
Autosar/Mcal/Platform/src/IntCtrl_Ip.c:610:6:IntCtrl_Ip_ClearPending	16	static
