Archive member included to satisfy reference by file (symbol)

c:/nxp/gcc-10.2-arm32-eabi/bin/../lib/gcc/arm-none-eabi/10.2.0/../../../../arm-none-eabi/lib/thumb/v7e-m+fp/hard\libg_nano.a(lib_a-memmove.o)
                              out/Dem_stub.o (memmove)
c:/nxp/gcc-10.2-arm32-eabi/bin/../lib/gcc/arm-none-eabi/10.2.0/../../../../arm-none-eabi/lib/thumb/v7e-m+fp/hard\libg_nano.a(lib_a-memset.o)
                              out/Dem_stub.o (memset)

Discarded input sections

 .group         0x00000000        0xc out/Cache_Ip.o
 .group         0x00000000        0xc out/Cache_Ip.o
 .group         0x00000000        0xc out/Cache_Ip.o
 .group         0x00000000        0xc out/Cache_Ip.o
 .group         0x00000000        0xc out/Cache_Ip.o
 .group         0x00000000        0xc out/Cache_Ip.o
 .group         0x00000000        0xc out/Cache_Ip.o
 .group         0x00000000        0xc out/Cache_Ip.o
 .group         0x00000000        0xc out/Cache_Ip.o
 .group         0x00000000        0xc out/Cache_Ip.o
 .group         0x00000000        0xc out/Cache_Ip.o
 .group         0x00000000        0xc out/Cache_Ip.o
 .group         0x00000000        0xc out/Cache_Ip.o
 .group         0x00000000        0xc out/Cache_Ip.o
 .group         0x00000000        0xc out/Cache_Ip.o
 .group         0x00000000        0xc out/Cache_Ip.o
 .group         0x00000000        0xc out/Cache_Ip.o
 .group         0x00000000        0xc out/Cache_Ip.o
 .group         0x00000000        0xc out/Cache_Ip.o
 .group         0x00000000        0xc out/Cache_Ip.o
 .group         0x00000000        0xc out/Cache_Ip.o
 .group         0x00000000        0xc out/Cache_Ip.o
 .group         0x00000000        0xc out/Cache_Ip.o
 .group         0x00000000        0xc out/Cache_Ip.o
 .group         0x00000000        0xc out/Cache_Ip.o
 .group         0x00000000        0xc out/Cache_Ip.o
 .group         0x00000000        0xc out/Cache_Ip.o
 .group         0x00000000        0xc out/Cache_Ip.o
 .group         0x00000000        0xc out/Cache_Ip.o
 .group         0x00000000        0xc out/Cache_Ip.o
 .group         0x00000000        0xc out/Cache_Ip.o
 .group         0x00000000        0xc out/Cache_Ip.o
 .group         0x00000000        0xc out/Cache_Ip.o
 .group         0x00000000        0xc out/Cache_Ip.o
 .group         0x00000000        0xc out/Cache_Ip.o
 .group         0x00000000        0xc out/Cache_Ip.o
 .group         0x00000000        0xc out/Cache_Ip.o
 .group         0x00000000        0xc out/Cache_Ip.o
 .group         0x00000000        0xc out/Cache_Ip.o
 .group         0x00000000        0xc out/Cache_Ip.o
 .group         0x00000000        0xc out/Cache_Ip_HwAcc_Lmem.o
 .group         0x00000000        0xc out/Cache_Ip_HwAcc_Lmem.o
 .group         0x00000000        0xc out/Cache_Ip_HwAcc_Lmem.o
 .group         0x00000000        0xc out/Cache_Ip_HwAcc_Lmem.o
 .group         0x00000000        0xc out/Cache_Ip_HwAcc_Lmem.o
 .group         0x00000000        0xc out/Cache_Ip_HwAcc_Lmem.o
 .group         0x00000000        0xc out/Cache_Ip_HwAcc_Lmem.o
 .group         0x00000000        0xc out/Cache_Ip_HwAcc_Lmem.o
 .group         0x00000000        0xc out/Cache_Ip_HwAcc_Lmem.o
 .group         0x00000000        0xc out/Cache_Ip_HwAcc_Lmem.o
 .group         0x00000000        0xc out/Cache_Ip_HwAcc_Lmem.o
 .group         0x00000000        0xc out/Cache_Ip_HwAcc_Lmem.o
 .group         0x00000000        0xc out/Cache_Ip_HwAcc_Lmem.o
 .group         0x00000000        0xc out/Cache_Ip_HwAcc_Lmem.o
 .group         0x00000000        0xc out/Cache_Ip_HwAcc_Lmem.o
 .group         0x00000000        0xc out/Cache_Ip_HwAcc_Lmem.o
 .group         0x00000000        0xc out/Cache_Ip_HwAcc_Lmem.o
 .group         0x00000000        0xc out/Cache_Ip_HwAcc_Lmem.o
 .group         0x00000000        0xc out/Cache_Ip_HwAcc_Lmem.o
 .group         0x00000000        0xc out/Cache_Ip_HwAcc_Lmem.o
 .group         0x00000000        0xc out/Cache_Ip_HwAcc_Lmem.o
 .group         0x00000000        0xc out/Cache_Ip_HwAcc_Lmem.o
 .group         0x00000000        0xc out/Cache_Ip_HwAcc_Lmem.o
 .group         0x00000000        0xc out/Cache_Ip_HwAcc_Lmem.o
 .group         0x00000000        0xc out/Cache_Ip_HwAcc_Lmem.o
 .group         0x00000000        0xc out/Cache_Ip_HwAcc_Lmem.o
 .group         0x00000000        0xc out/Cache_Ip_HwAcc_Lmem.o
 .group         0x00000000        0xc out/Cache_Ip_HwAcc_Lmem.o
 .group         0x00000000        0xc out/Cache_Ip_HwAcc_Lmem.o
 .group         0x00000000        0xc out/Cache_Ip_HwAcc_Lmem.o
 .group         0x00000000        0xc out/Cache_Ip_HwAcc_Lmem.o
 .group         0x00000000        0xc out/Cache_Ip_HwAcc_Lmem.o
 .group         0x00000000        0xc out/Cache_Ip_HwAcc_Lmem.o
 .group         0x00000000        0xc out/Cache_Ip_HwAcc_Lmem.o
 .group         0x00000000        0xc out/Cache_Ip_HwAcc_Lmem.o
 .group         0x00000000        0xc out/Cache_Ip_HwAcc_Lmem.o
[...]
Memory Configuration

Name             Origin             Length             Attributes
int_flash_interrupts 0x00000000         0x00000400
int_flash_config 0x00000400         0x00000010
int_flash        0x00000410         0x0007fbf0
int_sram_results 0x1fff8000         0x00000100
int_sram         0x1fff8100         0x0000df00
int_sram_stack_c0 0x20006000         0x00001000
ram_rsvd2        0x20007000         0x00000000
*default*        0x00000000         0xffffffff

Linker script and memory map

LOAD c:/nxp/gcc-10.2-arm32-eabi/bin/../lib/gcc/arm-none-eabi/10.2.0/../../../../arm-none-eabi/lib/thumb/v7e-m+fp/hard\libc_nano.a
LOAD c:/nxp/gcc-10.2-arm32-eabi/bin/../lib/gcc/arm-none-eabi/10.2.0/../../../../arm-none-eabi/lib/thumb/v7e-m+fp/hard\libm.a
LOAD c:/nxp/gcc-10.2-arm32-eabi/bin/../lib/gcc/arm-none-eabi/10.2.0/thumb/v7e-m+fp/hard\libgcc.a
LOAD out/Cache_Ip.o
LOAD out/Cache_Ip_HwAcc_Lmem.o
LOAD out/CDD_I2s.o
LOAD out/CDD_I2s_VS_0_PBcfg.o
LOAD out/CDD_Mcl.o
LOAD out/CDD_Mcl_Cfg.o
LOAD out/CDD_Mcl_Ipw.o
LOAD out/CDD_Mcl_VS_0_PBcfg.o
LOAD out/Clock_Ip.o
LOAD out/Clock_Ip_Cfg.o
LOAD out/Clock_Ip_Data.o
LOAD out/Clock_Ip_Divider.o
LOAD out/Clock_Ip_DividerTrigger.o
LOAD out/Clock_Ip_ExtOsc.o
LOAD out/Clock_Ip_FracDiv.o
LOAD out/Clock_Ip_Frequency.o
LOAD out/Clock_Ip_Gate.o
LOAD out/Clock_Ip_IntOsc.o
LOAD out/Clock_Ip_Irq.o
LOAD out/Clock_Ip_Monitor.o
LOAD out/Clock_Ip_Pll.o
LOAD out/Clock_Ip_ProgFreqSwitch.o
LOAD out/Clock_Ip_Selector.o
LOAD out/Clock_Ip_Specific.o
LOAD out/Clock_Ip_VS_0_PBcfg.o
LOAD out/Dem.o
LOAD out/Dem_stub.o
LOAD out/Det.o
LOAD out/Det_stub.o
LOAD out/Dma_Ip.o
LOAD out/Dma_Ip_Cfg.o
LOAD out/Dma_Ip_Driver_State.o
LOAD out/Dma_Ip_Hw_Access.o
LOAD out/Dma_Ip_Irq.o
LOAD out/Dma_Ip_Multicore.o
LOAD out/Dma_Ip_VS_0_PBcfg.o
LOAD out/exceptions.o
LOAD out/Flexio_I2s_Ip.o
LOAD out/Flexio_I2s_Ip_VS_0_PBcfg.o
LOAD out/Flexio_Mcl_Ip.o
LOAD out/Flexio_Mcl_Ip_HwAccess.o
LOAD out/Flexio_Mcl_Ip_Irq.o
LOAD out/Flexio_Mcl_Ip_VS_0_PBcfg.o
LOAD out/Ftm_Mcl_Ip.o
LOAD out/I2s_Ipw.o
LOAD out/I2s_Ipw_VS_0_PBcfg.o
LOAD out/IntCtrl_Ip.o
LOAD out/IntCtrl_Ip_Cfg.o
LOAD out/main.o
LOAD out/Mcu.o
LOAD out/Mcu_Cfg.o
LOAD out/Mcu_Dem_Wrapper.o
LOAD out/Mcu_Ipw.o
LOAD out/Mcu_Ipw_Irq.o
LOAD out/Mcu_VS_0_PBcfg.o
LOAD out/Mpu_Ip.o
LOAD out/Mpu_Ip_Cfg.o
LOAD out/nvic.o
LOAD out/OsIf_Cfg.o
LOAD out/OsIf_Interrupts.o
LOAD out/OsIf_Timer.o
LOAD out/OsIf_Timer_System.o
LOAD out/OsIf_Timer_System_Internal_Systick.o
LOAD out/Platform.o
LOAD out/Platform_Cfg.o
LOAD out/Platform_Ipw.o
LOAD out/Platform_Ipw_Cfg.o
LOAD out/Port.o
LOAD out/Port_Cfg.o
LOAD out/Port_Ci_Port_Ip.o
LOAD out/Port_Ci_Port_Ip_VS_0_PBcfg.o
LOAD out/Port_Ipw.o
LOAD out/Port_VS_0_PBcfg.o
LOAD out/Power_Ip.o
LOAD out/Power_Ip_AEC.o
LOAD out/Power_Ip_Cfg.o
LOAD out/Power_Ip_CortexM4.o
LOAD out/Power_Ip_PMC.o
LOAD out/Power_Ip_PMC_Irq.o
LOAD out/Power_Ip_Private.o
LOAD out/Power_Ip_RCM.o
LOAD out/Power_Ip_RCM_Irq.o
LOAD out/Power_Ip_SIM.o
LOAD out/Power_Ip_SMC.o
LOAD out/Power_Ip_VS_0_PBcfg.o
LOAD out/Ram_Ip.o
LOAD out/Ram_Ip_Cfg.o
LOAD out/Ram_Ip_VS_0_PBcfg.o
LOAD out/Sai_Ip.o
LOAD out/Sai_Ip_Isr.o
LOAD out/Sai_Ip_VS_0_PBcfg.o
LOAD out/SchM_I2s.o
LOAD out/SchM_Mcl.o
LOAD out/SchM_Mcu.o
LOAD out/SchM_Platform.o
LOAD out/SchM_Port.o
LOAD out/startup.o
LOAD out/startup_cm4.o
LOAD out/sys_init.o
LOAD out/system.o
LOAD out/System_Ip.o
LOAD out/Trgmux_Ip.o
LOAD out/Trgmux_Ip_Cfg.o
LOAD out/Trgmux_Ip_HwAcc.o
LOAD out/Trgmux_Ip_VS_0_PBcfg.o
LOAD out/Vector_Table.o
START GROUP
LOAD c:/nxp/gcc-10.2-arm32-eabi/bin/../lib/gcc/arm-none-eabi/10.2.0/thumb/v7e-m+fp/hard\libgcc.a
LOAD c:/nxp/gcc-10.2-arm32-eabi/bin/../lib/gcc/arm-none-eabi/10.2.0/../../../../arm-none-eabi/lib/thumb/v7e-m+fp/hard\libg_nano.a
LOAD c:/nxp/gcc-10.2-arm32-eabi/bin/../lib/gcc/arm-none-eabi/10.2.0/../../../../arm-none-eabi/lib/thumb/v7e-m+fp/hard\libc_nano.a
END GROUP
START GROUP
LOAD c:/nxp/gcc-10.2-arm32-eabi/bin/../lib/gcc/arm-none-eabi/10.2.0/thumb/v7e-m+fp/hard\libgcc.a
LOAD c:/nxp/gcc-10.2-arm32-eabi/bin/../lib/gcc/arm-none-eabi/10.2.0/../../../../arm-none-eabi/lib/thumb/v7e-m+fp/hard\libc_nano.a
LOAD c:/nxp/gcc-10.2-arm32-eabi/bin/../lib/gcc/arm-none-eabi/10.2.0/../../../../arm-none-eabi/lib/thumb/v7e-m+fp/hard\libnosys.a
END GROUP
START GROUP
LOAD c:/nxp/gcc-10.2-arm32-eabi/bin/../lib/gcc/arm-none-eabi/10.2.0/thumb/v7e-m+fp/hard\libgcc.a
LOAD c:/nxp/gcc-10.2-arm32-eabi/bin/../lib/gcc/arm-none-eabi/10.2.0/../../../../arm-none-eabi/lib/thumb/v7e-m+fp/hard\libc_nano.a
LOAD c:/nxp/gcc-10.2-arm32-eabi/bin/../lib/gcc/arm-none-eabi/10.2.0/../../../../arm-none-eabi/lib/thumb/v7e-m+fp/hard\libnosys.a
END GROUP
                0x00000200                HEAP_SIZE = DEFINED (__heap_size__)?__heap_size__:0x200

.flash_interrupts
                0x00000000      0x310
                0x00000000                . = ALIGN (0x800)
                0x00000000                __interrupts_rom_start = .
 *(.intc_vector)
 .intc_vector   0x00000000      0x310 out/Vector_Table.o
                0x00000000                VTABLE
                0x00000310                . = ALIGN (0x4)
                0x00000310                __interrupts_rom_end = .

.flash_config   0x00000400       0x10
 *(.flash_config)
 .flash_config  0x00000400       0x10 out/startup_cm4.o

.flash          0x00000410     0xa140
                0x00000410                . = ALIGN (0x4)
 *(.startup)
 .startup       0x00000410       0xb8 out/startup_cm4.o
                0x00000410                Reset_Handler
                0x00000410                _start
                0x00000494                MCAL_LTB_TRACE_OFF
                0x00000496                _end_of_eunit_test
                0x000004c8                . = ALIGN (0x4)
 *(.systeminit)
 .systeminit    0x000004c8        0x2 out/exceptions.o
                0x000004c8                NMI_Handler
 *fill*         0x000004ca        0x2 
 .systeminit    0x000004cc      0x2c8 out/sys_init.o
                0x000004cc                sys_init
 .systeminit    0x00000794       0x88 out/system.o
                0x00000794                SystemInit
                0x0000081c                . = ALIGN (0x4)
 *(.text.startup)
 .text.startup  0x0000081c      0x168 out/main.o
                0x0000081c                main
                0x00000984                . = ALIGN (0x4)
 *(.text)
 .text          0x00000984        0x0 out/Cache_Ip.o
 .text          0x00000984      0x328 out/Cache_Ip_HwAcc_Lmem.o
                0x00000984                hwAcc_Lmem_ProcessorCodeEnable
                0x000009d0                hwAcc_Lmem_ProcessorCodeDisable
                0x00000a1c                hwAcc_Lmem_ProcessorCodeInvalidate
                0x00000a6c                hwAcc_Lmem_ProcessorCodeClean
                0x00000af0                hwAcc_Lmem_ProcessorCodeInvalidateByAddr
                0x00000b78                hwAcc_Lmem_ProcessorCodeCleanByAddr
                0x00000c24                hwAcc_Lmem_Enable
                0x00000c38                hwAcc_Lmem_Disable
                0x00000c4c                hwAcc_Lmem_Invalidate
                0x00000c60                hwAcc_Lmem_Clean
                0x00000c76                hwAcc_Lmem_InvalidateByAddr
                0x00000c90                hwAcc_Lmem_CleanByAddr
 .text          0x00000cac        0x0 out/CDD_I2s.o
 .text          0x00000cac        0x0 out/CDD_I2s_VS_0_PBcfg.o
 .text          0x00000cac        0x0 out/CDD_Mcl.o
 .text          0x00000cac        0x0 out/CDD_Mcl_Cfg.o
 .text          0x00000cac        0x0 out/CDD_Mcl_Ipw.o
 .text          0x00000cac        0x0 out/CDD_Mcl_VS_0_PBcfg.o
 .text          0x00000cac        0x0 out/Clock_Ip.o
 .text          0x00000cac        0x0 out/Clock_Ip_Cfg.o
 .text          0x00000cac        0x0 out/Clock_Ip_Data.o
 .text          0x00000cac        0x0 out/Clock_Ip_Divider.o
 .text          0x00000cac        0x0 out/Clock_Ip_DividerTrigger.o
 .text          0x00000cac        0x0 out/Clock_Ip_ExtOsc.o
 .text          0x00000cac        0x0 out/Clock_Ip_FracDiv.o
 .text          0x00000cac        0x0 out/Clock_Ip_Frequency.o
 .text          0x00000cac        0x0 out/Clock_Ip_Gate.o
 .text          0x00000cac        0x0 out/Clock_Ip_IntOsc.o
 .text          0x00000cac        0x0 out/Clock_Ip_Irq.o
 .text          0x00000cac        0x0 out/Clock_Ip_Monitor.o
 .text          0x00000cac        0x0 out/Clock_Ip_Pll.o
 .text          0x00000cac        0x0 out/Clock_Ip_ProgFreqSwitch.o
 .text          0x00000cac        0x0 out/Clock_Ip_Selector.o
 .text          0x00000cac        0x0 out/Clock_Ip_Specific.o
 .text          0x00000cac        0x0 out/Clock_Ip_VS_0_PBcfg.o
 .text          0x00000cac        0x0 out/Dem.o
 .text          0x00000cac        0x0 out/Dem_stub.o
 .text          0x00000cac        0x0 out/Det.o
 .text          0x00000cac        0x0 out/Det_stub.o
 .text          0x00000cac        0x0 out/Dma_Ip.o
 .text          0x00000cac        0x0 out/Dma_Ip_Cfg.o
 .text          0x00000cac        0x0 out/Dma_Ip_Driver_State.o
 .text          0x00000cac        0x0 out/Dma_Ip_Hw_Access.o
 .text          0x00000cac        0x0 out/Dma_Ip_Irq.o
 .text          0x00000cac        0x0 out/Dma_Ip_Multicore.o
 .text          0x00000cac        0x0 out/Dma_Ip_VS_0_PBcfg.o
 .text          0x00000cac       0x12 out/exceptions.o
                0x00000cac                HardFault_Handler
                0x00000cae                MemManage_Handler
                0x00000cb0                BusFault_Handler
                0x00000cb2                UsageFault_Handler
                0x00000cb4                SVC_Handler
                0x00000cb6                DebugMon_Handler
                0x00000cb8                PendSV_Handler
                0x00000cba                SysTick_Handler
                0x00000cbc                undefined_handler
 .text          0x00000cbe       0x14 out/Flexio_I2s_Ip.o
 .text          0x00000cd2        0x0 out/Flexio_I2s_Ip_VS_0_PBcfg.o
 .text          0x00000cd2        0x0 out/Flexio_Mcl_Ip.o
 .text          0x00000cd2        0x0 out/Flexio_Mcl_Ip_HwAccess.o
 .text          0x00000cd2        0x0 out/Flexio_Mcl_Ip_Irq.o
 .text          0x00000cd2        0x0 out/Flexio_Mcl_Ip_VS_0_PBcfg.o
 .text          0x00000cd2        0x0 out/Ftm_Mcl_Ip.o
 .text          0x00000cd2        0x0 out/I2s_Ipw.o
 .text          0x00000cd2        0x0 out/I2s_Ipw_VS_0_PBcfg.o
 .text          0x00000cd2       0x14 out/IntCtrl_Ip.o
 .text          0x00000ce6        0x0 out/IntCtrl_Ip_Cfg.o
 *fill*         0x00000ce6        0x2 
 .text          0x00000ce8       0x28 out/main.o
                0x00000ce8                I2s_MasterNotification
                0x00000cfc                I2s_SlaveNotification
 .text          0x00000d10        0x0 out/Mcu.o
 .text          0x00000d10        0x0 out/Mcu_Cfg.o
 .text          0x00000d10        0x0 out/Mcu_Dem_Wrapper.o
 .text          0x00000d10        0x0 out/Mcu_Ipw.o
 .text          0x00000d10        0x0 out/Mcu_Ipw_Irq.o
 .text          0x00000d10        0x0 out/Mcu_VS_0_PBcfg.o
 .text          0x00000d10        0x0 out/Mpu_Ip.o
 .text          0x00000d10        0x0 out/Mpu_Ip_Cfg.o
 .text          0x00000d10       0x5c out/nvic.o
                0x00000d10                NVIC_SetPriorityGrouping
                0x00000d24                NVIC_EnableIRQ
                0x00000d3c                NVIC_DisableIRQ
                0x00000d58                NVIC_SetPriority
 .text          0x00000d6c        0x0 out/OsIf_Cfg.o
 .text          0x00000d6c        0x0 out/OsIf_Interrupts.o
 .text          0x00000d6c        0x0 out/OsIf_Timer.o
 .text          0x00000d6c        0x0 out/OsIf_Timer_System.o
 .text          0x00000d6c        0x0 out/OsIf_Timer_System_Internal_Systick.o
 .text          0x00000d6c        0x0 out/Platform.o
 .text          0x00000d6c        0x0 out/Platform_Cfg.o
 .text          0x00000d6c        0x0 out/Platform_Ipw.o
 .text          0x00000d6c        0x0 out/Platform_Ipw_Cfg.o
 .text          0x00000d6c        0x0 out/Port.o
 .text          0x00000d6c        0x0 out/Port_Cfg.o
 .text          0x00000d6c        0x0 out/Port_Ci_Port_Ip.o
 .text          0x00000d6c        0x0 out/Port_Ci_Port_Ip_VS_0_PBcfg.o
 .text          0x00000d6c        0x0 out/Port_Ipw.o
 .text          0x00000d6c        0x0 out/Port_VS_0_PBcfg.o
 .text          0x00000d6c        0x0 out/Power_Ip.o
 .text          0x00000d6c        0x0 out/Power_Ip_AEC.o
 .text          0x00000d6c        0x0 out/Power_Ip_Cfg.o
 .text          0x00000d6c        0x0 out/Power_Ip_CortexM4.o
 .text          0x00000d6c        0x0 out/Power_Ip_PMC.o
 .text          0x00000d6c        0x0 out/Power_Ip_PMC_Irq.o
 .text          0x00000d6c        0x0 out/Power_Ip_Private.o
 .text          0x00000d6c        0x0 out/Power_Ip_RCM.o
 .text          0x00000d6c        0x0 out/Power_Ip_RCM_Irq.o
 .text          0x00000d6c        0x0 out/Power_Ip_SIM.o
 .text          0x00000d6c        0x0 out/Power_Ip_SMC.o
 .text          0x00000d6c        0x0 out/Power_Ip_VS_0_PBcfg.o
 .text          0x00000d6c        0x0 out/Ram_Ip.o
 .text          0x00000d6c        0x0 out/Ram_Ip_Cfg.o
 .text          0x00000d6c        0x0 out/Ram_Ip_VS_0_PBcfg.o
 .text          0x00000d6c        0x0 out/Sai_Ip.o
 .text          0x00000d6c        0x0 out/Sai_Ip_Isr.o
 .text          0x00000d6c        0x0 out/Sai_Ip_VS_0_PBcfg.o
 .text          0x00000d6c        0x6 out/SchM_I2s.o
                0x00000d6c                I2s_schm_read_msr
 .text          0x00000d72        0x6 out/SchM_Mcl.o
                0x00000d72                Mcl_schm_read_msr
 .text          0x00000d78        0x6 out/SchM_Mcu.o
                0x00000d78                Mcu_schm_read_msr
 .text          0x00000d7e        0x6 out/SchM_Platform.o
                0x00000d7e                Platform_schm_read_msr
 .text          0x00000d84        0x6 out/SchM_Port.o
                0x00000d84                Port_schm_read_msr
 *fill*         0x00000d8a        0x2 
 .text          0x00000d8c       0x50 out/startup.o
                0x00000d8c                init_data_bss
 .text          0x00000ddc        0x0 out/startup_cm4.o
 .text          0x00000ddc       0x3e out/sys_init.o
                0x00000ddc                sys_enableAllInterrupts
                0x00000de0                sys_disableAllInterrupts
                0x00000de4                sys_disableIsrSource
                0x00000de8                sys_enableIsrSource
                0x00000dfa                sys_registerIsrHandler
                0x00000e0e                sys_halt
                0x00000e12                sys_stop
                0x00000e16                EUnit_GetCoreID
 .text          0x00000e1a        0x8 out/system.o
                0x00000e1a                startup_go_to_user_mode
                0x00000e1c                default_interrupt_routine
                0x00000e1e                Sys_GetCoreID
 .text          0x00000e22        0x0 out/System_Ip.o
 .text          0x00000e22        0x0 out/Trgmux_Ip.o
 .text          0x00000e22        0x0 out/Trgmux_Ip_Cfg.o
 .text          0x00000e22        0x0 out/Trgmux_Ip_HwAcc.o
 .text          0x00000e22        0x0 out/Trgmux_Ip_VS_0_PBcfg.o
 .text          0x00000e22        0x0 out/Vector_Table.o
 .text          0x00000e22        0x0 c:/nxp/gcc-10.2-arm32-eabi/bin/../lib/gcc/arm-none-eabi/10.2.0/../../../../arm-none-eabi/lib/thumb/v7e-m+fp/hard\libg_nano.a(lib_a-memmove.o)
 .text          0x00000e22        0x0 c:/nxp/gcc-10.2-arm32-eabi/bin/../lib/gcc/arm-none-eabi/10.2.0/../../../../arm-none-eabi/lib/thumb/v7e-m+fp/hard\libg_nano.a(lib_a-memset.o)
 *(.text*)
 .text.memmove  0x00000e22       0x34 c:/nxp/gcc-10.2-arm32-eabi/bin/../lib/gcc/arm-none-eabi/10.2.0/../../../../arm-none-eabi/lib/thumb/v7e-m+fp/hard\libg_nano.a(lib_a-memmove.o)
                0x00000e22                memmove
 .text.memset   0x00000e56       0x10 c:/nxp/gcc-10.2-arm32-eabi/bin/../lib/gcc/arm-none-eabi/10.2.0/../../../../arm-none-eabi/lib/thumb/v7e-m+fp/hard\libg_nano.a(lib_a-memset.o)
                0x00000e56                memset
                0x00000e68                . = ALIGN (0x4)
 *fill*         0x00000e66        0x2 
 *(.mcal_text)
 .mcal_text     0x00000e68       0xdc out/Cache_Ip.o
                0x00000e68                Cache_Ip_Enable
                0x00000e88                Cache_Ip_Disable
                0x00000ea8                Cache_Ip_Invalidate
                0x00000ec8                Cache_Ip_Clean
                0x00000eee                Cache_Ip_InvalidateByAddr
                0x00000f18                Cache_Ip_CleanByAddr
 .mcal_text     0x00000f44      0x168 out/CDD_I2s.o
                0x00000f44                I2s_Init
                0x00000f60                I2s_DeInit
                0x00000f64                I2s_SyncTransmit
                0x00000fc4                I2s_AsyncTransmit
                0x00001010                I2s_GetStatus
                0x00001050                I2s_AbortTransmit
                0x0000108a                I2s_GetVersionInfo
 .mcal_text     0x000010ac      0x144 out/CDD_Mcl.o
                0x000010ac                Mcl_Init
                0x000010e0                Mcl_DeInit
                0x0000110c                Mcl_CacheEnable
                0x00001130                Mcl_CacheDisable
                0x00001154                Mcl_CacheInvalidate
                0x00001178                Mcl_CacheClean
                0x0000119c                Mcl_CacheInvalidateByAddr
                0x000011bc                Mcl_CacheCleanByAddr
                0x000011dc                Mcl_GetVersionInfo
 .mcal_text     0x000011f0      0x890 out/Clock_Ip.o
                0x000011f2                Clock_Ip_InitClock
                0x000017cc                Clock_Ip_GetPllStatus
                0x00001870                Clock_Ip_DistributePll
                0x00001964                Clock_Ip_Init
                0x00001988                Clock_Ip_DisableClockMonitor
                0x000019ac                Clock_Ip_InstallNotificationsCallback
                0x000019b8                Clock_Ip_DisableModuleClock
                0x000019e0                Clock_Ip_EnableModuleClock
                0x00001a08                Clock_Ip_PowerModeChangeNotification
                0x00001a34                Clock_Ip_GetClockFrequency
                0x00001a38                Clock_Ip_ReportClockErrors
                0x00001a44                Clock_Ip_StartTimeout
                0x00001a64                Clock_Ip_TimeoutExpired
 .mcal_text     0x00001a80      0x230 out/Clock_Ip_Divider.o
                0x00001a82                Clock_Ip_SetScgAsyncDiv1_TrustedCall
                0x00001ab8                Clock_Ip_SetScgAsyncDiv2_TrustedCall
                0x00001af0                Clock_Ip_SetScgRunDivcore_TrustedCall
                0x00001b10                Clock_Ip_SetScgRunDivbus_TrustedCall
                0x00001b30                Clock_Ip_SetScgRunDivslow_TrustedCall
                0x00001b50                Clock_Ip_SetScgVlprDivcore_TrustedCall
                0x00001b70                Clock_Ip_SetScgVlprDivbus_TrustedCall
                0x00001b90                Clock_Ip_SetScgVlprDivslow_TrustedCall
                0x00001bb0                Clock_Ip_SetScgHsrunDivcore_TrustedCall
                0x00001bd0                Clock_Ip_SetScgHsrunDivbus_TrustedCall
                0x00001bf0                Clock_Ip_SetScgHsrunDivslow_TrustedCall
                0x00001c10                Clock_Ip_SetSimClkoutDiv_TrustedCall
                0x00001c34                Clock_Ip_SetPccPcdDivFrac_TrustedCall
                0x00001c78                Clock_Ip_SetSimTraceDivMul_TrustedCall
 .mcal_text     0x00001cb0        0x2 out/Clock_Ip_DividerTrigger.o
 *fill*         0x00001cb2        0x2 
 .mcal_text     0x00001cb4      0x198 out/Clock_Ip_ExtOsc.o
                0x00001d04                Clock_Ip_ResetSOSC_TrustedCall
                0x00001d44                Clock_Ip_SetSOSC_TrustedCall
                0x00001e10                Clock_Ip_DisableSOSC_TrustedCall
                0x00001e28                Clock_Ip_EnableSOSC_TrustedCall
 .mcal_text     0x00001e4c        0x6 out/Clock_Ip_FracDiv.o
 *fill*         0x00001e52        0x2 
 .mcal_text     0x00001e54      0xb30 out/Clock_Ip_Frequency.o
                0x00002948                Clock_Ip_SetExternalOscillatorFrequency
                0x00002954                Clock_Ip_GetFreq
                0x00002960                Clock_Ip_SetExternalSignalFrequency
 .mcal_text     0x00002984      0x17c out/Clock_Ip_Gate.o
                0x00002988                Clock_Ip_ClockSetSimLPO1KEnable_TrustedCall
                0x000029bc                Clock_Ip_ClockSetSimLPO32KEnable_TrustedCall
                0x000029f4                Clock_Ip_ClockSetSimClkoutEnable_TrustedCall
                0x00002a2c                Clock_Ip_ClockSetPccCgcEnable_TrustedCall
                0x00002a78                Clock_Ip_ClockSetSimGate_TrustedCall
                0x00002ac4                Clock_Ip_ClockSetSimTraceEnable_TrustedCall
 .mcal_text     0x00002b00      0x414 out/Clock_Ip_IntOsc.o
                0x00002b54                Clock_Ip_SetSirc_TrustedCall
                0x00002bfc                Clock_Ip_EnableSirc_TrustedCall
                0x00002c5c                Clock_Ip_DisableSirc_TrustedCall
                0x00002c80                Clock_Ip_SetSircVlp_TrustedCall
                0x00002cbc                Clock_Ip_EnableSircVlp_TrustedCall
                0x00002ce0                Clock_Ip_DisableSircVlp_TrustedCall
                0x00002cf8                Clock_Ip_SetSircStop_TrustedCall
                0x00002d34                Clock_Ip_EnableSircStop_TrustedCall
                0x00002d58                Clock_Ip_DisableSircStop_TrustedCall
                0x00002d70                Clock_Ip_SetFirc_TrustedCall
                0x00002ea0                Clock_Ip_EnableFirc_TrustedCall
                0x00002efc                Clock_Ip_DisableFirc_TrustedCall
 .mcal_text     0x00002f14        0x6 out/Clock_Ip_Monitor.o
 *fill*         0x00002f1a        0x2 
 .mcal_text     0x00002f1c      0x150 out/Clock_Ip_Pll.o
                0x00002f74                Clock_Ip_ResetSpll_TrustedCall
                0x00002fcc                Clock_Ip_SetSpll_TrustedCall
                0x00003024                Clock_Ip_DisableSpll_TrustedCall
                0x00003048                Clock_Ip_EnableSpll_TrustedCall
 .mcal_text     0x0000306c        0x2 out/Clock_Ip_ProgFreqSwitch.o
 *fill*         0x0000306e        0x2 
 .mcal_text     0x00003070      0x354 out/Clock_Ip_Selector.o
                0x00003072                Clock_Ip_ResetScgRunSel_TrustedCall
                0x0000309c                Clock_Ip_SetScgRunSel_TrustedCall
                0x000030c8                Clock_Ip_SetScgVlprSel_TrustedCall
                0x000030f4                Clock_Ip_ResetScgHsrunSel_TrustedCall
                0x0000311c                Clock_Ip_SetScgHsrunSel_TrustedCall
                0x00003148                Clock_Ip_ResetSimRtcSel_TrustedCall
                0x0000316c                Clock_Ip_SetSimRtcSel_TrustedCall
                0x00003194                Clock_Ip_ResetSimLpoSel_TrustedCall
                0x000031b8                Clock_Ip_SetSimLpoSel_TrustedCall
                0x000031e0                Clock_Ip_ResetScgClkoutSel_TrustedCall
                0x00003204                Clock_Ip_SetScgClkoutSel_TrustedCall
                0x0000322c                Clock_Ip_ResetSimFtmoptSel_TrustedCall
                0x00003274                Clock_Ip_SetSimFtmoptSel_TrustedCall
                0x000032bc                Clock_Ip_ResetSimClkoutSel_TrustedCall
                0x000032d4                Clock_Ip_SetSimClkoutSel_TrustedCall
                0x000032fc                Clock_Ip_ResetPccPcsSelect_TrustedCall
                0x00003330                Clock_Ip_SetPccPcsSelect_TrustedCall
                0x00003370                Clock_Ip_ResetSimTraceSel_TrustedCall
                0x00003398                Clock_Ip_SetSimTraceSel_TrustedCall
 .mcal_text     0x000033c4      0x7a0 out/Clock_Ip_Specific.o
                0x000035a4                SetFircToResetValue_TrustedCall
                0x000035c0                SetSimLpoclksRegister_TrustedCall
                0x00003634                Clock_Ip_ClockPowerModeChangeNotification
                0x000037f4                Clock_Ip_Command
 .mcal_text     0x00003b64       0xf4 out/Dem.o
                0x00003b64                Dem_SetEventStatus
                0x00003bc4                Dem_ReportErrorStatusPreExtData
 .mcal_text     0x00003c58      0x244 out/Dem_stub.o
                0x00003c58                Dem_TestLastReportErrorStatus
                0x00003cf0                Dem_TestNoError
                0x00003d34                Dem_TestLastReportErrorStatusPreExtData
                0x00003e1c                Dem_ClearEvents
                0x00003e30                Dem_GetEvent
                0x00003e70                Dem_GetEventCount
                0x00003e84                Dem_BufferOverflow
 .mcal_text     0x00003e9c       0xa4 out/Det.o
                0x00003e9c                Det_Init
                0x00003e9e                Det_ReportError
                0x00003ed4                Det_ReportRuntimeError
                0x00003f08                Det_ReportTransientFault
                0x00003f3c                Det_Start
 .mcal_text     0x00003f40      0x21c out/Det_stub.o
                0x00003f40                Det_TestLastReportError
                0x00003fa8                Det_TestLastReportRuntimeError
                0x00004010                Det_TestLastReportTransientFault
                0x00004078                Det_TestNoError
                0x000040c4                Det_TestNoRuntimeError
                0x00004110                Det_TestNoTransientFault
 .mcal_text     0x0000415c      0xb68 out/Flexio_I2s_Ip.o
                0x00004530                Flexio_I2s_Ip_MasterInit
                0x00004694                Flexio_I2s_Ip_MasterDeinit
                0x00004704                Flexio_I2s_Ip_MasterSendData
                0x000047cc                Flexio_I2s_Ip_MasterReceiveData
                0x0000487c                Flexio_I2s_Ip_MasterTransferAbort
                0x000048bc                Flexio_I2s_Ip_MasterGetStatus
                0x000049c0                Flexio_I2s_Ip_MasterSendDataBlocking
                0x000049f4                Flexio_I2s_Ip_MasterReceiveDataBlocking
                0x00004a28                Flexio_I2s_Ip_SlaveInit
                0x00004bc8                Flexio_I2s_Ip_SlaveDeinit
                0x00004bcc                Flexio_I2s_Ip_SlaveSendData
                0x00004bd0                Flexio_I2s_Ip_SlaveSendDataBlocking
                0x00004bd4                Flexio_I2s_Ip_SlaveReceiveData
                0x00004bd8                Flexio_I2s_Ip_SlaveReceiveDataBlocking
                0x00004bdc                Flexio_I2s_Ip_SlaveTransferAbort
                0x00004be0                Flexio_I2s_Ip_SlaveGetStatus
                0x00004be4                Flexio_I2s_Ip_IrqHandler
 .mcal_text     0x00004cc4       0x4c out/Flexio_Mcl_Ip.o
                0x00004cc4                Flexio_Mcl_Ip_InitDevice
                0x00004cf4                Flexio_Mcl_Ip_DeinitDevice
 .mcal_text     0x00004d10      0x15c out/Flexio_Mcl_Ip_HwAccess.o
                0x00004d10                Flexio_Mcl_Ip_SetSoftwareReset
                0x00004d34                Flexio_Mcl_Ip_SetDebugEnable
                0x00004d5a                Flexio_Mcl_Ip_SetEnable
                0x00004d76                Flexio_Mcl_Ip_GetShifterStatus
                0x00004d80                Flexio_Mcl_Ip_GetAllShifterStatus
                0x00004d84                Flexio_Mcl_Ip_ClearShifterStatus
                0x00004d8e                Flexio_Mcl_Ip_GetShifterErrorStatus
                0x00004d98                Flexio_Mcl_Ip_GetAllShifterErrorStatus
                0x00004d9c                Flexio_Mcl_Ip_ClearShifterErrorStatus
                0x00004da6                Flexio_Mcl_Ip_GetTimerStatus
                0x00004db0                Flexio_Mcl_Ip_GetTimerInterruptEnable
                0x00004dba                Flexio_Mcl_Ip_GetAllTimerStatus
                0x00004dbe                Flexio_Mcl_Ip_ClearTimerStatus
                0x00004dc8                Flexio_Mcl_Ip_GetAllShifterInterrupt
                0x00004dcc                Flexio_Mcl_Ip_GetAllShifterErrorInterrupt
                0x00004dd0                Flexio_Mcl_Ip_SetShifterErrorInterrupt
                0x00004df2                Flexio_Mcl_Ip_SetShifterInterrupt
                0x00004e14                Flexio_Mcl_Ip_SetShifterDMARequest
                0x00004e36                Flexio_Mcl_Ip_GetAllTimerInterrupt
                0x00004e3a                Flexio_Mcl_Ip_SetTimerInterrupt
                0x00004e5c                Flexio_Mcl_Ip_Init
 .mcal_text     0x00004e6c       0x98 out/Flexio_Mcl_Ip_Irq.o
                0x00004e6c                MCL_FLEXIO_ISR
 .mcal_text     0x00004f04      0x15c out/I2s_Ipw.o
                0x00004f04                I2s_Ipw_Init
                0x00004f50                I2s_Ipw_DeInit
                0x00004f64                I2s_Ipw_Transmit
                0x00004ffc                I2s_Ipw_GetStatus
                0x00005044                I2s_Ipw_AbortTrasmit
 .mcal_text     0x00005060      0x1c8 out/IntCtrl_Ip.o
                0x00005060                IntCtrl_Ip_InstallHandlerPrivileged
                0x000050b0                IntCtrl_Ip_EnableIrqPrivileged
                0x000050e0                IntCtrl_Ip_DisableIrqPrivileged
                0x00005114                IntCtrl_Ip_SetPriorityPrivileged
                0x0000514c                IntCtrl_Ip_GetPriorityPrivileged
                0x00005174                IntCtrl_Ip_ClearPendingPrivileged
                0x000051a8                IntCtrl_Ip_Init
                0x00005210                IntCtrl_Ip_InstallHandler
                0x00005214                IntCtrl_Ip_EnableIrq
                0x00005218                IntCtrl_Ip_DisableIrq
                0x0000521c                IntCtrl_Ip_SetPriority
                0x00005220                IntCtrl_Ip_GetPriority
                0x00005224                IntCtrl_Ip_ClearPending
 .mcal_text     0x00005228      0x34c out/Mcu.o
                0x00005258                Mcu_Init
                0x00005300                Mcu_InitRamSection
                0x00005368                Mcu_InitClock
                0x000053bc                Mcu_SetMode
                0x00005410                Mcu_DistributePllClock
                0x00005448                Mcu_GetPllStatus
                0x00005468                Mcu_GetResetReason
                0x00005488                Mcu_GetResetRawValue
                0x000054a8                Mcu_PerformReset
                0x000054cc                Mcu_GetVersionInfo
                0x000054ec                Mcu_GetPowerModeState
                0x0000550c                Mcu_GetClockFrequency
                0x00005530                Mcu_SleepOnExit
                0x00005550                Mcu_SRAMRetentionConfig
                0x00005570                Mcu_ClkSrcFailureNotification
 .mcal_text     0x00005574       0x30 out/Mcu_Dem_Wrapper.o
                0x00005574                Mcu_ReportDemTimeoutError
                0x0000558c                Mcu_ReportDemSwitchModeError
 .mcal_text     0x000055a4       0x94 out/Mcu_Ipw.o
                0x000055c8                Mcu_Ipw_Init
                0x000055ec                Mcu_Ipw_InitRamSection
                0x000055fa                Mcu_Ipw_InitClock
                0x000055fe                Mcu_Ipw_DistributePllClock
                0x00005602                Mcu_Ipw_GetPllStatus
                0x00005612                MCU_Ipw_GetClockFrequency
                0x00005616                Mcu_Ipw_SetMode
                0x0000561a                Mcu_Ipw_PerformReset
                0x0000561e                Mcu_Ipw_GetResetReason
                0x00005622                Mcu_Ipw_GetResetRawValue
                0x00005626                Mcu_Ipw_GetPowerModeState
                0x0000562a                Mcu_Ipw_SleepOnExit
                0x00005634                Mcu_Ipw_SRAMRetentionConfig
 .mcal_text     0x00005638       0x1e out/OsIf_Timer.o
                0x00005638                OsIf_Init
                0x00005640                OsIf_GetCounter
                0x00005644                OsIf_GetElapsed
                0x0000564c                OsIf_SetTimerFrequency
                0x0000564e                OsIf_MicrosToTicks
 .mcal_text     0x00005656       0x44 out/OsIf_Timer_System_Internal_Systick.o
                0x00005656                OsIf_Timer_System_Internal_Init
                0x0000566c                OsIf_Timer_System_Internal_GetCounter
                0x00005678                OsIf_Timer_System_Internal_GetElapsed
 *fill*         0x0000569a        0x2 
 .mcal_text     0x0000569c       0xb0 out/Platform.o
                0x0000569c                Platform_Init
                0x000056b8                Platform_SetIrq
                0x000056e2                Platform_SetIrqPriority
                0x00005704                Platform_GetIrqPriority
                0x0000572e                Platform_InstallIrqHandler
 .mcal_text     0x0000574c       0x82 out/Platform_Ipw.o
                0x0000574c                Platform_Ipw_Init
 *fill*         0x000057ce        0x2 
 .mcal_text     0x000057d0       0xe0 out/Port.o
                0x000057d0                Port_Init
                0x00005808                Port_SetPinDirection
                0x00005838                Port_SetPinMode
                0x00005864                Port_RefreshPortDirection
                0x00005890                Port_GetVersionInfo
 .mcal_text     0x000058b0      0x274 out/Port_Ci_Port_Ip.o
                0x000058b0                Port_Ci_Port_Ip_ConfigureInterleave
                0x00005944                Port_Ci_Port_Ip_Init
                0x00005a78                Port_Ci_Port_Ip_SetMuxModeSel
                0x00005aa4                Port_Ci_Port_Ip_EnableDigitalFilter
                0x00005ac6                Port_Ci_Port_Ip_DisableDigitalFilter
                0x00005aea                Port_Ci_Port_Ip_ConfigDigitalFilter
                0x00005b00                Port_Ci_Port_Ip_SetGlobalPinControl
 .mcal_text     0x00005b24      0x428 out/Port_Ipw.o
                0x00005b24                Port_Ipw_Init
                0x00005c90                Port_Ipw_SetPinDirection
                0x00005d50                Port_Ipw_SetGpioDirChangeability
                0x00005d88                Port_Ipw_SetGpioPadOutput
                0x00005dc8                Port_Ipw_SetPinMode
                0x00005e98                Port_Ipw_RefreshPortDirection
 .mcal_text     0x00005f4c       0xc0 out/Power_Ip.o
                0x00005f4c                Power_Ip_SetMode
                0x00005fb8                Power_Ip_GetPowerModeState
                0x00005fbc                Power_Ip_PerformReset
                0x00005fc0                Power_Ip_GetResetReason
                0x00005fd8                Power_Ip_GetResetRawValue
                0x00005fdc                Power_Ip_Init
                0x00005ff6                Power_Ip_DisableSleepOnExit
                0x00005ffa                Power_Ip_EnableSleepOnExit
                0x00005ffe                Power_Ip_SRAMRetentionConfig
                0x00006002                Power_Ip_InstallNotificationsCallback
 .mcal_text     0x0000600c       0x60 out/Power_Ip_CortexM4.o
                0x0000600c                Power_Ip_CM4_SystemReset
                0x0000602c                Power_Ip_CM4_DisableSleepOnExit
                0x0000603c                Power_Ip_CM4_EnableSleepOnExit
                0x0000604c                Power_Ip_CM4_EnableDeepSleep
                0x0000605c                Power_Ip_CM4_DisableDeepSleep
 .mcal_text     0x0000606c       0xb0 out/Power_Ip_PMC.o
                0x0000606c                Power_Ip_PMC_PowerInit
                0x000060a4                Power_Ip_PMC_GetInterruptStatus
                0x000060b8                Power_Ip_PMC_VoltageErrorIsr
 .mcal_text     0x0000611c        0xc out/Power_Ip_PMC_Irq.o
                0x0000611c                Power_Ip_PMC_LowVoltage_ISR
 .mcal_text     0x00006128       0x4c out/Power_Ip_Private.o
                0x00006128                Power_Ip_ReportPowerErrors
                0x00006134                Power_Ip_ReportPowerErrorsEmptyCallback
                0x00006136                Power_Ip_StartTimeout
                0x00006156                Power_Ip_TimeoutExpired
 .mcal_text     0x00006174       0x9c out/Power_Ip_RCM.o
                0x00006174                Power_Ip_RCM_ResetInit
                0x00006194                Power_Ip_RCM_GetResetReason
                0x000061f0                Power_Ip_RCM_GetResetRawValue
 .mcal_text     0x00006210       0x1c out/Power_Ip_SIM.o
                0x00006210                Power_Ip_SIM_SRAMRetentionConfig
 .mcal_text     0x0000622c      0x144 out/Power_Ip_SMC.o
                0x0000622c                Power_Ip_SMC_AllowedModesConfig
                0x0000623c                Power_Ip_SMC_ModeCheckEntry
                0x00006278                Power_Ip_SMC_ModeConfig
                0x00006364                Power_Ip_SMC_GetPowerModeState
 .mcal_text     0x00006370       0xe4 out/Ram_Ip.o
                0x00006370                Ram_Ip_InitRamSection
 .mcal_text     0x00006454      0x76c out/SchM_I2s.o
                0x00006454                SchM_Enter_I2s_I2S_EXCLUSIVE_AREA_00
                0x00006488                SchM_Exit_I2s_I2S_EXCLUSIVE_AREA_00
                0x000064b8                SchM_Enter_I2s_I2S_EXCLUSIVE_AREA_01
                0x000064ec                SchM_Exit_I2s_I2S_EXCLUSIVE_AREA_01
                0x0000651c                SchM_Enter_I2s_I2S_EXCLUSIVE_AREA_02
                0x00006550                SchM_Exit_I2s_I2S_EXCLUSIVE_AREA_02
                0x00006580                SchM_Enter_I2s_I2S_EXCLUSIVE_AREA_03
                0x000065b4                SchM_Exit_I2s_I2S_EXCLUSIVE_AREA_03
                0x000065e4                SchM_Enter_I2s_I2S_EXCLUSIVE_AREA_04
                0x00006618                SchM_Exit_I2s_I2S_EXCLUSIVE_AREA_04
                0x00006648                SchM_Enter_I2s_I2S_EXCLUSIVE_AREA_05
                0x0000667c                SchM_Exit_I2s_I2S_EXCLUSIVE_AREA_05
                0x000066ac                SchM_Enter_I2s_I2S_EXCLUSIVE_AREA_06
                0x000066e0                SchM_Exit_I2s_I2S_EXCLUSIVE_AREA_06
                0x00006710                SchM_Enter_I2s_I2S_EXCLUSIVE_AREA_07
                0x00006744                SchM_Exit_I2s_I2S_EXCLUSIVE_AREA_07
                0x00006774                SchM_Enter_I2s_I2S_EXCLUSIVE_AREA_08
                0x000067a8                SchM_Exit_I2s_I2S_EXCLUSIVE_AREA_08
                0x000067d8                SchM_Enter_I2s_I2S_EXCLUSIVE_AREA_09
                0x0000680c                SchM_Exit_I2s_I2S_EXCLUSIVE_AREA_09
                0x0000683c                SchM_Enter_I2s_I2S_EXCLUSIVE_AREA_10
                0x00006870                SchM_Exit_I2s_I2S_EXCLUSIVE_AREA_10
                0x000068a0                SchM_Enter_I2s_I2S_EXCLUSIVE_AREA_11
                0x000068d4                SchM_Exit_I2s_I2S_EXCLUSIVE_AREA_11
                0x00006904                SchM_Enter_I2s_I2S_EXCLUSIVE_AREA_12
                0x00006938                SchM_Exit_I2s_I2S_EXCLUSIVE_AREA_12
                0x00006968                SchM_Enter_I2s_I2S_EXCLUSIVE_AREA_13
                0x0000699c                SchM_Exit_I2s_I2S_EXCLUSIVE_AREA_13
                0x000069cc                SchM_Enter_I2s_I2S_EXCLUSIVE_AREA_14
                0x00006a00                SchM_Exit_I2s_I2S_EXCLUSIVE_AREA_14
                0x00006a30                SchM_Enter_I2s_I2S_EXCLUSIVE_AREA_15
                0x00006a64                SchM_Exit_I2s_I2S_EXCLUSIVE_AREA_15
                0x00006a94                SchM_Enter_I2s_I2S_EXCLUSIVE_AREA_16
                0x00006ac8                SchM_Exit_I2s_I2S_EXCLUSIVE_AREA_16
                0x00006af8                SchM_Enter_I2s_I2S_EXCLUSIVE_AREA_17
                0x00006b2c                SchM_Exit_I2s_I2S_EXCLUSIVE_AREA_17
                0x00006b5c                SchM_Enter_I2s_I2S_EXCLUSIVE_AREA_18
                0x00006b90                SchM_Exit_I2s_I2S_EXCLUSIVE_AREA_18
 .mcal_text     0x00006bc0     0x125c out/SchM_Mcl.o
                0x00006bc0                SchM_Enter_Mcl_MCL_EXCLUSIVE_AREA_00
                0x00006bf4                SchM_Exit_Mcl_MCL_EXCLUSIVE_AREA_00
                0x00006c24                SchM_Enter_Mcl_MCL_EXCLUSIVE_AREA_01
                0x00006c58                SchM_Exit_Mcl_MCL_EXCLUSIVE_AREA_01
                0x00006c88                SchM_Enter_Mcl_MCL_EXCLUSIVE_AREA_02
                0x00006cbc                SchM_Exit_Mcl_MCL_EXCLUSIVE_AREA_02
                0x00006cec                SchM_Enter_Mcl_MCL_EXCLUSIVE_AREA_03
                0x00006d20                SchM_Exit_Mcl_MCL_EXCLUSIVE_AREA_03
                0x00006d50                SchM_Enter_Mcl_MCL_EXCLUSIVE_AREA_04
                0x00006d84                SchM_Exit_Mcl_MCL_EXCLUSIVE_AREA_04
                0x00006db4                SchM_Enter_Mcl_MCL_EXCLUSIVE_AREA_05
                0x00006de8                SchM_Exit_Mcl_MCL_EXCLUSIVE_AREA_05
                0x00006e18                SchM_Enter_Mcl_MCL_EXCLUSIVE_AREA_06
                0x00006e4c                SchM_Exit_Mcl_MCL_EXCLUSIVE_AREA_06
                0x00006e7c                SchM_Enter_Mcl_MCL_EXCLUSIVE_AREA_07
                0x00006eb0                SchM_Exit_Mcl_MCL_EXCLUSIVE_AREA_07
                0x00006ee0                SchM_Enter_Mcl_MCL_EXCLUSIVE_AREA_08
                0x00006f14                SchM_Exit_Mcl_MCL_EXCLUSIVE_AREA_08
                0x00006f44                SchM_Enter_Mcl_MCL_EXCLUSIVE_AREA_09
                0x00006f78                SchM_Exit_Mcl_MCL_EXCLUSIVE_AREA_09
                0x00006fa8                SchM_Enter_Mcl_MCL_EXCLUSIVE_AREA_10
                0x00006fdc                SchM_Exit_Mcl_MCL_EXCLUSIVE_AREA_10
                0x0000700c                SchM_Enter_Mcl_MCL_EXCLUSIVE_AREA_11
                0x00007040                SchM_Exit_Mcl_MCL_EXCLUSIVE_AREA_11
                0x00007070                SchM_Enter_Mcl_MCL_EXCLUSIVE_AREA_12
                0x000070a4                SchM_Exit_Mcl_MCL_EXCLUSIVE_AREA_12
                0x000070d4                SchM_Enter_Mcl_MCL_EXCLUSIVE_AREA_13
                0x00007108                SchM_Exit_Mcl_MCL_EXCLUSIVE_AREA_13
                0x00007138                SchM_Enter_Mcl_MCL_EXCLUSIVE_AREA_14
                0x0000716c                SchM_Exit_Mcl_MCL_EXCLUSIVE_AREA_14
                0x0000719c                SchM_Enter_Mcl_MCL_EXCLUSIVE_AREA_15
                0x000071d0                SchM_Exit_Mcl_MCL_EXCLUSIVE_AREA_15
                0x00007200                SchM_Enter_Mcl_MCL_EXCLUSIVE_AREA_16
                0x00007234                SchM_Exit_Mcl_MCL_EXCLUSIVE_AREA_16
                0x00007264                SchM_Enter_Mcl_MCL_EXCLUSIVE_AREA_17
                0x00007298                SchM_Exit_Mcl_MCL_EXCLUSIVE_AREA_17
                0x000072c8                SchM_Enter_Mcl_MCL_EXCLUSIVE_AREA_18
                0x000072fc                SchM_Exit_Mcl_MCL_EXCLUSIVE_AREA_18
                0x0000732c                SchM_Enter_Mcl_MCL_EXCLUSIVE_AREA_19
                0x00007360                SchM_Exit_Mcl_MCL_EXCLUSIVE_AREA_19
                0x00007390                SchM_Enter_Mcl_MCL_EXCLUSIVE_AREA_20
                0x000073c4                SchM_Exit_Mcl_MCL_EXCLUSIVE_AREA_20
                0x000073f4                SchM_Enter_Mcl_MCL_EXCLUSIVE_AREA_21
                0x00007428                SchM_Exit_Mcl_MCL_EXCLUSIVE_AREA_21
                0x00007458                SchM_Enter_Mcl_MCL_EXCLUSIVE_AREA_22
                0x0000748c                SchM_Exit_Mcl_MCL_EXCLUSIVE_AREA_22
                0x000074bc                SchM_Enter_Mcl_MCL_EXCLUSIVE_AREA_23
                0x000074f0                SchM_Exit_Mcl_MCL_EXCLUSIVE_AREA_23
                0x00007520                SchM_Enter_Mcl_MCL_EXCLUSIVE_AREA_24
                0x00007554                SchM_Exit_Mcl_MCL_EXCLUSIVE_AREA_24
                0x00007584                SchM_Enter_Mcl_MCL_EXCLUSIVE_AREA_25
                0x000075b8                SchM_Exit_Mcl_MCL_EXCLUSIVE_AREA_25
                0x000075e8                SchM_Enter_Mcl_MCL_EXCLUSIVE_AREA_26
                0x0000761c                SchM_Exit_Mcl_MCL_EXCLUSIVE_AREA_26
                0x0000764c                SchM_Enter_Mcl_MCL_EXCLUSIVE_AREA_27
                0x00007680                SchM_Exit_Mcl_MCL_EXCLUSIVE_AREA_27
                0x000076b0                SchM_Enter_Mcl_MCL_EXCLUSIVE_AREA_28
                0x000076e4                SchM_Exit_Mcl_MCL_EXCLUSIVE_AREA_28
                0x00007714                SchM_Enter_Mcl_MCL_EXCLUSIVE_AREA_29
                0x00007748                SchM_Exit_Mcl_MCL_EXCLUSIVE_AREA_29
                0x00007778                SchM_Enter_Mcl_MCL_EXCLUSIVE_AREA_30
                0x000077ac                SchM_Exit_Mcl_MCL_EXCLUSIVE_AREA_30
                0x000077dc                SchM_Enter_Mcl_MCL_EXCLUSIVE_AREA_31
                0x00007810                SchM_Exit_Mcl_MCL_EXCLUSIVE_AREA_31
                0x00007840                SchM_Enter_Mcl_MCL_EXCLUSIVE_AREA_32
                0x00007874                SchM_Exit_Mcl_MCL_EXCLUSIVE_AREA_32
                0x000078a4                SchM_Enter_Mcl_MCL_EXCLUSIVE_AREA_33
                0x000078d8                SchM_Exit_Mcl_MCL_EXCLUSIVE_AREA_33
                0x00007908                SchM_Enter_Mcl_MCL_EXCLUSIVE_AREA_34
                0x0000793c                SchM_Exit_Mcl_MCL_EXCLUSIVE_AREA_34
                0x0000796c                SchM_Enter_Mcl_MCL_EXCLUSIVE_AREA_35
                0x000079a0                SchM_Exit_Mcl_MCL_EXCLUSIVE_AREA_35
                0x000079d0                SchM_Enter_Mcl_MCL_EXCLUSIVE_AREA_36
                0x00007a04                SchM_Exit_Mcl_MCL_EXCLUSIVE_AREA_36
                0x00007a34                SchM_Enter_Mcl_MCL_EXCLUSIVE_AREA_37
                0x00007a68                SchM_Exit_Mcl_MCL_EXCLUSIVE_AREA_37
                0x00007a98                SchM_Enter_Mcl_MCL_EXCLUSIVE_AREA_38
                0x00007acc                SchM_Exit_Mcl_MCL_EXCLUSIVE_AREA_38
                0x00007afc                SchM_Enter_Mcl_MCL_EXCLUSIVE_AREA_39
                0x00007b30                SchM_Exit_Mcl_MCL_EXCLUSIVE_AREA_39
                0x00007b60                SchM_Enter_Mcl_MCL_EXCLUSIVE_AREA_40
                0x00007b94                SchM_Exit_Mcl_MCL_EXCLUSIVE_AREA_40
                0x00007bc4                SchM_Enter_Mcl_MCL_EXCLUSIVE_AREA_41
                0x00007bf8                SchM_Exit_Mcl_MCL_EXCLUSIVE_AREA_41
                0x00007c28                SchM_Enter_Mcl_MCL_EXCLUSIVE_AREA_42
                0x00007c5c                SchM_Exit_Mcl_MCL_EXCLUSIVE_AREA_42
                0x00007c8c                SchM_Enter_Mcl_MCL_EXCLUSIVE_AREA_43
                0x00007cc0                SchM_Exit_Mcl_MCL_EXCLUSIVE_AREA_43
                0x00007cf0                SchM_Enter_Mcl_MCL_EXCLUSIVE_AREA_44
                0x00007d24                SchM_Exit_Mcl_MCL_EXCLUSIVE_AREA_44
                0x00007d54                SchM_Enter_Mcl_MCL_EXCLUSIVE_AREA_45
                0x00007d88                SchM_Exit_Mcl_MCL_EXCLUSIVE_AREA_45
                0x00007db8                SchM_Enter_Mcl_MCL_EXCLUSIVE_AREA_46
                0x00007dec                SchM_Exit_Mcl_MCL_EXCLUSIVE_AREA_46
 .mcal_text     0x00007e1c      0x12c out/SchM_Mcu.o
                0x00007e1c                SchM_Enter_Mcu_MCU_EXCLUSIVE_AREA_00
                0x00007e50                SchM_Exit_Mcu_MCU_EXCLUSIVE_AREA_00
                0x00007e80                SchM_Enter_Mcu_MCU_EXCLUSIVE_AREA_01
                0x00007eb4                SchM_Exit_Mcu_MCU_EXCLUSIVE_AREA_01
                0x00007ee4                SchM_Enter_Mcu_MCU_EXCLUSIVE_AREA_02
                0x00007f18                SchM_Exit_Mcu_MCU_EXCLUSIVE_AREA_02
 .mcal_text     0x00007f48      0x514 out/SchM_Platform.o
                0x00007f48                SchM_Enter_Platform_PLATFORM_EXCLUSIVE_AREA_00
                0x00007f7c                SchM_Exit_Platform_PLATFORM_EXCLUSIVE_AREA_00
                0x00007fac                SchM_Enter_Platform_PLATFORM_EXCLUSIVE_AREA_01
                0x00007fe0                SchM_Exit_Platform_PLATFORM_EXCLUSIVE_AREA_01
                0x00008010                SchM_Enter_Platform_PLATFORM_EXCLUSIVE_AREA_02
                0x00008044                SchM_Exit_Platform_PLATFORM_EXCLUSIVE_AREA_02
                0x00008074                SchM_Enter_Platform_PLATFORM_EXCLUSIVE_AREA_03
                0x000080a8                SchM_Exit_Platform_PLATFORM_EXCLUSIVE_AREA_03
                0x000080d8                SchM_Enter_Platform_PLATFORM_EXCLUSIVE_AREA_04
                0x0000810c                SchM_Exit_Platform_PLATFORM_EXCLUSIVE_AREA_04
                0x0000813c                SchM_Enter_Platform_PLATFORM_EXCLUSIVE_AREA_05
                0x00008170                SchM_Exit_Platform_PLATFORM_EXCLUSIVE_AREA_05
                0x000081a0                SchM_Enter_Platform_PLATFORM_EXCLUSIVE_AREA_06
                0x000081d4                SchM_Exit_Platform_PLATFORM_EXCLUSIVE_AREA_06
                0x00008204                SchM_Enter_Platform_PLATFORM_EXCLUSIVE_AREA_07
                0x00008238                SchM_Exit_Platform_PLATFORM_EXCLUSIVE_AREA_07
                0x00008268                SchM_Enter_Platform_PLATFORM_EXCLUSIVE_AREA_08
                0x0000829c                SchM_Exit_Platform_PLATFORM_EXCLUSIVE_AREA_08
                0x000082cc                SchM_Enter_Platform_PLATFORM_EXCLUSIVE_AREA_09
                0x00008300                SchM_Exit_Platform_PLATFORM_EXCLUSIVE_AREA_09
                0x00008330                SchM_Enter_Platform_PLATFORM_EXCLUSIVE_AREA_10
                0x00008364                SchM_Exit_Platform_PLATFORM_EXCLUSIVE_AREA_10
                0x00008394                SchM_Enter_Platform_PLATFORM_EXCLUSIVE_AREA_11
                0x000083c8                SchM_Exit_Platform_PLATFORM_EXCLUSIVE_AREA_11
                0x000083f8                SchM_Enter_Platform_PLATFORM_EXCLUSIVE_AREA_12
                0x0000842c                SchM_Exit_Platform_PLATFORM_EXCLUSIVE_AREA_12
 .mcal_text     0x0000845c      0xaf0 out/SchM_Port.o
                0x0000845c                SchM_Enter_Port_PORT_EXCLUSIVE_AREA_00
                0x00008490                SchM_Exit_Port_PORT_EXCLUSIVE_AREA_00
                0x000084c0                SchM_Enter_Port_PORT_EXCLUSIVE_AREA_01
                0x000084f4                SchM_Exit_Port_PORT_EXCLUSIVE_AREA_01
                0x00008524                SchM_Enter_Port_PORT_EXCLUSIVE_AREA_02
                0x00008558                SchM_Exit_Port_PORT_EXCLUSIVE_AREA_02
                0x00008588                SchM_Enter_Port_PORT_EXCLUSIVE_AREA_03
                0x000085bc                SchM_Exit_Port_PORT_EXCLUSIVE_AREA_03
                0x000085ec                SchM_Enter_Port_PORT_EXCLUSIVE_AREA_04
                0x00008620                SchM_Exit_Port_PORT_EXCLUSIVE_AREA_04
                0x00008650                SchM_Enter_Port_PORT_EXCLUSIVE_AREA_05
                0x00008684                SchM_Exit_Port_PORT_EXCLUSIVE_AREA_05
                0x000086b4                SchM_Enter_Port_PORT_EXCLUSIVE_AREA_06
                0x000086e8                SchM_Exit_Port_PORT_EXCLUSIVE_AREA_06
                0x00008718                SchM_Enter_Port_PORT_EXCLUSIVE_AREA_07
                0x0000874c                SchM_Exit_Port_PORT_EXCLUSIVE_AREA_07
                0x0000877c                SchM_Enter_Port_PORT_EXCLUSIVE_AREA_08
                0x000087b0                SchM_Exit_Port_PORT_EXCLUSIVE_AREA_08
                0x000087e0                SchM_Enter_Port_PORT_EXCLUSIVE_AREA_09
                0x00008814                SchM_Exit_Port_PORT_EXCLUSIVE_AREA_09
                0x00008844                SchM_Enter_Port_PORT_EXCLUSIVE_AREA_10
                0x00008878                SchM_Exit_Port_PORT_EXCLUSIVE_AREA_10
                0x000088a8                SchM_Enter_Port_PORT_EXCLUSIVE_AREA_11
                0x000088dc                SchM_Exit_Port_PORT_EXCLUSIVE_AREA_11
                0x0000890c                SchM_Enter_Port_PORT_EXCLUSIVE_AREA_12
                0x00008940                SchM_Exit_Port_PORT_EXCLUSIVE_AREA_12
                0x00008970                SchM_Enter_Port_PORT_EXCLUSIVE_AREA_13
                0x000089a4                SchM_Exit_Port_PORT_EXCLUSIVE_AREA_13
                0x000089d4                SchM_Enter_Port_PORT_EXCLUSIVE_AREA_14
                0x00008a08                SchM_Exit_Port_PORT_EXCLUSIVE_AREA_14
                0x00008a38                SchM_Enter_Port_PORT_EXCLUSIVE_AREA_15
                0x00008a6c                SchM_Exit_Port_PORT_EXCLUSIVE_AREA_15
                0x00008a9c                SchM_Enter_Port_PORT_EXCLUSIVE_AREA_16
                0x00008ad0                SchM_Exit_Port_PORT_EXCLUSIVE_AREA_16
                0x00008b00                SchM_Enter_Port_PORT_EXCLUSIVE_AREA_17
                0x00008b34                SchM_Exit_Port_PORT_EXCLUSIVE_AREA_17
                0x00008b64                SchM_Enter_Port_PORT_EXCLUSIVE_AREA_18
                0x00008b98                SchM_Exit_Port_PORT_EXCLUSIVE_AREA_18
                0x00008bc8                SchM_Enter_Port_PORT_EXCLUSIVE_AREA_19
                0x00008bfc                SchM_Exit_Port_PORT_EXCLUSIVE_AREA_19
                0x00008c2c                SchM_Enter_Port_PORT_EXCLUSIVE_AREA_20
                0x00008c60                SchM_Exit_Port_PORT_EXCLUSIVE_AREA_20
                0x00008c90                SchM_Enter_Port_PORT_EXCLUSIVE_AREA_21
                0x00008cc4                SchM_Exit_Port_PORT_EXCLUSIVE_AREA_21
                0x00008cf4                SchM_Enter_Port_PORT_EXCLUSIVE_AREA_22
                0x00008d28                SchM_Exit_Port_PORT_EXCLUSIVE_AREA_22
                0x00008d58                SchM_Enter_Port_PORT_EXCLUSIVE_AREA_23
                0x00008d8c                SchM_Exit_Port_PORT_EXCLUSIVE_AREA_23
                0x00008dbc                SchM_Enter_Port_PORT_EXCLUSIVE_AREA_24
                0x00008df0                SchM_Exit_Port_PORT_EXCLUSIVE_AREA_24
                0x00008e20                SchM_Enter_Port_PORT_EXCLUSIVE_AREA_25
                0x00008e54                SchM_Exit_Port_PORT_EXCLUSIVE_AREA_25
                0x00008e84                SchM_Enter_Port_PORT_EXCLUSIVE_AREA_26
                0x00008eb8                SchM_Exit_Port_PORT_EXCLUSIVE_AREA_26
                0x00008ee8                SchM_Enter_Port_PORT_EXCLUSIVE_AREA_27
                0x00008f1c                SchM_Exit_Port_PORT_EXCLUSIVE_AREA_27
 .mcal_text     0x00008f4c       0x20 out/System_Ip.o
                0x00008f4c                System_Ip_ConfigIrq
                0x00008f6c                . = ALIGN (0x4)
                0x00008f6c                acfls_code_rom_start = .
                0x00008f6c                . = ALIGN (0x4)
 *(.acfls_code_rom)
                0x00008f6c                . = ALIGN (0x4)
 *(.acmem_43_INFLS_code_rom)
                0x00008f6c                . = ALIGN (0x4)
                0x00008f6c                acfls_code_rom_end = .
 *(.init)
                0x00008f6c                . = ALIGN (0x4)
 *(.fini)
                0x00008f6c                . = ALIGN (0x4)
 *(.rodata)
 .rodata        0x00008f6c        0xf out/I2s_Ipw.o
 .rodata        0x00008f7b        0x3 out/Power_Ip.o
 *(.rodata*)
                0x00008f80                . = ALIGN (0x4)
 *fill*         0x00008f7e        0x2 
 *(.mcal_const_cfg)
 .mcal_const_cfg
                0x00008f80        0xc out/CDD_I2s_VS_0_PBcfg.o
                0x00008f80                I2s_pxConfigVariantPredefined
                0x00008f84                I2s_xConfig
 .mcal_const_cfg
                0x00008f8c        0xc out/CDD_Mcl_VS_0_PBcfg.o
                0x00008f8c                Mcl_Config
 .mcal_const_cfg
                0x00008f98      0x7f0 out/Clock_Ip_VS_0_PBcfg.o
                0x00008f98                Mcu_aClockConfigPB_VS_0
 .mcal_const_cfg
                0x00009788       0x1c out/Flexio_I2s_Ip_VS_0_PBcfg.o
                0x00009788                Flexio_I2s_Ip_xInitConfig_0_VS_0
 .mcal_const_cfg
                0x000097a4        0x2 out/Flexio_Mcl_Ip_VS_0_PBcfg.o
                0x000097a4                Flexio_Ip_xFlexioInit_VS_0
 *fill*         0x000097a6        0x2 
 .mcal_const_cfg
                0x000097a8       0x20 out/I2s_Ipw_VS_0_PBcfg.o
                0x000097a8                I2s_Ipw_apxHwConfigArr_VS_0
 .mcal_const_cfg
                0x000097c8        0x8 out/IntCtrl_Ip_Cfg.o
                0x000097c8                intCtrlConfig
 .mcal_const_cfg
                0x000097d0       0x28 out/Mcu_Cfg.o
                0x000097d0                Mcu_DemConfig
 .mcal_const_cfg
                0x000097f8       0x24 out/Mcu_VS_0_PBcfg.o
                0x000097f8                Mcu_PreCompileConfig
 .mcal_const_cfg
                0x0000981c        0x8 out/Platform_Cfg.o
                0x0000981c                Platform_Config
 .mcal_const_cfg
                0x00009824       0x10 out/Platform_Ipw_Cfg.o
                0x00009824                ipwConfig
 .mcal_const_cfg
                0x00009834       0xa0 out/Port_Ci_Port_Ip_VS_0_PBcfg.o
                0x00009834                g_pin_mux_InitConfigArr_VS_0
 .mcal_const_cfg
                0x000098d4      0x131 out/Port_VS_0_PBcfg.o
                0x000098d4                Port_Config
 *fill*         0x00009a05        0x3 
 .mcal_const_cfg
                0x00009a08       0x64 out/Power_Ip_VS_0_PBcfg.o
                0x00009a08                Power_Ip_HwIPsConfigPB_VS_0
                0x00009a14                Power_Ip_aModeConfigPB_VS_0
 *fill*         0x00009a6c        0x4 
 .mcal_const_cfg
                0x00009a70       0x20 out/Ram_Ip_VS_0_PBcfg.o
                0x00009a70                Mcu_aRamConfigPB_VS_0
                0x00009a90                . = ALIGN (0x4)
 *(.mcal_const)
 .mcal_const    0x00009a90      0x59e out/Clock_Ip_Data.o
                0x00009a90                Clock_Ip_aeHwDfsName
                0x00009a94                Clock_Ip_aeHwPllName
                0x00009a98                Clock_Ip_aeSourceTypeClockName
                0x00009b54                Clock_Ip_apxScgPeriphAsyncDivs
                0x00009b64                Clock_Ip_au8DividerValueHardwareValue
                0x00009ba5                Clock_Ip_au8SelectorEntrySIMHardwareValue
                0x00009bd4                Clock_Ip_au8SelectorEntryPcsHardwareValue
                0x00009c03                Clock_Ip_au8SelectorEntryScsHardwareValue
                0x00009c32                Clock_Ip_au16SelectorEntryHardwareValue
                0x00009c89                Clock_Ip_au8ClockFeatures
                0x00009f98                Clock_Ip_au8CmuCallbackIndex
                0x00009fa7                Clock_Ip_au8PcfsCallbackIndex
                0x00009fb6                Clock_Ip_au8SelectorCallbackIndex
                0x00009fc5                Clock_Ip_au8PllCallbackIndex
                0x00009fd4                Clock_Ip_au8FractionalDividerCallbackIndex
                0x00009fe3                Clock_Ip_au8GateCallbackIndex
                0x00009ff2                Clock_Ip_au8IrcoscCallbackIndex
                0x0000a001                Clock_Ip_au8XoscCallbackIndex
                0x0000a010                Clock_Ip_au8DividerTriggerCallbackIndex
                0x0000a01f                Clock_Ip_au8DividerCallbackIndex
 *fill*         0x0000a02e        0x2 
 .mcal_const    0x0000a030       0x3c out/Clock_Ip_Divider.o
                0x0000a030                Clock_Ip_axDividerCallbacks
 .mcal_const    0x0000a06c        0x8 out/Clock_Ip_DividerTrigger.o
                0x0000a06c                Clock_Ip_axDividerTriggerCallbacks
 .mcal_const    0x0000a074       0x28 out/Clock_Ip_ExtOsc.o
                0x0000a074                Clock_Ip_axExtOscCallbacks
 .mcal_const    0x0000a09c        0xc out/Clock_Ip_FracDiv.o
                0x0000a09c                Clock_Ip_axFracDivCallbacks
 .mcal_const    0x0000a0a8      0x254 out/Clock_Ip_Frequency.o
 .mcal_const    0x0000a2fc       0x38 out/Clock_Ip_Gate.o
                0x0000a2fc                Clock_Ip_axGateCallbacks
 .mcal_const    0x0000a334       0x3c out/Clock_Ip_IntOsc.o
                0x0000a334                Clock_Ip_axIntOscCallbacks
 .mcal_const    0x0000a370       0x10 out/Clock_Ip_Monitor.o
                0x0000a370                Clock_Ip_axCmuCallbacks
 .mcal_const    0x0000a380       0x28 out/Clock_Ip_Pll.o
                0x0000a380                Clock_Ip_axPllCallbacks
 .mcal_const    0x0000a3a8        0x4 out/Clock_Ip_ProgFreqSwitch.o
                0x0000a3a8                Clock_Ip_axPcfsCallbacks
 .mcal_const    0x0000a3ac       0x58 out/Clock_Ip_Selector.o
                0x0000a3ac                Clock_Ip_axSelectorCallbacks
 .mcal_const    0x0000a404       0x1c out/Clock_Ip_Specific.o
 .mcal_const    0x0000a420        0x4 out/Flexio_Mcl_Ip.o
                0x0000a420                Flexio_Ip_paxBase
 .mcal_const    0x0000a424       0xa0 out/Port_Cfg.o
                0x0000a424                Port_au16PinDescription
 .mcal_const    0x0000a4c4       0x28 out/Port_Ci_Port_Ip.o
                0x0000a4c4                Port_au32PortCiGpioBaseAddr
                0x0000a4d8                Port_au32PortCiPortBaseAddr
 .mcal_const    0x0000a4ec       0x3c out/Power_Ip.o
                0x0000a528                . = ALIGN (0x4)
 *(.mcal_const_no_cacheable)
                0x0000a528                . = ALIGN (0x4)
                0x0000a528                __init_table = .
 *(.init_table)
 .init_table    0x0000a528       0x1c out/startup_cm4.o
                0x0000a544                . = ALIGN (0x4)
                0x0000a544                __zero_table = .
 *(.zero_table)
 .zero_table    0x0000a544        0xc out/startup_cm4.o
                0x0000a550                . = ALIGN (0x4)
 *(.acmcu_code_rom)
                0x0000a550                . = ALIGN (0x4)
                0x0000a550                _etext = .
                0x0000a550                __DATA_ROM = .

.glue_7         0x0000a550        0x0
 .glue_7        0x0000a550        0x0 linker stubs

.glue_7t        0x0000a550        0x0
 .glue_7t       0x0000a550        0x0 linker stubs

.vfp11_veneer   0x0000a550        0x0
 .vfp11_veneer  0x0000a550        0x0 linker stubs

.v4_bx          0x0000a550        0x0
 .v4_bx         0x0000a550        0x0 linker stubs

.iplt           0x0000a550        0x0
 .iplt          0x0000a550        0x0 out/Cache_Ip.o

.igot.plt       0x0000a550        0x0
 .igot.plt      0x0000a550        0x0 out/Cache_Ip.o

.rel.dyn        0x0000a550        0x0
 .rel.iplt      0x0000a550        0x0 out/Cache_Ip.o
                0x0000a550                . = ALIGN (0x4)
                [!provide]                PROVIDE (__exidx_start = .)

.ARM.exidx
 *(.ARM.exidx* .gnu.linkonce.armexidx.*)
                0x0000a550                . = ALIGN (0x4)
                [!provide]                PROVIDE (__exidx_end = .)

.ARM.extab      0x1fff8100        0x0
 *(.ARM.extab*)
                0x1fff8100                . = ALIGN (0x4)

.sram_interrupts
                0x1fff8100      0xa10
                0x1fff8800                . = ALIGN (0x800)
 *fill*         0x1fff8100      0x700 
                0x1fff8800                __interrupts_ram_start = .
                0x1fff8b10                . = (. + (__interrupts_rom_end - __interrupts_rom_start))
 *fill*         0x1fff8800      0x310 
                0x1fff8b10                . = ALIGN (0x4)
                0x1fff8b10                __interrupts_ram_end = .

.sram_data      0x1fff8b10       0x48 load address 0x0000a550
                0x1fff8b10                . = ALIGN (0x4)
                0x1fff8b10                __data_ram_start = .
 *(.ramcode)
                0x1fff8b10                . = ALIGN (0x4)
 *(.data)
 .data          0x1fff8b10        0x0 out/Cache_Ip.o
 .data          0x1fff8b10        0x0 out/Cache_Ip_HwAcc_Lmem.o
 .data          0x1fff8b10        0x0 out/CDD_I2s.o
 .data          0x1fff8b10        0x0 out/CDD_I2s_VS_0_PBcfg.o
 .data          0x1fff8b10        0x0 out/CDD_Mcl.o
 .data          0x1fff8b10        0x0 out/CDD_Mcl_Cfg.o
 .data          0x1fff8b10        0x0 out/CDD_Mcl_Ipw.o
 .data          0x1fff8b10        0x0 out/CDD_Mcl_VS_0_PBcfg.o
 .data          0x1fff8b10        0x4 out/Clock_Ip.o
 .data          0x1fff8b14        0x0 out/Clock_Ip_Cfg.o
 .data          0x1fff8b14        0x0 out/Clock_Ip_Data.o
 .data          0x1fff8b14        0x0 out/Clock_Ip_Divider.o
 .data          0x1fff8b14        0x0 out/Clock_Ip_DividerTrigger.o
 .data          0x1fff8b14        0x0 out/Clock_Ip_ExtOsc.o
 .data          0x1fff8b14        0x0 out/Clock_Ip_FracDiv.o
 .data          0x1fff8b14        0x0 out/Clock_Ip_Frequency.o
 .data          0x1fff8b14        0x0 out/Clock_Ip_Gate.o
 .data          0x1fff8b14        0x0 out/Clock_Ip_IntOsc.o
 .data          0x1fff8b14        0x0 out/Clock_Ip_Irq.o
 .data          0x1fff8b14        0x0 out/Clock_Ip_Monitor.o
 .data          0x1fff8b14        0x0 out/Clock_Ip_Pll.o
 .data          0x1fff8b14        0x0 out/Clock_Ip_ProgFreqSwitch.o
 .data          0x1fff8b14        0x0 out/Clock_Ip_Selector.o
 .data          0x1fff8b14        0x0 out/Clock_Ip_Specific.o
 .data          0x1fff8b14        0x0 out/Clock_Ip_VS_0_PBcfg.o
 .data          0x1fff8b14        0x0 out/Dem.o
 .data          0x1fff8b14        0x0 out/Dem_stub.o
 .data          0x1fff8b14        0x0 out/Det.o
 .data          0x1fff8b14        0x0 out/Det_stub.o
 .data          0x1fff8b14        0x0 out/Dma_Ip.o
 .data          0x1fff8b14        0x0 out/Dma_Ip_Cfg.o
 .data          0x1fff8b14        0x0 out/Dma_Ip_Driver_State.o
 .data          0x1fff8b14        0x0 out/Dma_Ip_Hw_Access.o
 .data          0x1fff8b14        0x0 out/Dma_Ip_Irq.o
 .data          0x1fff8b14        0x0 out/Dma_Ip_Multicore.o
 .data          0x1fff8b14        0x0 out/Dma_Ip_VS_0_PBcfg.o
 .data          0x1fff8b14        0x0 out/exceptions.o
 .data          0x1fff8b14        0x0 out/Flexio_I2s_Ip.o
 .data          0x1fff8b14        0x0 out/Flexio_I2s_Ip_VS_0_PBcfg.o
 .data          0x1fff8b14        0x0 out/Flexio_Mcl_Ip.o
 .data          0x1fff8b14        0x0 out/Flexio_Mcl_Ip_HwAccess.o
 .data          0x1fff8b14        0x0 out/Flexio_Mcl_Ip_Irq.o
 .data          0x1fff8b14        0x0 out/Flexio_Mcl_Ip_VS_0_PBcfg.o
 .data          0x1fff8b14        0x0 out/Ftm_Mcl_Ip.o
 .data          0x1fff8b14        0x0 out/I2s_Ipw.o
 .data          0x1fff8b14        0x0 out/I2s_Ipw_VS_0_PBcfg.o
 .data          0x1fff8b14        0x0 out/IntCtrl_Ip.o
 .data          0x1fff8b14        0x0 out/IntCtrl_Ip_Cfg.o
 .data          0x1fff8b14        0x0 out/main.o
 .data          0x1fff8b14        0x0 out/Mcu.o
 .data          0x1fff8b14        0x0 out/Mcu_Cfg.o
 .data          0x1fff8b14        0x0 out/Mcu_Dem_Wrapper.o
 .data          0x1fff8b14        0x0 out/Mcu_Ipw.o
 .data          0x1fff8b14        0x0 out/Mcu_Ipw_Irq.o
 .data          0x1fff8b14        0x0 out/Mcu_VS_0_PBcfg.o
 .data          0x1fff8b14        0x0 out/Mpu_Ip.o
 .data          0x1fff8b14        0x0 out/Mpu_Ip_Cfg.o
 .data          0x1fff8b14        0x0 out/nvic.o
 .data          0x1fff8b14        0x0 out/OsIf_Cfg.o
 .data          0x1fff8b14        0x0 out/OsIf_Interrupts.o
 .data          0x1fff8b14        0x0 out/OsIf_Timer.o
 .data          0x1fff8b14        0x0 out/OsIf_Timer_System.o
 .data          0x1fff8b14        0x0 out/OsIf_Timer_System_Internal_Systick.o
 .data          0x1fff8b14        0x0 out/Platform.o
 .data          0x1fff8b14        0x0 out/Platform_Cfg.o
 .data          0x1fff8b14        0x0 out/Platform_Ipw.o
 .data          0x1fff8b14        0x0 out/Platform_Ipw_Cfg.o
 .data          0x1fff8b14        0x0 out/Port.o
 .data          0x1fff8b14        0x0 out/Port_Cfg.o
 .data          0x1fff8b14        0x0 out/Port_Ci_Port_Ip.o
 .data          0x1fff8b14        0x0 out/Port_Ci_Port_Ip_VS_0_PBcfg.o
 .data          0x1fff8b14        0x0 out/Port_Ipw.o
 .data          0x1fff8b14        0x0 out/Port_VS_0_PBcfg.o
 .data          0x1fff8b14        0x0 out/Power_Ip.o
 .data          0x1fff8b14        0x0 out/Power_Ip_AEC.o
 .data          0x1fff8b14        0x0 out/Power_Ip_Cfg.o
 .data          0x1fff8b14        0x0 out/Power_Ip_CortexM4.o
 .data          0x1fff8b14        0x0 out/Power_Ip_PMC.o
 .data          0x1fff8b14        0x0 out/Power_Ip_PMC_Irq.o
 .data          0x1fff8b14        0x0 out/Power_Ip_Private.o
 .data          0x1fff8b14        0x0 out/Power_Ip_RCM.o
 .data          0x1fff8b14        0x0 out/Power_Ip_RCM_Irq.o
 .data          0x1fff8b14        0x0 out/Power_Ip_SIM.o
 .data          0x1fff8b14        0x0 out/Power_Ip_SMC.o
 .data          0x1fff8b14        0x0 out/Power_Ip_VS_0_PBcfg.o
 .data          0x1fff8b14        0x0 out/Ram_Ip.o
 .data          0x1fff8b14        0x0 out/Ram_Ip_Cfg.o
 .data          0x1fff8b14        0x0 out/Ram_Ip_VS_0_PBcfg.o
 .data          0x1fff8b14        0x0 out/Sai_Ip.o
 .data          0x1fff8b14        0x0 out/Sai_Ip_Isr.o
 .data          0x1fff8b14        0x0 out/Sai_Ip_VS_0_PBcfg.o
 .data          0x1fff8b14        0x0 out/SchM_I2s.o
 .data          0x1fff8b14        0x0 out/SchM_Mcl.o
 .data          0x1fff8b14        0x0 out/SchM_Mcu.o
 .data          0x1fff8b14        0x0 out/SchM_Platform.o
 .data          0x1fff8b14        0x0 out/SchM_Port.o
 .data          0x1fff8b14        0x0 out/startup.o
 .data          0x1fff8b14        0x0 out/startup_cm4.o
 .data          0x1fff8b14        0x0 out/sys_init.o
 .data          0x1fff8b14        0x0 out/system.o
 .data          0x1fff8b14        0x0 out/System_Ip.o
 .data          0x1fff8b14        0x0 out/Trgmux_Ip.o
 .data          0x1fff8b14        0x0 out/Trgmux_Ip_Cfg.o
 .data          0x1fff8b14        0x0 out/Trgmux_Ip_HwAcc.o
 .data          0x1fff8b14        0x0 out/Trgmux_Ip_VS_0_PBcfg.o
 .data          0x1fff8b14        0x0 out/Vector_Table.o
 .data          0x1fff8b14        0x0 c:/nxp/gcc-10.2-arm32-eabi/bin/../lib/gcc/arm-none-eabi/10.2.0/../../../../arm-none-eabi/lib/thumb/v7e-m+fp/hard\libg_nano.a(lib_a-memmove.o)
 .data          0x1fff8b14        0x0 c:/nxp/gcc-10.2-arm32-eabi/bin/../lib/gcc/arm-none-eabi/10.2.0/../../../../arm-none-eabi/lib/thumb/v7e-m+fp/hard\libg_nano.a(lib_a-memset.o)
 *(.data*)
                0x1fff8b14                . = ALIGN (0x4)
 *(.mcal_data)
 .mcal_data     0x1fff8b14        0x1 out/Clock_Ip.o
                0x1fff8b14                Clock_Ip_bSentFromUpdateDriverContext
 *fill*         0x1fff8b15        0x3 
 .mcal_data     0x1fff8b18       0x2c out/Clock_Ip_Frequency.o
 .mcal_data     0x1fff8b44        0x2 out/Clock_Ip_Specific.o
 *fill*         0x1fff8b46        0x2 
 .mcal_data     0x1fff8b48        0x4 out/Mcu.o
 .mcal_data     0x1fff8b4c        0x4 out/Power_Ip.o
                0x1fff8b4c                Power_Ip_pfReportErrorsCallback
                0x1fff8b50                . = ALIGN (0x4)
 *(.mcal_data_no_cacheable)
 .mcal_data_no_cacheable
                0x1fff8b50        0x8 out/main.o
                0x1fff8b50                RecvData
                0x1fff8b54                SendData
                0x1fff8b58                . = ALIGN (0x4)
                0x1fff8b58                __data_ram_end = .
                0x0000a598                __DATA_ROM_END = (__DATA_ROM + (__data_ram_end - __data_ram_start))

.sram_bss       0x1fff8b58      0x93c load address 0x0000a598
                0x1fff8b60                . = ALIGN (0x10)
 *fill*         0x1fff8b58        0x8 
                0x1fff8b60                __sram_bss_start = .
 *(.bss)
 .bss           0x1fff8b60        0x0 out/Cache_Ip.o
 .bss           0x1fff8b60        0x0 out/Cache_Ip_HwAcc_Lmem.o
 .bss           0x1fff8b60        0x0 out/CDD_I2s.o
 .bss           0x1fff8b60        0x0 out/CDD_I2s_VS_0_PBcfg.o
 .bss           0x1fff8b60        0x0 out/CDD_Mcl.o
 .bss           0x1fff8b60        0x0 out/CDD_Mcl_Cfg.o
 .bss           0x1fff8b60        0x0 out/CDD_Mcl_Ipw.o
 .bss           0x1fff8b60        0x0 out/CDD_Mcl_VS_0_PBcfg.o
 .bss           0x1fff8b60        0x0 out/Clock_Ip.o
 .bss           0x1fff8b60        0x0 out/Clock_Ip_Cfg.o
 .bss           0x1fff8b60        0x0 out/Clock_Ip_Data.o
 .bss           0x1fff8b60        0x0 out/Clock_Ip_Divider.o
 .bss           0x1fff8b60        0x0 out/Clock_Ip_DividerTrigger.o
 .bss           0x1fff8b60        0x0 out/Clock_Ip_ExtOsc.o
 .bss           0x1fff8b60        0x0 out/Clock_Ip_FracDiv.o
 .bss           0x1fff8b60        0x0 out/Clock_Ip_Frequency.o
 .bss           0x1fff8b60        0x0 out/Clock_Ip_Gate.o
 .bss           0x1fff8b60        0x0 out/Clock_Ip_IntOsc.o
 .bss           0x1fff8b60        0x0 out/Clock_Ip_Irq.o
 .bss           0x1fff8b60        0x0 out/Clock_Ip_Monitor.o
 .bss           0x1fff8b60        0x0 out/Clock_Ip_Pll.o
 .bss           0x1fff8b60        0x0 out/Clock_Ip_ProgFreqSwitch.o
 .bss           0x1fff8b60        0x0 out/Clock_Ip_Selector.o
 .bss           0x1fff8b60        0x0 out/Clock_Ip_Specific.o
 .bss           0x1fff8b60        0x0 out/Clock_Ip_VS_0_PBcfg.o
 .bss           0x1fff8b60        0x0 out/Dem.o
 .bss           0x1fff8b60        0x0 out/Dem_stub.o
 .bss           0x1fff8b60        0x0 out/Det.o
 .bss           0x1fff8b60        0x0 out/Det_stub.o
 .bss           0x1fff8b60        0x0 out/Dma_Ip.o
 .bss           0x1fff8b60        0x0 out/Dma_Ip_Cfg.o
 .bss           0x1fff8b60        0x0 out/Dma_Ip_Driver_State.o
 .bss           0x1fff8b60        0x0 out/Dma_Ip_Hw_Access.o
 .bss           0x1fff8b60        0x0 out/Dma_Ip_Irq.o
 .bss           0x1fff8b60        0x0 out/Dma_Ip_Multicore.o
 .bss           0x1fff8b60        0x0 out/Dma_Ip_VS_0_PBcfg.o
 .bss           0x1fff8b60        0x0 out/exceptions.o
 .bss           0x1fff8b60        0x0 out/Flexio_I2s_Ip.o
 .bss           0x1fff8b60        0x0 out/Flexio_I2s_Ip_VS_0_PBcfg.o
 .bss           0x1fff8b60        0x0 out/Flexio_Mcl_Ip.o
 .bss           0x1fff8b60        0x0 out/Flexio_Mcl_Ip_HwAccess.o
 .bss           0x1fff8b60        0x0 out/Flexio_Mcl_Ip_Irq.o
 .bss           0x1fff8b60        0x0 out/Flexio_Mcl_Ip_VS_0_PBcfg.o
 .bss           0x1fff8b60        0x0 out/Ftm_Mcl_Ip.o
 .bss           0x1fff8b60        0x0 out/I2s_Ipw.o
 .bss           0x1fff8b60        0x0 out/I2s_Ipw_VS_0_PBcfg.o
 .bss           0x1fff8b60        0x0 out/IntCtrl_Ip.o
 .bss           0x1fff8b60        0x0 out/IntCtrl_Ip_Cfg.o
 .bss           0x1fff8b60        0x2 out/main.o
                0x1fff8b60                MasterTransferCount
                0x1fff8b61                SlaveTransferCount
 .bss           0x1fff8b62        0x0 out/Mcu.o
 .bss           0x1fff8b62        0x0 out/Mcu_Cfg.o
 .bss           0x1fff8b62        0x0 out/Mcu_Dem_Wrapper.o
 .bss           0x1fff8b62        0x0 out/Mcu_Ipw.o
 .bss           0x1fff8b62        0x0 out/Mcu_Ipw_Irq.o
 .bss           0x1fff8b62        0x0 out/Mcu_VS_0_PBcfg.o
 .bss           0x1fff8b62        0x0 out/Mpu_Ip.o
 .bss           0x1fff8b62        0x0 out/Mpu_Ip_Cfg.o
 .bss           0x1fff8b62        0x0 out/nvic.o
 .bss           0x1fff8b62        0x0 out/OsIf_Cfg.o
 .bss           0x1fff8b62        0x0 out/OsIf_Interrupts.o
 .bss           0x1fff8b62        0x0 out/OsIf_Timer.o
 .bss           0x1fff8b62        0x0 out/OsIf_Timer_System.o
 .bss           0x1fff8b62        0x0 out/OsIf_Timer_System_Internal_Systick.o
 .bss           0x1fff8b62        0x0 out/Platform.o
 .bss           0x1fff8b62        0x0 out/Platform_Cfg.o
 .bss           0x1fff8b62        0x0 out/Platform_Ipw.o
 .bss           0x1fff8b62        0x0 out/Platform_Ipw_Cfg.o
 .bss           0x1fff8b62        0x0 out/Port.o
 .bss           0x1fff8b62        0x0 out/Port_Cfg.o
 .bss           0x1fff8b62        0x0 out/Port_Ci_Port_Ip.o
 .bss           0x1fff8b62        0x0 out/Port_Ci_Port_Ip_VS_0_PBcfg.o
 .bss           0x1fff8b62        0x0 out/Port_Ipw.o
 .bss           0x1fff8b62        0x0 out/Port_VS_0_PBcfg.o
 .bss           0x1fff8b62        0x0 out/Power_Ip.o
 .bss           0x1fff8b62        0x0 out/Power_Ip_AEC.o
 .bss           0x1fff8b62        0x0 out/Power_Ip_Cfg.o
 .bss           0x1fff8b62        0x0 out/Power_Ip_CortexM4.o
 .bss           0x1fff8b62        0x0 out/Power_Ip_PMC.o
 .bss           0x1fff8b62        0x0 out/Power_Ip_PMC_Irq.o
 .bss           0x1fff8b62        0x0 out/Power_Ip_Private.o
 .bss           0x1fff8b62        0x0 out/Power_Ip_RCM.o
 .bss           0x1fff8b62        0x0 out/Power_Ip_RCM_Irq.o
 .bss           0x1fff8b62        0x0 out/Power_Ip_SIM.o
 .bss           0x1fff8b62        0x0 out/Power_Ip_SMC.o
 .bss           0x1fff8b62        0x0 out/Power_Ip_VS_0_PBcfg.o
 .bss           0x1fff8b62        0x0 out/Ram_Ip.o
 .bss           0x1fff8b62        0x0 out/Ram_Ip_Cfg.o
 .bss           0x1fff8b62        0x0 out/Ram_Ip_VS_0_PBcfg.o
 .bss           0x1fff8b62        0x0 out/Sai_Ip.o
 .bss           0x1fff8b62        0x0 out/Sai_Ip_Isr.o
 .bss           0x1fff8b62        0x0 out/Sai_Ip_VS_0_PBcfg.o
 .bss           0x1fff8b62        0x0 out/SchM_I2s.o
 .bss           0x1fff8b62        0x0 out/SchM_Mcl.o
 .bss           0x1fff8b62        0x0 out/SchM_Mcu.o
 .bss           0x1fff8b62        0x0 out/SchM_Platform.o
 .bss           0x1fff8b62        0x0 out/SchM_Port.o
 .bss           0x1fff8b62        0x0 out/startup.o
 .bss           0x1fff8b62        0x0 out/startup_cm4.o
 .bss           0x1fff8b62        0x0 out/sys_init.o
 *fill*         0x1fff8b62        0x2 
 .bss           0x1fff8b64        0x4 out/system.o
                0x1fff8b64                RESET_CATCH_CORE
 .bss           0x1fff8b68        0x0 out/System_Ip.o
 .bss           0x1fff8b68        0x0 out/Trgmux_Ip.o
 .bss           0x1fff8b68        0x0 out/Trgmux_Ip_Cfg.o
 .bss           0x1fff8b68        0x0 out/Trgmux_Ip_HwAcc.o
 .bss           0x1fff8b68        0x0 out/Trgmux_Ip_VS_0_PBcfg.o
 .bss           0x1fff8b68        0x0 out/Vector_Table.o
 .bss           0x1fff8b68        0x0 c:/nxp/gcc-10.2-arm32-eabi/bin/../lib/gcc/arm-none-eabi/10.2.0/../../../../arm-none-eabi/lib/thumb/v7e-m+fp/hard\libg_nano.a(lib_a-memmove.o)
 .bss           0x1fff8b68        0x0 c:/nxp/gcc-10.2-arm32-eabi/bin/../lib/gcc/arm-none-eabi/10.2.0/../../../../arm-none-eabi/lib/thumb/v7e-m+fp/hard\libg_nano.a(lib_a-memset.o)
 *(.bss*)
                0x1fff8b70                . = ALIGN (0x10)
 *fill*         0x1fff8b68        0x8 
 *(.mcal_bss)
 .mcal_bss      0x1fff8b70       0x61 out/Clock_Ip.o
                0x1fff8b70                Clock_Ip_FreqIds
 *fill*         0x1fff8bd1        0x3 
 .mcal_bss      0x1fff8bd4      0x13c out/Clock_Ip_Specific.o
 .mcal_bss      0x1fff8d10       0x38 out/Flexio_I2s_Ip.o
                0x1fff8d10                Flexio_I2s_Ip_pxState
                0x1fff8d14                Flexio_I2s_Ip_MasterSlaveState
 .mcal_bss      0x1fff8d48       0x10 out/I2s_Ipw.o
 .mcal_bss      0x1fff8d58       0x14 out/Mcu.o
                0x1fff8d68                Mcu_pDemCfgPtr
 .mcal_bss      0x1fff8d6c       0x14 out/Port_Ipw.o
 .mcal_bss      0x1fff8d80        0x4 out/Power_Ip_PMC.o
 .mcal_bss      0x1fff8d84        0x4 out/Power_Ip_RCM.o
                0x1fff8d90                . = ALIGN (0x10)
 *fill*         0x1fff8d88        0x8 
                0x1fff8d90                __non_cacheable_bss_start = .
 *(.mcal_bss_no_cacheable)
 .mcal_bss_no_cacheable
                0x1fff8d90        0x5 out/CDD_Mcl.o
                0x1fff8d94                Mcl_au8FlexioLogicToHwInstance
 *fill*         0x1fff8d95        0x3 
 .mcal_bss_no_cacheable
                0x1fff8d98      0x1e6 out/Dem.o
                0x1fff8d98                Dem_EventStatus
                0x1fff8e17                Dem_OverflowEvent
                0x1fff8e18                Dem_au8ExtendedData
                0x1fff8e7c                Dem_numEventErrors
                0x1fff8e80                Dem_EventId
 .mcal_bss_no_cacheable
                0x1fff8f7e       0x10 out/Det.o
                0x1fff8f7e                Det_TransientModuleId
                0x1fff8f80                Det_ApiId
                0x1fff8f81                Det_TransientInstanceId
                0x1fff8f82                Det_ErrorId
                0x1fff8f83                Det_TransientApiId
                0x1fff8f84                Det_RuntimeModuleId
                0x1fff8f86                Det_TransientFaultId
                0x1fff8f87                Det_RuntimeInstanceId
                0x1fff8f88                Det_RuntimeApiId
                0x1fff8f8a                Det_ModuleId
                0x1fff8f8c                Det_RuntimeErrorId
                0x1fff8f8d                Det_InstanceId
 .mcal_bss_no_cacheable
                0x1fff8f8e        0x1 out/Flexio_Mcl_Ip.o
                0x1fff8f8e                Flexio_Ip_baIpIsInitialized
 *fill*         0x1fff8f8f        0x1 
 .mcal_bss_no_cacheable
                0x1fff8f90      0x190 out/main.o
                0x1fff8f90                RecvBuff1
                0x1fff9058                SendData1
 .mcal_bss_no_cacheable
                0x1fff9120        0x4 out/Port.o
 .mcal_bss_no_cacheable
                0x1fff9124       0x98 out/SchM_I2s.o
 .mcal_bss_no_cacheable
                0x1fff91bc      0x178 out/SchM_Mcl.o
 .mcal_bss_no_cacheable
                0x1fff9334       0x18 out/SchM_Mcu.o
 .mcal_bss_no_cacheable
                0x1fff934c       0x68 out/SchM_Platform.o
 .mcal_bss_no_cacheable
                0x1fff93b4       0xe0 out/SchM_Port.o
                0x1fff9494                . = ALIGN (0x4)
                0x1fff9494                __non_cacheable_bss_end = .
                0x1fff9494                __sram_bss_end = .

.acfls_code_ram
                0x1fff9494        0x0
                0x1fff9494                . = (. + (acfls_code_rom_end - acfls_code_rom_start))

.heap           0x1fff9494      0x200 load address 0x0000aed4
                0x1fff9494                . = ALIGN (0x4)
                0x1fff9494                _end = .
                0x1fff9494                end = .
                0x1fff9494                _heap_start = .
                0x1fff9694                . = (. + HEAP_SIZE)
 *fill*         0x1fff9494      0x200 
                0x1fff9694                _heap_end = .

int_results     0x1fff8000      0x100
                0x1fff8000                . = ALIGN (0x4)
 *(.int_results)
                0x1fff8100                . = (. + 0x100)
 *fill*         0x1fff8000      0x100 
                0x20006000                __Stack_end_c0 = ORIGIN (int_sram_stack_c0)
                0x20007000                __Stack_start_c0 = (ORIGIN (int_sram_stack_c0) + LENGTH (int_sram_stack_c0))
                0x1fff8000                __INT_SRAM_START = ORIGIN (int_sram_results)
                0x20007000                __INT_SRAM_END = ORIGIN (ram_rsvd2)
                0x1fff8b10                __RAM_INIT_START = __data_ram_start
                0x1fff8b58                __RAM_INIT_END = __data_ram_end
                0x0000a550                __ROM_INIT_START = __DATA_ROM
                0x0000a598                __ROM_INIT_END = __DATA_ROM_END
                0x1fff8b60                __BSS_SRAM_START = __sram_bss_start
                0x1fff9494                __BSS_SRAM_END = __sram_bss_end
                0x00000934                __BSS_SRAM_SIZE = (__sram_bss_end - __sram_bss_start)
                0x1fff8800                __RAM_INTERRUPT_START = __interrupts_ram_start
                0x00000000                __ROM_INTERRUPT_START = __interrupts_rom_start
                0x00000310                __ROM_INTERRUPT_END = __interrupts_rom_end
                0x0000a528                __INIT_TABLE = __init_table
                0x0000a544                __ZERO_TABLE = __zero_table
                0x00000001                __RAM_INIT = 0x1
                0x00008f6c                Fls_ACEraseRomStart = acfls_code_rom_start
                0x00008f6c                Fls_ACEraseRomEnd = acfls_code_rom_end
                0x00000000                Fls_ACEraseSize = (acfls_code_rom_end - acfls_code_rom_start)
                0x00008f6c                Fls_ACWriteRomStart = acfls_code_rom_start
                0x00008f6c                Fls_ACWriteRomEnd = acfls_code_rom_end
                0x00000000                Fls_ACWriteSize = (acfls_code_rom_end - acfls_code_rom_start)
                0x1fff9494                _ERASE_FUNC_ADDRESS_ = ADDR (.acfls_code_ram)
                0x1fff9494                _WRITE_FUNC_ADDRESS_ = ADDR (.acfls_code_ram)
                0x1fff8800                __ENTRY_VTABLE = __RAM_INTERRUPT_START
OUTPUT(out/main.elf elf32-littlearm)
LOAD linker stubs

.debug_info     0x00000000    0x2c95a
 .debug_info    0x00000000      0x5e1 out/Cache_Ip.o
 .debug_info    0x000005e1      0xec0 out/Cache_Ip_HwAcc_Lmem.o
 .debug_info    0x000014a1      0xb75 out/CDD_I2s.o
 .debug_info    0x00002016      0x5e0 out/CDD_I2s_VS_0_PBcfg.o
 .debug_info    0x000025f6      0x895 out/CDD_Mcl.o
 .debug_info    0x00002e8b       0x7d out/CDD_Mcl_Cfg.o
 .debug_info    0x00002f08       0x7d out/CDD_Mcl_Ipw.o
 .debug_info    0x00002f85      0x16a out/CDD_Mcl_VS_0_PBcfg.o
 .debug_info    0x000030ef     0x1feb out/Clock_Ip.o
 .debug_info    0x000050da       0x7d out/Clock_Ip_Cfg.o
 .debug_info    0x00005157      0x825 out/Clock_Ip_Data.o
 .debug_info    0x0000597c      0xe64 out/Clock_Ip_Divider.o
 .debug_info    0x000067e0      0x400 out/Clock_Ip_DividerTrigger.o
 .debug_info    0x00006be0      0xa98 out/Clock_Ip_ExtOsc.o
 .debug_info    0x00007678      0x499 out/Clock_Ip_FracDiv.o
 .debug_info    0x00007b11     0x1704 out/Clock_Ip_Frequency.o
 .debug_info    0x00009215      0xc83 out/Clock_Ip_Gate.o
 .debug_info    0x00009e98     0x110f out/Clock_Ip_IntOsc.o
 .debug_info    0x0000afa7       0x7d out/Clock_Ip_Irq.o
 .debug_info    0x0000b024      0x525 out/Clock_Ip_Monitor.o
 .debug_info    0x0000b549      0xb67 out/Clock_Ip_Pll.o
 .debug_info    0x0000c0b0      0x40f out/Clock_Ip_ProgFreqSwitch.o
 .debug_info    0x0000c4bf     0x11e7 out/Clock_Ip_Selector.o
 .debug_info    0x0000d6a6     0x1dac out/Clock_Ip_Specific.o
 .debug_info    0x0000f452      0xba7 out/Clock_Ip_VS_0_PBcfg.o
 .debug_info    0x0000fff9      0x325 out/Dem.o
 .debug_info    0x0001031e      0x5e5 out/Dem_stub.o
 .debug_info    0x00010903      0x420 out/Det.o
 .debug_info    0x00010d23      0x471 out/Det_stub.o
 .debug_info    0x00011194       0x7d out/Dma_Ip.o
 .debug_info    0x00011211       0x7d out/Dma_Ip_Cfg.o
 .debug_info    0x0001128e       0x7d out/Dma_Ip_Driver_State.o
 .debug_info    0x0001130b       0x7d out/Dma_Ip_Hw_Access.o
 .debug_info    0x00011388       0x7d out/Dma_Ip_Irq.o
 .debug_info    0x00011405       0x7d out/Dma_Ip_Multicore.o
 .debug_info    0x00011482       0x7d out/Dma_Ip_VS_0_PBcfg.o
 .debug_info    0x000114ff      0x139 out/exceptions.o
 .debug_info    0x00011638     0x378a out/Flexio_I2s_Ip.o
 .debug_info    0x00014dc2      0x3b1 out/Flexio_I2s_Ip_VS_0_PBcfg.o
 .debug_info    0x00015173      0x4fd out/Flexio_Mcl_Ip.o
 .debug_info    0x00015670      0x9e2 out/Flexio_Mcl_Ip_HwAccess.o
 .debug_info    0x00016052      0x544 out/Flexio_Mcl_Ip_Irq.o
 .debug_info    0x00016596      0x101 out/Flexio_Mcl_Ip_VS_0_PBcfg.o
 .debug_info    0x00016697       0x7d out/Ftm_Mcl_Ip.o
 .debug_info    0x00016714      0xcf3 out/I2s_Ipw.o
 .debug_info    0x00017407      0x591 out/I2s_Ipw_VS_0_PBcfg.o
 .debug_info    0x00017998      0xd99 out/IntCtrl_Ip.o
 .debug_info    0x00018731      0x3f6 out/IntCtrl_Ip_Cfg.o
 .debug_info    0x00018b27      0x938 out/main.o
 .debug_info    0x0001945f     0x1eaf out/Mcu.o
 .debug_info    0x0001b30e      0x1a6 out/Mcu_Cfg.o
 .debug_info    0x0001b4b4      0x1fe out/Mcu_Dem_Wrapper.o
 .debug_info    0x0001b6b2     0x14ce out/Mcu_Ipw.o
 .debug_info    0x0001cb80       0x7d out/Mcu_Ipw_Irq.o
 .debug_info    0x0001cbfd     0x1030 out/Mcu_VS_0_PBcfg.o
 .debug_info    0x0001dc2d       0x7d out/Mpu_Ip.o
 .debug_info    0x0001dcaa       0x7d out/Mpu_Ip_Cfg.o
 .debug_info    0x0001dd27      0x47c out/nvic.o
 .debug_info    0x0001e1a3       0x7d out/OsIf_Cfg.o
 .debug_info    0x0001e220       0x7d out/OsIf_Interrupts.o
 .debug_info    0x0001e29d      0x2ca out/OsIf_Timer.o
 .debug_info    0x0001e567       0x7d out/OsIf_Timer_System.o
 .debug_info    0x0001e5e4      0x196 out/OsIf_Timer_System_Internal_Systick.o
 .debug_info    0x0001e77a      0x9b7 out/Platform.o
 .debug_info    0x0001f131      0x558 out/Platform_Cfg.o
 .debug_info    0x0001f689      0x620 out/Platform_Ipw.o
 .debug_info    0x0001fca9      0x512 out/Platform_Ipw_Cfg.o
 .debug_info    0x000201bb      0x924 out/Port.o
 .debug_info    0x00020adf      0x100 out/Port_Cfg.o
 .debug_info    0x00020bdf      0xd0b out/Port_Ci_Port_Ip.o
 .debug_info    0x000218ea      0x421 out/Port_Ci_Port_Ip_VS_0_PBcfg.o
 .debug_info    0x00021d0b      0xe0a out/Port_Ipw.o
 .debug_info    0x00022b15      0x722 out/Port_VS_0_PBcfg.o
 .debug_info    0x00023237      0x8ec out/Power_Ip.o
 .debug_info    0x00023b23       0x7d out/Power_Ip_AEC.o
 .debug_info    0x00023ba0       0x7d out/Power_Ip_Cfg.o
 .debug_info    0x00023c1d      0x1e7 out/Power_Ip_CortexM4.o
 .debug_info    0x00023e04      0x301 out/Power_Ip_PMC.o
 .debug_info    0x00024105       0xb1 out/Power_Ip_PMC_Irq.o
 .debug_info    0x000241b6      0x32f out/Power_Ip_Private.o
 .debug_info    0x000244e5      0x329 out/Power_Ip_RCM.o
 .debug_info    0x0002480e       0x7d out/Power_Ip_RCM_Irq.o
 .debug_info    0x0002488b      0x2a6 out/Power_Ip_SIM.o
 .debug_info    0x00024b31      0x52b out/Power_Ip_SMC.o
 .debug_info    0x0002505c      0x2dc out/Power_Ip_VS_0_PBcfg.o
 .debug_info    0x00025338      0x267 out/Ram_Ip.o
 .debug_info    0x0002559f       0x7d out/Ram_Ip_Cfg.o
 .debug_info    0x0002561c      0x1d4 out/Ram_Ip_VS_0_PBcfg.o
 .debug_info    0x000257f0       0x7d out/Sai_Ip.o
 .debug_info    0x0002586d       0x7d out/Sai_Ip_Isr.o
 .debug_info    0x000258ea       0x7d out/Sai_Ip_VS_0_PBcfg.o
 .debug_info    0x00025967     0x106b out/SchM_I2s.o
 .debug_info    0x000269d2     0x26d7 out/SchM_Mcl.o
 .debug_info    0x000290a9      0x39b out/SchM_Mcu.o
 .debug_info    0x00029444      0xb9d out/SchM_Platform.o
 .debug_info    0x00029fe1     0x17a0 out/SchM_Port.o
 .debug_info    0x0002b781      0x25e out/startup.o
 .debug_info    0x0002b9df      0x584 out/sys_init.o
 .debug_info    0x0002bf63      0x46e out/system.o
 .debug_info    0x0002c3d1      0x395 out/System_Ip.o
 .debug_info    0x0002c766       0x7d out/Trgmux_Ip.o
 .debug_info    0x0002c7e3       0x7d out/Trgmux_Ip_Cfg.o
 .debug_info    0x0002c860       0x7d out/Trgmux_Ip_HwAcc.o
 .debug_info    0x0002c8dd       0x7d out/Trgmux_Ip_VS_0_PBcfg.o

.debug_abbrev   0x00000000     0x7b33
 .debug_abbrev  0x00000000       0xdc out/Cache_Ip.o
 .debug_abbrev  0x000000dc      0x1ef out/Cache_Ip_HwAcc_Lmem.o
 .debug_abbrev  0x000002cb      0x29a out/CDD_I2s.o
 .debug_abbrev  0x00000565       0xd3 out/CDD_I2s_VS_0_PBcfg.o
 .debug_abbrev  0x00000638      0x239 out/CDD_Mcl.o
 .debug_abbrev  0x00000871       0x29 out/CDD_Mcl_Cfg.o
 .debug_abbrev  0x0000089a       0x29 out/CDD_Mcl_Ipw.o
 .debug_abbrev  0x000008c3       0xb9 out/CDD_Mcl_VS_0_PBcfg.o
 .debug_abbrev  0x0000097c      0x393 out/Clock_Ip.o
 .debug_abbrev  0x00000d0f       0x29 out/Clock_Ip_Cfg.o
 .debug_abbrev  0x00000d38      0x12c out/Clock_Ip_Data.o
 .debug_abbrev  0x00000e64      0x23c out/Clock_Ip_Divider.o
 .debug_abbrev  0x000010a0      0x117 out/Clock_Ip_DividerTrigger.o
 .debug_abbrev  0x000011b7      0x2ed out/Clock_Ip_ExtOsc.o
 .debug_abbrev  0x000014a4      0x163 out/Clock_Ip_FracDiv.o
 .debug_abbrev  0x00001607      0x292 out/Clock_Ip_Frequency.o
 .debug_abbrev  0x00001899      0x2ba out/Clock_Ip_Gate.o
 .debug_abbrev  0x00001b53      0x31c out/Clock_Ip_IntOsc.o