Autosar/Mcal/Mcu/src/Clock_Ip.c:244:13:Clock_Ip_NotificatonsEmptyCallback	8	static
Autosar/Mcal/Mcu/src/Clock_Ip.c:259:13:Clock_Ip_UpdateDriverContext	24	static
Autosar/Mcal/Mcu/src/Clock_Ip.c:573:13:Clock_Ip_CallEmptyCallbacks	8	static
Autosar/Mcal/Mcu/src/Clock_Ip.c:606:13:Clock_Ip_ResetClockConfiguration	24	static
Autosar/Mcal/Mcu/src/Clock_Ip.c:671:21:Clock_Ip_Init	24	static
Autosar/Mcal/Mcu/src/Clock_Ip.c:736:6:Clock_Ip_InitClock	24	static
Autosar/Mcal/Mcu/src/Clock_Ip.c:931:24:Clock_Ip_GetPllStatus	32	static
Autosar/Mcal/Mcu/src/Clock_Ip.c:983:6:Clock_Ip_DistributePll	16	static
Autosar/Mcal/Mcu/src/Clock_Ip.c:1037:6:Clock_Ip_DisableClockMonitor	24	static
Autosar/Mcal/Mcu/src/Clock_Ip.c:1053:6:Clock_Ip_InstallNotificationsCallback	8	static
Autosar/Mcal/Mcu/src/Clock_Ip.c:1067:6:Clock_Ip_DisableModuleClock	24	static
Autosar/Mcal/Mcu/src/Clock_Ip.c:1083:6:Clock_Ip_EnableModuleClock	24	static
Autosar/Mcal/Mcu/src/Clock_Ip.c:1102:6:Clock_Ip_PowerModeChangeNotification	16	static
Autosar/Mcal/Mcu/src/Clock_Ip.c:1142:13:Clock_Ip_SetWaitStates	8	static
Autosar/Mcal/Mcu/src/Clock_Ip.c:1174:6:Clock_Ip_ReportClockErrors	16	static
Autosar/Mcal/Mcu/src/Clock_Ip.c:1185:6:Clock_Ip_StartTimeout	24	static
Autosar/Mcal/Mcu/src/Clock_Ip.c:1201:9:Clock_Ip_TimeoutExpired	32	static
